Component: ARM Compiler 5.06 update 4 (build 422) Tool: armlink [4d35d2]

==============================================================================

Section Cross References

    startup_stm32f407xx.o(RESET) refers to startup_stm32f407xx.o(STACK) for __initial_sp
    startup_stm32f407xx.o(RESET) refers to startup_stm32f407xx.o(.text) for Reset_Handler
    startup_stm32f407xx.o(RESET) refers to stm32f4xx_it.o(i.SysTick_Handler) for SysTick_Handler
    startup_stm32f407xx.o(.text) refers to system_stm32f4xx.o(i.SystemInit) for SystemInit
    startup_stm32f407xx.o(.text) refers to entry.o(.ARM.Collect$$$$00000000) for __main
    lis3dsh.o(i.LIS3DSH_Click_IntConfig) refers to stm32f4_discovery.o(i.ACCELERO_IO_ITConfig) for ACCELERO_IO_ITConfig
    lis3dsh.o(i.LIS3DSH_Click_IntConfig) refers to lis3dsh.o(i.LIS3DSH_InterruptConfig) for LIS3DSH_InterruptConfig
    lis3dsh.o(i.LIS3DSH_Click_IntConfig) refers to stm32f4_discovery.o(i.ACCELERO_IO_Write) for ACCELERO_IO_Write
    lis3dsh.o(i.LIS3DSH_DataRateCmd) refers to stm32f4_discovery.o(i.ACCELERO_IO_Read) for ACCELERO_IO_Read
    lis3dsh.o(i.LIS3DSH_DataRateCmd) refers to stm32f4_discovery.o(i.ACCELERO_IO_Write) for ACCELERO_IO_Write
    lis3dsh.o(i.LIS3DSH_FullScaleCmd) refers to stm32f4_discovery.o(i.ACCELERO_IO_Read) for ACCELERO_IO_Read
    lis3dsh.o(i.LIS3DSH_FullScaleCmd) refers to stm32f4_discovery.o(i.ACCELERO_IO_Write) for ACCELERO_IO_Write
    lis3dsh.o(i.LIS3DSH_Init) refers to stm32f4_discovery.o(i.ACCELERO_IO_Init) for ACCELERO_IO_Init
    lis3dsh.o(i.LIS3DSH_Init) refers to stm32f4_discovery.o(i.ACCELERO_IO_Write) for ACCELERO_IO_Write
    lis3dsh.o(i.LIS3DSH_InterruptConfig) refers to stm32f4_discovery.o(i.ACCELERO_IO_Write) for ACCELERO_IO_Write
    lis3dsh.o(i.LIS3DSH_ODR_LowpowerCmd) refers to stm32f4_discovery.o(i.ACCELERO_IO_Read) for ACCELERO_IO_Read
    lis3dsh.o(i.LIS3DSH_ODR_LowpowerCmd) refers to stm32f4_discovery.o(i.ACCELERO_IO_Write) for ACCELERO_IO_Write
    lis3dsh.o(i.LIS3DSH_ReadACC) refers to stm32f4_discovery.o(i.ACCELERO_IO_Read) for ACCELERO_IO_Read
    lis3dsh.o(i.LIS3DSH_ReadID) refers to stm32f4_discovery.o(i.ACCELERO_IO_Init) for ACCELERO_IO_Init
    lis3dsh.o(i.LIS3DSH_ReadID) refers to stm32f4_discovery.o(i.ACCELERO_IO_Read) for ACCELERO_IO_Read
    lis3dsh.o(i.LIS3DSH_RebootCmd) refers to stm32f4_discovery.o(i.ACCELERO_IO_Read) for ACCELERO_IO_Read
    lis3dsh.o(i.LIS3DSH_RebootCmd) refers to stm32f4_discovery.o(i.ACCELERO_IO_Write) for ACCELERO_IO_Write
    lis3dsh.o(.data) refers to lis3dsh.o(i.LIS3DSH_Init) for LIS3DSH_Init
    lis3dsh.o(.data) refers to lis3dsh.o(i.LIS3DSH_DeInit) for LIS3DSH_DeInit
    lis3dsh.o(.data) refers to lis3dsh.o(i.LIS3DSH_ReadID) for LIS3DSH_ReadID
    lis3dsh.o(.data) refers to lis3dsh.o(i.LIS3DSH_RebootCmd) for LIS3DSH_RebootCmd
    lis3dsh.o(.data) refers to lis3dsh.o(i.LIS3DSH_Click_IntConfig) for LIS3DSH_Click_IntConfig
    lis3dsh.o(.data) refers to lis3dsh.o(i.LIS3DSH_ReadACC) for LIS3DSH_ReadACC
    lis302dl.o(i.LIS302DL_Click_IntClear) refers to stm32f4_discovery.o(i.ACCELERO_IO_Read) for ACCELERO_IO_Read
    lis302dl.o(i.LIS302DL_Click_IntConfig) refers to stm32f4_discovery.o(i.ACCELERO_IO_ITConfig) for ACCELERO_IO_ITConfig
    lis302dl.o(i.LIS302DL_Click_IntConfig) refers to lis302dl.o(i.LIS302DL_InterruptConfig) for LIS302DL_InterruptConfig
    lis302dl.o(i.LIS302DL_Click_IntConfig) refers to stm32f4_discovery.o(i.ACCELERO_IO_Write) for ACCELERO_IO_Write
    lis302dl.o(i.LIS302DL_DataRateCmd) refers to stm32f4_discovery.o(i.ACCELERO_IO_Read) for ACCELERO_IO_Read
    lis302dl.o(i.LIS302DL_DataRateCmd) refers to stm32f4_discovery.o(i.ACCELERO_IO_Write) for ACCELERO_IO_Write
    lis302dl.o(i.LIS302DL_FilterConfig) refers to stm32f4_discovery.o(i.ACCELERO_IO_Read) for ACCELERO_IO_Read
    lis302dl.o(i.LIS302DL_FilterConfig) refers to stm32f4_discovery.o(i.ACCELERO_IO_Write) for ACCELERO_IO_Write
    lis302dl.o(i.LIS302DL_FullScaleCmd) refers to stm32f4_discovery.o(i.ACCELERO_IO_Read) for ACCELERO_IO_Read
    lis302dl.o(i.LIS302DL_FullScaleCmd) refers to stm32f4_discovery.o(i.ACCELERO_IO_Write) for ACCELERO_IO_Write
    lis302dl.o(i.LIS302DL_Init) refers to stm32f4_discovery.o(i.ACCELERO_IO_Init) for ACCELERO_IO_Init
    lis302dl.o(i.LIS302DL_Init) refers to stm32f4_discovery.o(i.ACCELERO_IO_Write) for ACCELERO_IO_Write
    lis302dl.o(i.LIS302DL_InterruptConfig) refers to stm32f4_discovery.o(i.ACCELERO_IO_Read) for ACCELERO_IO_Read
    lis302dl.o(i.LIS302DL_InterruptConfig) refers to stm32f4_discovery.o(i.ACCELERO_IO_Write) for ACCELERO_IO_Write
    lis302dl.o(i.LIS302DL_LowpowerCmd) refers to stm32f4_discovery.o(i.ACCELERO_IO_Read) for ACCELERO_IO_Read
    lis302dl.o(i.LIS302DL_LowpowerCmd) refers to stm32f4_discovery.o(i.ACCELERO_IO_Write) for ACCELERO_IO_Write
    lis302dl.o(i.LIS302DL_ReadACC) refers to stm32f4_discovery.o(i.ACCELERO_IO_Read) for ACCELERO_IO_Read
    lis302dl.o(i.LIS302DL_ReadID) refers to stm32f4_discovery.o(i.ACCELERO_IO_Init) for ACCELERO_IO_Init
[...]
    Removing arm_const_structs.o(.constdata), (16 bytes).
    Removing arm_const_structs.o(.constdata), (16 bytes).
    Removing arm_const_structs.o(.constdata), (16 bytes).
    Removing arm_const_structs.o(.constdata), (16 bytes).
    Removing arm_const_structs.o(.constdata), (16 bytes).
    Removing arm_const_structs.o(.constdata), (16 bytes).
    Removing arm_const_structs.o(.constdata), (16 bytes).
    Removing arm_const_structs.o(.constdata), (16 bytes).
    Removing arm_const_structs.o(.constdata), (16 bytes).
    Removing arm_const_structs.o(.constdata), (16 bytes).
    Removing arm_const_structs.o(.constdata), (16 bytes).
    Removing arm_const_structs.o(.constdata), (16 bytes).
    Removing arm_const_structs.o(.constdata), (16 bytes).
    Removing arm_const_structs.o(.constdata), (16 bytes).
    Removing arm_const_structs.o(.constdata), (16 bytes).
    Removing arm_const_structs.o(.constdata), (16 bytes).
    Removing arm_const_structs.o(.constdata), (16 bytes).
    Removing arm_const_structs.o(.constdata), (16 bytes).
    Removing arm_const_structs.o(.constdata), (16 bytes).
    Removing arm_const_structs.o(.constdata), (16 bytes).
    Removing arm_const_structs.o(.constdata), (16 bytes).
    Removing arm_const_structs.o(.constdata), (16 bytes).
    Removing arm_const_structs.o(.constdata), (16 bytes).
    Removing arm_const_structs.o(.constdata), (16 bytes).
    Removing arm_const_structs.o(.constdata), (16 bytes).
    Removing arm_const_structs.o(.constdata), (24 bytes).
    Removing arm_const_structs.o(.constdata), (24 bytes).
    Removing arm_const_structs.o(.constdata), (24 bytes).
    Removing arm_const_structs.o(.constdata), (24 bytes).
    Removing arm_const_structs.o(.constdata), (24 bytes).
    Removing arm_const_structs.o(.constdata), (24 bytes).
    Removing arm_const_structs.o(.constdata), (24 bytes).
    Removing arm_const_structs.o(.constdata), (24 bytes).
    Removing arm_const_structs.o(.constdata), (24 bytes).
    Removing arm_const_structs.o(.constdata), (24 bytes).
    Removing arm_const_structs.o(.constdata), (24 bytes).
    Removing arm_const_structs.o(.constdata), (24 bytes).
    Removing arm_const_structs.o(.constdata), (24 bytes).
    Removing arm_const_structs.o(.constdata), (24 bytes).
    Removing arm_const_structs.o(.constdata), (24 bytes).
    Removing arm_const_structs.o(.constdata), (24 bytes).
    Removing arm_const_structs.o(.constdata), (24 bytes).
    Removing arm_const_structs.o(.constdata), (24 bytes).
    Removing arm_const_structs.o(.constdata), (24 bytes).
    Removing arm_const_structs.o(.constdata), (24 bytes).
    Removing arm_const_structs.o(.constdata), (24 bytes).
    Removing arm_const_structs.o(.constdata), (24 bytes).
    Removing arm_const_structs.o(.constdata), (24 bytes).
    Removing arm_const_structs.o(.constdata), (24 bytes).
    Removing arm_const_structs.o(.constdata), (24 bytes).
    Removing arm_const_structs.o(.constdata), (24 bytes).
    Removing arm_rfft_init_q15.o(.rev16_text), (4 bytes).
    Removing arm_rfft_init_q15.o(.revsh_text), (4 bytes).
    Removing arm_rfft_init_q15.o(.rrx_text), (6 bytes).
    Removing arm_rfft_init_q15.o(.text), (204 bytes).
    Removing arm_rfft_init_q15.o(.constdata), (32768 bytes).
    Removing arm_rfft_init_q31.o(.rev16_text), (4 bytes).
    Removing arm_rfft_init_q31.o(.revsh_text), (4 bytes).
    Removing arm_rfft_init_q31.o(.rrx_text), (6 bytes).
    Removing arm_rfft_init_q31.o(.text), (204 bytes).
    Removing arm_rfft_init_q31.o(.constdata), (65536 bytes).
    Removing arm_cfft_radix8_f32.o(.rev16_text), (4 bytes).
    Removing arm_cfft_radix8_f32.o(.revsh_text), (4 bytes).
    Removing arm_cfft_radix8_f32.o(.rrx_text), (6 bytes).
    Removing arm_common_tables.o(.rev16_text), (4 bytes).
    Removing arm_common_tables.o(.revsh_text), (4 bytes).
    Removing arm_common_tables.o(.rrx_text), (6 bytes).
    Removing arm_common_tables.o(.constdata), (2048 bytes).
    Removing arm_common_tables.o(.constdata), (128 bytes).
    Removing arm_common_tables.o(.constdata), (256 bytes).
    Removing arm_common_tables.o(.constdata), (512 bytes).
    Removing arm_common_tables.o(.constdata), (1024 bytes).
    Removing arm_common_tables.o(.constdata), (2048 bytes).
    Removing arm_common_tables.o(.constdata), (4096 bytes).
    Removing arm_common_tables.o(.constdata), (16384 bytes).
    Removing arm_common_tables.o(.constdata), (32768 bytes).
    Removing arm_common_tables.o(.constdata), (96 bytes).
    Removing arm_common_tables.o(.constdata), (192 bytes).
    Removing arm_common_tables.o(.constdata), (384 bytes).
    Removing arm_common_tables.o(.constdata), (768 bytes).
    Removing arm_common_tables.o(.constdata), (1536 bytes).
    Removing arm_common_tables.o(.constdata), (3072 bytes).
    Removing arm_common_tables.o(.constdata), (6144 bytes).
    Removing arm_common_tables.o(.constdata), (12288 bytes).
    Removing arm_common_tables.o(.constdata), (24576 bytes).
    Removing arm_common_tables.o(.constdata), (48 bytes).
    Removing arm_common_tables.o(.constdata), (96 bytes).
    Removing arm_common_tables.o(.constdata), (192 bytes).
    Removing arm_common_tables.o(.constdata), (384 bytes).
    Removing arm_common_tables.o(.constdata), (768 bytes).
    Removing arm_common_tables.o(.constdata), (1536 bytes).
    Removing arm_common_tables.o(.constdata), (3072 bytes).
    Removing arm_common_tables.o(.constdata), (6144 bytes).
    Removing arm_common_tables.o(.constdata), (12288 bytes).
    Removing arm_common_tables.o(.constdata), (128 bytes).
    Removing arm_common_tables.o(.constdata), (256 bytes).
    Removing arm_common_tables.o(.constdata), (40 bytes).
    Removing arm_common_tables.o(.constdata), (96 bytes).
    Removing arm_common_tables.o(.constdata), (112 bytes).
    Removing arm_common_tables.o(.constdata), (416 bytes).
    Removing arm_common_tables.o(.constdata), (880 bytes).
    Removing arm_common_tables.o(.constdata), (896 bytes).
    Removing arm_common_tables.o(.constdata), (7616 bytes).
    Removing arm_common_tables.o(.constdata), (8064 bytes).
    Removing arm_common_tables.o(.constdata), (24 bytes).
    Removing arm_common_tables.o(.constdata), (48 bytes).
    Removing arm_common_tables.o(.constdata), (112 bytes).
    Removing arm_common_tables.o(.constdata), (224 bytes).
    Removing arm_common_tables.o(.constdata), (480 bytes).
    Removing arm_common_tables.o(.constdata), (960 bytes).
    Removing arm_common_tables.o(.constdata), (1984 bytes).
    Removing arm_common_tables.o(.constdata), (3968 bytes).
    Removing arm_common_tables.o(.constdata), (8064 bytes).
    Removing arm_common_tables.o(.constdata), (128 bytes).
    Removing arm_common_tables.o(.constdata), (256 bytes).
    Removing arm_common_tables.o(.constdata), (512 bytes).
    Removing arm_common_tables.o(.constdata), (1024 bytes).
    Removing arm_common_tables.o(.constdata), (2048 bytes).
    Removing arm_common_tables.o(.constdata), (4096 bytes).
    Removing arm_common_tables.o(.constdata), (8192 bytes).
    Removing arm_common_tables.o(.constdata), (16384 bytes).
    Removing arm_common_tables.o(.constdata), (2052 bytes).
    Removing arm_common_tables.o(.constdata), (2052 bytes).
    Removing arm_common_tables.o(.constdata), (1026 bytes).
    Removing dneg.o(.text), (6 bytes).
    Removing cdcmple.o(.text), (48 bytes).

632 unused section(s) (total 341426 bytes) removed from the image.

==============================================================================

Image Symbol Table

    Local Symbols

    Symbol Name                              Value     Ov Type        Size  Object(Section)

    ../Drivers/STM32F4xx_HAL_Driver/Src/stm32f4xx_hal.c 0x00000000   Number         0  stm32f4xx_hal.o ABSOLUTE
    ../Drivers/STM32F4xx_HAL_Driver/Src/stm32f4xx_hal_cortex.c 0x00000000   Number         0  stm32f4xx_hal_cortex.o ABSOLUTE
    ../Drivers/STM32F4xx_HAL_Driver/Src/stm32f4xx_hal_dma.c 0x00000000   Number         0  stm32f4xx_hal_dma.o ABSOLUTE
    ../Drivers/STM32F4xx_HAL_Driver/Src/stm32f4xx_hal_dma_ex.c 0x00000000   Number         0  stm32f4xx_hal_dma_ex.o ABSOLUTE
    ../Drivers/STM32F4xx_HAL_Driver/Src/stm32f4xx_hal_flash.c 0x00000000   Number         0  stm32f4xx_hal_flash.o ABSOLUTE
    ../Drivers/STM32F4xx_HAL_Driver/Src/stm32f4xx_hal_flash_ex.c 0x00000000   Number         0  stm32f4xx_hal_flash_ex.o ABSOLUTE
    ../Drivers/STM32F4xx_HAL_Driver/Src/stm32f4xx_hal_flash_ramfunc.c 0x00000000   Number         0  stm32f4xx_hal_flash_ramfunc.o ABSOLUTE
    ../Drivers/STM32F4xx_HAL_Driver/Src/stm32f4xx_hal_gpio.c 0x00000000   Number         0  stm32f4xx_hal_gpio.o ABSOLUTE
    ../Drivers/STM32F4xx_HAL_Driver/Src/stm32f4xx_hal_i2c.c 0x00000000   Number         0  stm32f4xx_hal_i2c.o ABSOLUTE
    ../Drivers/STM32F4xx_HAL_Driver/Src/stm32f4xx_hal_i2c_ex.c 0x00000000   Number         0  stm32f4xx_hal_i2c_ex.o ABSOLUTE
    ../Drivers/STM32F4xx_HAL_Driver/Src/stm32f4xx_hal_i2s.c 0x00000000   Number         0  stm32f4xx_hal_i2s.o ABSOLUTE
    ../Drivers/STM32F4xx_HAL_Driver/Src/stm32f4xx_hal_i2s_ex.c 0x00000000   Number         0  stm32f4xx_hal_i2s_ex.o ABSOLUTE
    ../Drivers/STM32F4xx_HAL_Driver/Src/stm32f4xx_hal_pwr.c 0x00000000   Number         0  stm32f4xx_hal_pwr.o ABSOLUTE
    ../Drivers/STM32F4xx_HAL_Driver/Src/stm32f4xx_hal_pwr_ex.c 0x00000000   Number         0  stm32f4xx_hal_pwr_ex.o ABSOLUTE
    ../Drivers/STM32F4xx_HAL_Driver/Src/stm32f4xx_hal_rcc.c 0x00000000   Number         0  stm32f4xx_hal_rcc.o ABSOLUTE
    ../Drivers/STM32F4xx_HAL_Driver/Src/stm32f4xx_hal_rcc_ex.c 0x00000000   Number         0  stm32f4xx_hal_rcc_ex.o ABSOLUTE
    ../Drivers/STM32F4xx_HAL_Driver/Src/stm32f4xx_hal_rng.c 0x00000000   Number         0  stm32f4xx_hal_rng.o ABSOLUTE
    ../Drivers/STM32F4xx_HAL_Driver/Src/stm32f4xx_hal_tim.c 0x00000000   Number         0  stm32f4xx_hal_tim.o ABSOLUTE
    ../Drivers/STM32F4xx_HAL_Driver/Src/stm32f4xx_hal_tim_ex.c 0x00000000   Number         0  stm32f4xx_hal_tim_ex.o ABSOLUTE
    ../Drivers/STM32F4xx_HAL_Driver/Src/stm32f4xx_hal_uart.c 0x00000000   Number         0  stm32f4xx_hal_uart.o ABSOLUTE
    ../Src/main.c                            0x00000000   Number         0  main.o ABSOLUTE
    ../Src/stm32f4xx_hal_msp.c               0x00000000   Number         0  stm32f4xx_hal_msp.o ABSOLUTE
    ../Src/stm32f4xx_it.c                    0x00000000   Number         0  stm32f4xx_it.o ABSOLUTE
    ../Src/system_stm32f4xx.c                0x00000000   Number         0  system_stm32f4xx.o ABSOLUTE
    ../clib/../cmprslib/zerorunl2.c          0x00000000   Number         0  __dczerorl2.o ABSOLUTE
    ../clib/microlib/errno.c                 0x00000000   Number         0  errno.o ABSOLUTE
    ../clib/microlib/init/entry.s            0x00000000   Number         0  entry.o ABSOLUTE
    ../clib/microlib/init/entry.s            0x00000000   Number         0  entry9a.o ABSOLUTE
    ../clib/microlib/init/entry.s            0x00000000   Number         0  entry11a.o ABSOLUTE
    ../clib/microlib/init/entry.s            0x00000000   Number         0  entry11b.o ABSOLUTE
    ../clib/microlib/init/entry.s            0x00000000   Number         0  entry10b.o ABSOLUTE
    ../clib/microlib/init/entry.s            0x00000000   Number         0  entry8b.o ABSOLUTE
    ../clib/microlib/init/entry.s            0x00000000   Number         0  entry8a.o ABSOLUTE
    ../clib/microlib/init/entry.s            0x00000000   Number         0  entry5.o ABSOLUTE
    ../clib/microlib/init/entry.s            0x00000000   Number         0  entry7b.o ABSOLUTE
    ../clib/microlib/init/entry.s            0x00000000   Number         0  entry7a.o ABSOLUTE
    ../clib/microlib/init/entry.s            0x00000000   Number         0  entry2.o ABSOLUTE
    ../clib/microlib/init/entry.s            0x00000000   Number         0  entry10a.o ABSOLUTE
    ../clib/microlib/init/entry.s            0x00000000   Number         0  entry9b.o ABSOLUTE
    ../clib/microlib/longlong.c              0x00000000   Number         0  llshl.o ABSOLUTE
    ../clib/microlib/longlong.c              0x00000000   Number         0  llushr.o ABSOLUTE
    ../clib/microlib/longlong.c              0x00000000   Number         0  llsshr.o ABSOLUTE
    ../clib/microlib/stubs.s                 0x00000000   Number         0  iusefp.o ABSOLUTE
    ../fplib/microlib/d2f.c                  0x00000000   Number         0  d2f.o ABSOLUTE
    ../fplib/microlib/f2d.c                  0x00000000   Number         0  f2d.o ABSOLUTE
    ../fplib/microlib/fpadd.c                0x00000000   Number         0  fadd.o ABSOLUTE
    ../fplib/microlib/fpadd.c                0x00000000   Number         0  dadd.o ABSOLUTE
    ../fplib/microlib/fpdiv.c                0x00000000   Number         0  fdiv.o ABSOLUTE
    ../fplib/microlib/fpdiv.c                0x00000000   Number         0  ddiv.o ABSOLUTE
    ../fplib/microlib/fpepilogue.c           0x00000000   Number         0  depilogue.o ABSOLUTE
    ../fplib/microlib/fpepilogue.c           0x00000000   Number         0  fepilogue.o ABSOLUTE
    ../fplib/microlib/fpfix.c                0x00000000   Number         0  dfixui.o ABSOLUTE
    ../fplib/microlib/fpfix.c                0x00000000   Number         0  dfixi.o ABSOLUTE
    ../fplib/microlib/fpflt.c                0x00000000   Number         0  ffltui.o ABSOLUTE
    ../fplib/microlib/fpflt.c                0x00000000   Number         0  dfltui.o ABSOLUTE
    ../fplib/microlib/fpflt.c                0x00000000   Number         0  dflti.o ABSOLUTE
    ../fplib/microlib/fpmul.c                0x00000000   Number         0  dmul.o ABSOLUTE
    ../fplib/microlib/fpmul.c                0x00000000   Number         0  fmul.o ABSOLUTE
    ../fplib/microlib/fpneg.c                0x00000000   Number         0  dneg.o ABSOLUTE
    ../fplib/microlib/fpscalb.c              0x00000000   Number         0  dscalb.o ABSOLUTE
    ../fplib/microlib/fpscalb.c              0x00000000   Number         0  fscalb.o ABSOLUTE
    ../fplib/microlib/fpsqrt.c               0x00000000   Number         0  dsqrt.o ABSOLUTE
    ../mathlib/cos.c                         0x00000000   Number         0  cos.o ABSOLUTE
    ../mathlib/cos.c                         0x00000000   Number         0  cos_x.o ABSOLUTE
    ../mathlib/cos_i.c                       0x00000000   Number         0  cos_i.o ABSOLUTE
    ../mathlib/dunder.c                      0x00000000   Number         0  dunder.o ABSOLUTE
    ../mathlib/fabs.c                        0x00000000   Number         0  fabs.o ABSOLUTE
    ../mathlib/fpclassify.c                  0x00000000   Number         0  fpclassify.o ABSOLUTE
    ../mathlib/poly.c                        0x00000000   Number         0  poly.o ABSOLUTE
    ../mathlib/rred.c                        0x00000000   Number         0  rred.o ABSOLUTE
    ../mathlib/sin_i.c                       0x00000000   Number         0  sin_i.o ABSOLUTE
    ../mathlib/sin_i.c                       0x00000000   Number         0  sin_i_x.o ABSOLUTE
    ../mathlib/sqrt.c                        0x00000000   Number         0  sqrt_x.o ABSOLUTE
    ../mathlib/sqrt.c                        0x00000000   Number         0  sqrt.o ABSOLUTE
    ../mathlib/sqrtf.c                       0x00000000   Number         0  sqrtf_x.o ABSOLUTE
    ../mathlib/sqrtf.c                       0x00000000   Number         0  sqrtf.o ABSOLUTE
    ..\..\Source\CommonTables\arm_common_tables.c 0x00000000   Number         0  arm_common_tables.o ABSOLUTE
    ..\..\Source\CommonTables\arm_const_structs.c 0x00000000   Number         0  arm_const_structs.o ABSOLUTE
    ..\..\Source\ComplexMathFunctions\arm_cmplx_mag_f32.c 0x00000000   Number         0  arm_cmplx_mag_f32.o ABSOLUTE
    ..\..\Source\StatisticsFunctions\arm_max_f32.c 0x00000000   Number         0  arm_max_f32.o ABSOLUTE
    ..\..\Source\TransformFunctions\arm_cfft_f32.c 0x00000000   Number         0  arm_cfft_f32.o ABSOLUTE
    ..\..\Source\TransformFunctions\arm_cfft_radix8_f32.c 0x00000000   Number         0  arm_cfft_radix8_f32.o ABSOLUTE
    ..\..\Source\TransformFunctions\arm_rfft_init_q15.c 0x00000000   Number         0  arm_rfft_init_q15.o ABSOLUTE
    ..\..\Source\TransformFunctions\arm_rfft_init_q31.c 0x00000000   Number         0  arm_rfft_init_q31.o ABSOLUTE
    ..\Drivers\BSP\Components\cs43l22\cs43l22.c 0x00000000   Number         0  cs43l22.o ABSOLUTE
    ..\Drivers\BSP\Components\lis302dl\lis302dl.c 0x00000000   Number         0  lis302dl.o ABSOLUTE
    ..\Drivers\BSP\Components\lis3dsh\lis3dsh.c 0x00000000   Number         0  lis3dsh.o ABSOLUTE
    ..\Drivers\BSP\STM32F4-Discovery\stm32f4_discovery.c 0x00000000   Number         0  stm32f4_discovery.o ABSOLUTE
    ..\Drivers\BSP\STM32F4-Discovery\stm32f4_discovery_accelerometer.c 0x00000000   Number         0  stm32f4_discovery_accelerometer.o ABSOLUTE
    ..\Drivers\BSP\STM32F4-Discovery\stm32f4_discovery_audio.c 0x00000000   Number         0  stm32f4_discovery_audio.o ABSOLUTE
    ..\Drivers\STM32F4xx_HAL_Driver\Src\stm32f4xx_hal.c 0x00000000   Number         0  stm32f4xx_hal.o ABSOLUTE
    ..\Drivers\STM32F4xx_HAL_Driver\Src\stm32f4xx_hal_cortex.c 0x00000000   Number         0  stm32f4xx_hal_cortex.o ABSOLUTE
    ..\Drivers\STM32F4xx_HAL_Driver\Src\stm32f4xx_hal_dma.c 0x00000000   Number         0  stm32f4xx_hal_dma.o ABSOLUTE
    ..\Drivers\STM32F4xx_HAL_Driver\Src\stm32f4xx_hal_dma_ex.c 0x00000000   Number         0  stm32f4xx_hal_dma_ex.o ABSOLUTE
    ..\Drivers\STM32F4xx_HAL_Driver\Src\stm32f4xx_hal_flash.c 0x00000000   Number         0  stm32f4xx_hal_flash.o ABSOLUTE
    ..\Drivers\STM32F4xx_HAL_Driver\Src\stm32f4xx_hal_flash_ex.c 0x00000000   Number         0  stm32f4xx_hal_flash_ex.o ABSOLUTE
    ..\Drivers\STM32F4xx_HAL_Driver\Src\stm32f4xx_hal_flash_ramfunc.c 0x00000000   Number         0  stm32f4xx_hal_flash_ramfunc.o ABSOLUTE
    ..\Drivers\STM32F4xx_HAL_Driver\Src\stm32f4xx_hal_gpio.c 0x00000000   Number         0  stm32f4xx_hal_gpio.o ABSOLUTE
    ..\Drivers\STM32F4xx_HAL_Driver\Src\stm32f4xx_hal_i2c.c 0x00000000   Number         0  stm32f4xx_hal_i2c.o ABSOLUTE
    ..\Drivers\STM32F4xx_HAL_Driver\Src\stm32f4xx_hal_i2c_ex.c 0x00000000   Number         0  stm32f4xx_hal_i2c_ex.o ABSOLUTE
    ..\Drivers\STM32F4xx_HAL_Driver\Src\stm32f4xx_hal_i2s.c 0x00000000   Number         0  stm32f4xx_hal_i2s.o ABSOLUTE
    ..\Drivers\STM32F4xx_HAL_Driver\Src\stm32f4xx_hal_i2s_ex.c 0x00000000   Number         0  stm32f4xx_hal_i2s_ex.o ABSOLUTE
    ..\Drivers\STM32F4xx_HAL_Driver\Src\stm32f4xx_hal_pwr.c 0x00000000   Number         0  stm32f4xx_hal_pwr.o ABSOLUTE
    ..\Drivers\STM32F4xx_HAL_Driver\Src\stm32f4xx_hal_pwr_ex.c 0x00000000   Number         0  stm32f4xx_hal_pwr_ex.o ABSOLUTE
    ..\Drivers\STM32F4xx_HAL_Driver\Src\stm32f4xx_hal_rcc.c 0x00000000   Number         0  stm32f4xx_hal_rcc.o ABSOLUTE
    ..\Drivers\STM32F4xx_HAL_Driver\Src\stm32f4xx_hal_rcc_ex.c 0x00000000   Number         0  stm32f4xx_hal_rcc_ex.o ABSOLUTE
    ..\Drivers\STM32F4xx_HAL_Driver\Src\stm32f4xx_hal_rng.c 0x00000000   Number         0  stm32f4xx_hal_rng.o ABSOLUTE
    ..\Drivers\STM32F4xx_HAL_Driver\Src\stm32f4xx_hal_spi.c 0x00000000   Number         0  stm32f4xx_hal_spi.o ABSOLUTE
    ..\Drivers\STM32F4xx_HAL_Driver\Src\stm32f4xx_hal_tim.c 0x00000000   Number         0  stm32f4xx_hal_tim.o ABSOLUTE
    ..\Drivers\STM32F4xx_HAL_Driver\Src\stm32f4xx_hal_tim_ex.c 0x00000000   Number         0  stm32f4xx_hal_tim_ex.o ABSOLUTE
    ..\Drivers\STM32F4xx_HAL_Driver\Src\stm32f4xx_hal_uart.c 0x00000000   Number         0  stm32f4xx_hal_uart.o ABSOLUTE
    ..\Src\main.c                            0x00000000   Number         0  main.o ABSOLUTE
    ..\Src\stm32f4xx_hal_msp.c               0x00000000   Number         0  stm32f4xx_hal_msp.o ABSOLUTE
    ..\Src\stm32f4xx_it.c                    0x00000000   Number         0  stm32f4xx_it.o ABSOLUTE
    ..\Src\system_stm32f4xx.c                0x00000000   Number         0  system_stm32f4xx.o ABSOLUTE
    ..\\..\\Source\\CommonTables\\arm_common_tables.c 0x00000000   Number         0  arm_common_tables.o ABSOLUTE
    ..\\..\\Source\\CommonTables\\arm_const_structs.c 0x00000000   Number         0  arm_const_structs.o ABSOLUTE
    ..\\..\\Source\\ComplexMathFunctions\\arm_cmplx_mag_f32.c 0x00000000   Number         0  arm_cmplx_mag_f32.o ABSOLUTE
    ..\\..\\Source\\StatisticsFunctions\\arm_max_f32.c 0x00000000   Number         0  arm_max_f32.o ABSOLUTE
    ..\\..\\Source\\TransformFunctions\\arm_bitreversal2.S 0x00000000   Number         0  arm_bitreversal2.o ABSOLUTE
    ..\\..\\Source\\TransformFunctions\\arm_cfft_f32.c 0x00000000   Number         0  arm_cfft_f32.o ABSOLUTE
    ..\\..\\Source\\TransformFunctions\\arm_cfft_radix8_f32.c 0x00000000   Number         0  arm_cfft_radix8_f32.o ABSOLUTE
    ..\\..\\Source\\TransformFunctions\\arm_rfft_init_q15.c 0x00000000   Number         0  arm_rfft_init_q15.o ABSOLUTE
    ..\\..\\Source\\TransformFunctions\\arm_rfft_init_q31.c 0x00000000   Number         0  arm_rfft_init_q31.o ABSOLUTE
    ..\\Drivers\\BSP\\STM32F4-Discovery\\stm32f4_discovery.c 0x00000000   Number         0  stm32f4_discovery.o ABSOLUTE
    ..\\Drivers\\BSP\\STM32F4-Discovery\\stm32f4_discovery_accelerometer.c 0x00000000   Number         0  stm32f4_discovery_accelerometer.o ABSOLUTE
    ..\\Drivers\\BSP\\STM32F4-Discovery\\stm32f4_discovery_audio.c 0x00000000   Number         0  stm32f4_discovery_audio.o ABSOLUTE
    ..\\Drivers\\STM32F4xx_HAL_Driver\\Src\\stm32f4xx_hal_spi.c 0x00000000   Number         0  stm32f4xx_hal_spi.o ABSOLUTE
    ..\src\pdm_filter.c                      0x00000000   Number         0  pdm_filter.o ABSOLUTE
    cdcmple.s                                0x00000000   Number         0  cdcmple.o ABSOLUTE
    cfcmple.s                                0x00000000   Number         0  cfcmple.o ABSOLUTE
    cfrcmple.s                               0x00000000   Number         0  cfrcmple.o ABSOLUTE
    dc.s                                     0x00000000   Number         0  dc.o ABSOLUTE
    handlers.s                               0x00000000   Number         0  handlers.o ABSOLUTE
    init.s                                   0x00000000   Number         0  init.o ABSOLUTE
    startup_stm32f407xx.s                    0x00000000   Number         0  startup_stm32f407xx.o ABSOLUTE
    RESET                                    0x08000000   Section      392  startup_stm32f407xx.o(RESET)
    . text                                   0x08000188   Section      192  arm_bitreversal2.o(. text)
    .ARM.Collect$$$$00000000                 0x08000248   Section        0  entry.o(.ARM.Collect$$$$00000000)
    .ARM.Collect$$$$00000001                 0x08000248   Section        4  entry2.o(.ARM.Collect$$$$00000001)
    .ARM.Collect$$$$00000004                 0x0800024c   Section        4  entry5.o(.ARM.Collect$$$$00000004)
    .ARM.Collect$$$$00000008                 0x08000250   Section        0  entry7b.o(.ARM.Collect$$$$00000008)
    .ARM.Collect$$$$0000000A                 0x08000250   Section        0  entry8b.o(.ARM.Collect$$$$0000000A)
    .ARM.Collect$$$$0000000B                 0x08000250   Section        8  entry9a.o(.ARM.Collect$$$$0000000B)
    .ARM.Collect$$$$0000000D                 0x08000258   Section        0  entry10a.o(.ARM.Collect$$$$0000000D)
    .ARM.Collect$$$$0000000F                 0x08000258   Section        0  entry11a.o(.ARM.Collect$$$$0000000F)
    .ARM.Collect$$$$00002712                 0x08000258   Section        4  entry2.o(.ARM.Collect$$$$00002712)
    __lit__00000000                          0x08000258   Data           4  entry2.o(.ARM.Collect$$$$00002712)
    .text                                    0x0800025c   Section       36  startup_stm32f407xx.o(.text)
    $v0                                      0x0800025c   Number         0  startup_stm32f407xx.o(.text)
    .text                                    0x08000280   Section        0  pdm_filter.o(.text)
    .text                                    0x08001ac0   Section        0  arm_cmplx_mag_f32.o(.text)
    .text                                    0x08001be8   Section        0  arm_cfft_f32.o(.text)
    .text                                    0x0800261c   Section        0  arm_max_f32.o(.text)
    .text                                    0x080026ec   Section        0  arm_cfft_radix8_f32.o(.text)
    .text                                    0x08002f64   Section        0  fadd.o(.text)
    .text                                    0x08003014   Section        0  fmul.o(.text)
    .text                                    0x08003078   Section        0  fdiv.o(.text)
    .text                                    0x080030f4   Section        0  fscalb.o(.text)
    .text                                    0x0800310c   Section        0  dadd.o(.text)
    .text                                    0x0800325a   Section        0  dmul.o(.text)
    .text                                    0x0800333e   Section        0  ddiv.o(.text)
    .text                                    0x0800341c   Section        0  dscalb.o(.text)
    .text                                    0x0800344a   Section        0  ffltui.o(.text)
    .text                                    0x08003454   Section        0  dfltui.o(.text)
    .text                                    0x0800346e   Section        0  dfixui.o(.text)
    .text                                    0x080034a0   Section        0  f2d.o(.text)
    .text                                    0x080034c6   Section        0  d2f.o(.text)
    .text                                    0x08003500   Section       20  cfcmple.o(.text)
    .text                                    0x08003514   Section       20  cfrcmple.o(.text)
    .text                                    0x08003528   Section        0  llshl.o(.text)
    .text                                    0x08003546   Section        0  llushr.o(.text)
    .text                                    0x08003566   Section        0  llsshr.o(.text)
    .text                                    0x0800358a   Section        0  fepilogue.o(.text)
    .text                                    0x0800358a   Section        0  iusefp.o(.text)
    .text                                    0x080035f8   Section        0  depilogue.o(.text)
    .text                                    0x080036b2   Section        0  dsqrt.o(.text)
    .text                                    0x08003754   Section       36  init.o(.text)
    .text                                    0x08003778   Section        0  dflti.o(.text)
    .text                                    0x0800379a   Section        0  dfixi.o(.text)
    .text                                    0x080037d8   Section        0  __dczerorl2.o(.text)
    i.BSP_AUDIO_IN_Error_Callback            0x0800382e   Section        0  stm32f4_discovery_audio.o(i.BSP_AUDIO_IN_Error_Callback)
    i.BSP_AUDIO_IN_HalfTransfer_CallBack     0x08003830   Section        0  stm32f4_discovery_audio.o(i.BSP_AUDIO_IN_HalfTransfer_CallBack)
    i.BSP_AUDIO_IN_Init                      0x08003832   Section        0  stm32f4_discovery_audio.o(i.BSP_AUDIO_IN_Init)
    i.BSP_AUDIO_IN_PDMToPCM                  0x08003874   Section        0  stm32f4_discovery_audio.o(i.BSP_AUDIO_IN_PDMToPCM)
    i.BSP_AUDIO_IN_Record                    0x080038c0   Section        0  stm32f4_discovery_audio.o(i.BSP_AUDIO_IN_Record)
    i.BSP_AUDIO_IN_TransferComplete_CallBack 0x080038d4   Section        0  stm32f4_discovery_audio.o(i.BSP_AUDIO_IN_TransferComplete_CallBack)
    i.BSP_AUDIO_OUT_Error_CallBack           0x080038d6   Section        0  stm32f4_discovery_audio.o(i.BSP_AUDIO_OUT_Error_CallBack)
    i.BSP_AUDIO_OUT_TransferComplete_CallBack 0x080038d8   Section        0  stm32f4_discovery_audio.o(i.BSP_AUDIO_OUT_TransferComplete_CallBack)
    i.DMA_CalcBaseAndBitshift                0x080038dc   Section        0  stm32f4xx_hal_dma.o(i.DMA_CalcBaseAndBitshift)
    DMA_CalcBaseAndBitshift                  0x080038dd   Thumb Code    34  stm32f4xx_hal_dma.o(i.DMA_CalcBaseAndBitshift)
    i.DMA_CheckFifoParam                     0x08003904   Section        0  stm32f4xx_hal_dma.o(i.DMA_CheckFifoParam)
    DMA_CheckFifoParam                       0x08003905   Thumb Code    84  stm32f4xx_hal_dma.o(i.DMA_CheckFifoParam)
    i.DMA_SetConfig                          0x08003958   Section        0  stm32f4xx_hal_dma.o(i.DMA_SetConfig)
    DMA_SetConfig                            0x08003959   Thumb Code    40  stm32f4xx_hal_dma.o(i.DMA_SetConfig)
    i.HAL_DMA_DeInit                         0x08003980   Section        0  stm32f4xx_hal_dma.o(i.HAL_DMA_DeInit)
    i.HAL_DMA_Init                           0x080039d8   Section        0  stm32f4xx_hal_dma.o(i.HAL_DMA_Init)
    i.HAL_DMA_Start_IT                       0x08003aac   Section        0  stm32f4xx_hal_dma.o(i.HAL_DMA_Start_IT)
    i.HAL_Delay                              0x08003b24   Section        0  stm32f4xx_hal.o(i.HAL_Delay)
    i.HAL_GPIO_Init                          0x08003b40   Section        0  stm32f4xx_hal_gpio.o(i.HAL_GPIO_Init)
    i.HAL_GPIO_TogglePin                     0x08003cf0   Section        0  stm32f4xx_hal_gpio.o(i.HAL_GPIO_TogglePin)
    i.HAL_GPIO_WritePin                      0x08003cf8   Section        0  stm32f4xx_hal_gpio.o(i.HAL_GPIO_WritePin)
    i.HAL_GetTick                            0x08003d04   Section        0  stm32f4xx_hal.o(i.HAL_GetTick)
    i.HAL_I2C_Init                           0x08003d10   Section        0  stm32f4xx_hal_i2c.o(i.HAL_I2C_Init)
    i.HAL_I2C_MspInit                        0x08003e18   Section        0  stm32f4xx_hal_msp.o(i.HAL_I2C_MspInit)
    i.HAL_I2SEx_FullDuplex_IRQHandler        0x08003e64   Section        0  stm32f4xx_hal_i2s_ex.o(i.HAL_I2SEx_FullDuplex_IRQHandler)
    i.HAL_I2SEx_TxRxCpltCallback             0x08004048   Section        0  stm32f4xx_hal_i2s_ex.o(i.HAL_I2SEx_TxRxCpltCallback)
    i.HAL_I2S_ErrorCallback                  0x0800404c   Section        0  stm32f4_discovery_audio.o(i.HAL_I2S_ErrorCallback)
    i.HAL_I2S_GetState                       0x08004074   Section        0  stm32f4xx_hal_i2s.o(i.HAL_I2S_GetState)
    i.HAL_I2S_Init                           0x0800407c   Section        0  stm32f4xx_hal_i2s.o(i.HAL_I2S_Init)
    i.HAL_I2S_MspInit                        0x080041fc   Section        0  stm32f4xx_hal_msp.o(i.HAL_I2S_MspInit)
    i.HAL_I2S_Receive_DMA                    0x08004278   Section        0  stm32f4xx_hal_i2s.o(i.HAL_I2S_Receive_DMA)
    i.HAL_I2S_RxCpltCallback                 0x08004338   Section        0  stm32f4_discovery_audio.o(i.HAL_I2S_RxCpltCallback)
    i.HAL_I2S_RxHalfCpltCallback             0x08004340   Section        0  stm32f4_discovery_audio.o(i.HAL_I2S_RxHalfCpltCallback)
    i.HAL_I2S_TxCpltCallback                 0x08004348   Section        0  stm32f4_discovery_audio.o(i.HAL_I2S_TxCpltCallback)
    i.HAL_IncTick                            0x0800435c   Section        0  stm32f4xx_hal.o(i.HAL_IncTick)
    i.HAL_Init                               0x0800436c   Section        0  stm32f4xx_hal.o(i.HAL_Init)
    i.HAL_InitTick                           0x080043a0   Section        0  stm32f4xx_hal.o(i.HAL_InitTick)
    i.HAL_MspInit                            0x080043c8   Section        0  stm32f4xx_hal_msp.o(i.HAL_MspInit)
    i.HAL_NVIC_EnableIRQ                     0x08004420   Section        0  stm32f4xx_hal_cortex.o(i.HAL_NVIC_EnableIRQ)
    i.HAL_NVIC_SetPriority                   0x08004438   Section        0  stm32f4xx_hal_cortex.o(i.HAL_NVIC_SetPriority)
    i.HAL_NVIC_SetPriorityGrouping           0x08004478   Section        0  stm32f4xx_hal_cortex.o(i.HAL_NVIC_SetPriorityGrouping)
    i.HAL_RCCEx_GetPeriphCLKConfig           0x0800449c   Section        0  stm32f4xx_hal_rcc_ex.o(i.HAL_RCCEx_GetPeriphCLKConfig)
    i.HAL_RCCEx_GetPeriphCLKFreq             0x080044ec   Section        0  stm32f4xx_hal_rcc_ex.o(i.HAL_RCCEx_GetPeriphCLKFreq)
    i.HAL_RCCEx_PeriphCLKConfig              0x08004548   Section        0  stm32f4xx_hal_rcc_ex.o(i.HAL_RCCEx_PeriphCLKConfig)
    i.HAL_RCC_ClockConfig                    0x0800469c   Section        0  stm32f4xx_hal_rcc.o(i.HAL_RCC_ClockConfig)
    i.HAL_RCC_GetHCLKFreq                    0x08004818   Section        0  stm32f4xx_hal_rcc.o(i.HAL_RCC_GetHCLKFreq)
    i.HAL_RCC_GetPCLK1Freq                   0x08004824   Section        0  stm32f4xx_hal_rcc.o(i.HAL_RCC_GetPCLK1Freq)
    i.HAL_RCC_GetPCLK2Freq                   0x08004854   Section        0  stm32f4xx_hal_rcc.o(i.HAL_RCC_GetPCLK2Freq)
    i.HAL_RCC_GetSysClockFreq                0x08004884   Section        0  stm32f4xx_hal_rcc.o(i.HAL_RCC_GetSysClockFreq)
    i.HAL_RCC_OscConfig                      0x080048f4   Section        0  stm32f4xx_hal_rcc.o(i.HAL_RCC_OscConfig)
    i.HAL_RNG_Init                           0x08004c08   Section        0  stm32f4xx_hal_rng.o(i.HAL_RNG_Init)
    i.HAL_RNG_MspInit                        0x08004c48   Section        0  stm32f4xx_hal_msp.o(i.HAL_RNG_MspInit)
    i.HAL_SYSTICK_CLKSourceConfig            0x08004c70   Section        0  stm32f4xx_hal_cortex.o(i.HAL_SYSTICK_CLKSourceConfig)
    i.HAL_SYSTICK_Callback                   0x08004c88   Section        0  stm32f4xx_hal_cortex.o(i.HAL_SYSTICK_Callback)
    i.HAL_SYSTICK_Config                     0x08004c8a   Section        0  stm32f4xx_hal_cortex.o(i.HAL_SYSTICK_Config)
    i.HAL_SYSTICK_IRQHandler                 0x08004cb2   Section        0  stm32f4xx_hal_cortex.o(i.HAL_SYSTICK_IRQHandler)
    i.HAL_UART_Init                          0x08004cba   Section        0  stm32f4xx_hal_uart.o(i.HAL_UART_Init)
    i.HAL_UART_MspInit                       0x08004d1c   Section        0  stm32f4xx_hal_msp.o(i.HAL_UART_MspInit)
    i.I2S2_Init                              0x08004d68   Section        0  stm32f4_discovery_audio.o(i.I2S2_Init)
    I2S2_Init                                0x08004d69   Thumb Code    66  stm32f4_discovery_audio.o(i.I2S2_Init)
    i.I2S2_MspInit                           0x08004db4   Section        0  stm32f4_discovery_audio.o(i.I2S2_MspInit)
    I2S2_MspInit                             0x08004db5   Thumb Code   216  stm32f4_discovery_audio.o(i.I2S2_MspInit)
    i.I2SEx_FullDuplexRx_IT                  0x08004ea4   Section        0  stm32f4xx_hal_i2s_ex.o(i.I2SEx_FullDuplexRx_IT)
    I2SEx_FullDuplexRx_IT                    0x08004ea5   Thumb Code   128  stm32f4xx_hal_i2s_ex.o(i.I2SEx_FullDuplexRx_IT)
    i.I2SEx_FullDuplexTx_IT                  0x08004f2c   Section        0  stm32f4xx_hal_i2s_ex.o(i.I2SEx_FullDuplexTx_IT)
    I2SEx_FullDuplexTx_IT                    0x08004f2d   Thumb Code   122  stm32f4xx_hal_i2s_ex.o(i.I2SEx_FullDuplexTx_IT)
    i.I2S_DMAError                           0x08004fb0   Section        0  stm32f4xx_hal_i2s.o(i.I2S_DMAError)
    I2S_DMAError                             0x08004fb1   Thumb Code    40  stm32f4xx_hal_i2s.o(i.I2S_DMAError)
    i.I2S_DMARxCplt                          0x08004fd8   Section        0  stm32f4xx_hal_i2s.o(i.I2S_DMARxCplt)
    I2S_DMARxCplt                            0x08004fd9   Thumb Code    40  stm32f4xx_hal_i2s.o(i.I2S_DMARxCplt)
    i.I2S_DMARxHalfCplt                      0x08005000   Section        0  stm32f4xx_hal_i2s.o(i.I2S_DMARxHalfCplt)
    I2S_DMARxHalfCplt                        0x08005001   Thumb Code    10  stm32f4xx_hal_i2s.o(i.I2S_DMARxHalfCplt)
    i.I2S_IRQHandler                         0x0800500a   Section        0  stm32f4xx_hal_i2s.o(i.I2S_IRQHandler)
    I2S_IRQHandler                           0x0800500b   Thumb Code   240  stm32f4xx_hal_i2s.o(i.I2S_IRQHandler)
    i.MX_GPIO_Init                           0x080050fc   Section        0  main.o(i.MX_GPIO_Init)
    MX_GPIO_Init                             0x080050fd   Thumb Code   414  main.o(i.MX_GPIO_Init)
    i.MX_I2C1_Init                           0x080052b8   Section        0  main.o(i.MX_I2C1_Init)
    MX_I2C1_Init                             0x080052b9   Thumb Code    52  main.o(i.MX_I2C1_Init)
    i.MX_I2S3_Init                           0x080052fc   Section        0  main.o(i.MX_I2S3_Init)
    MX_I2S3_Init                             0x080052fd   Thumb Code    54  main.o(i.MX_I2S3_Init)
    i.MX_USART2_UART_Init                    0x08005340   Section        0  main.o(i.MX_USART2_UART_Init)
    MX_USART2_UART_Init                      0x08005341   Thumb Code    50  main.o(i.MX_USART2_UART_Init)
    i.NVIC_SetPriority                       0x08005380   Section        0  stm32f4xx_hal_cortex.o(i.NVIC_SetPriority)
    NVIC_SetPriority                         0x08005381   Thumb Code    32  stm32f4xx_hal_cortex.o(i.NVIC_SetPriority)
    i.PDMDecoder_Init                        0x080053a0   Section        0  stm32f4_discovery_audio.o(i.PDMDecoder_Init)
    PDMDecoder_Init                          0x080053a1   Thumb Code    86  stm32f4_discovery_audio.o(i.PDMDecoder_Init)
    i.SysTick_Handler                        0x08005400   Section        0  stm32f4xx_it.o(i.SysTick_Handler)
    i.SystemClock_Config                     0x08005410   Section        0  main.o(i.SystemClock_Config)
    i.SystemInit                             0x080054d8   Section        0  system_stm32f4xx.o(i.SystemInit)
    i.UART_SetConfig                         0x0800552c   Section        0  stm32f4xx_hal_uart.o(i.UART_SetConfig)
    UART_SetConfig                           0x0800552d   Thumb Code   676  stm32f4xx_hal_uart.o(i.UART_SetConfig)
    i._Error_Handler                         0x080057d8   Section        0  main.o(i._Error_Handler)
    i.__ARM_fpclassify                       0x080057f8   Section        0  fpclassify.o(i.__ARM_fpclassify)
    i.__hardfp_cos                           0x08005828   Section        0  cos.o(i.__hardfp_cos)
    i.__ieee754_rem_pio2                     0x080058f0   Section        0  rred.o(i.__ieee754_rem_pio2)
    i.__kernel_cos                           0x08005d28   Section        0  cos_i.o(i.__kernel_cos)
    i.__kernel_poly                          0x08005e98   Section        0  poly.o(i.__kernel_poly)
    i.__kernel_sin                           0x08005f90   Section        0  sin_i.o(i.__kernel_sin)
    i.__mathlib_dbl_infnan                   0x080060c0   Section        0  dunder.o(i.__mathlib_dbl_infnan)
    i.__mathlib_dbl_invalid                  0x080060d8   Section        0  dunder.o(i.__mathlib_dbl_invalid)
    i.__mathlib_dbl_underflow                0x080060f8   Section        0  dunder.o(i.__mathlib_dbl_underflow)
    i.__scatterload_copy                     0x08006118   Section       14  handlers.o(i.__scatterload_copy)
    i.__scatterload_null                     0x08006126   Section        2  handlers.o(i.__scatterload_null)
    i.__scatterload_zeroinit                 0x08006128   Section       14  handlers.o(i.__scatterload_zeroinit)
    i.__set_errno                            0x08006138   Section        0  errno.o(i.__set_errno)
    i.cos                                    0x08006144   Section        0  cos.o(i.cos)
    i.fabs                                   0x08006154   Section        0  fabs.o(i.fabs)
    i.main                                   0x0800616c   Section        0  main.o(i.main)
    i.sqrt                                   0x0800625c   Section        0  sqrt.o(i.sqrt)
    i.sqrtf                                  0x080062ca   Section        0  sqrtf.o(i.sqrtf)
    .constdata                               0x08006308   Section       16  system_stm32f4xx.o(.constdata)
    .constdata                               0x08006318   Section        8  system_stm32f4xx.o(.constdata)
    .constdata                               0x08006320   Section        8  stm32f4xx_hal_dma.o(.constdata)
    flagBitshiftOffset                       0x08006320   Data           8  stm32f4xx_hal_dma.o(.constdata)
    .constdata                               0x08006328   Section       16  arm_const_structs.o(.constdata)
    .constdata                               0x08006338   Section     8192  arm_common_tables.o(.constdata)
    .constdata                               0x08008338   Section     3600  arm_common_tables.o(.constdata)
    .constdata                               0x08009148   Section       48  cos_i.o(.constdata)
    C                                        0x08009148   Data          48  cos_i.o(.constdata)
    .constdata                               0x08009178   Section      200  rred.o(.constdata)
    pio2s                                    0x08009178   Data          48  rred.o(.constdata)
    twooverpi                                0x080091a8   Data         152  rred.o(.constdata)
    .constdata                               0x08009240   Section       40  sin_i.o(.constdata)
    S                                        0x08009240   Data          40  sin_i.o(.constdata)
    .data                                    0x20000000   Section        8  stm32f4_discovery_audio.o(.data)
    pAudioDrv                                0x20000004   Data           4  stm32f4_discovery_audio.o(.data)
    .data                                    0x20000008   Section        4  system_stm32f4xx.o(.data)
    .data                                    0x2000000c   Section        4  stm32f4xx_hal.o(.data)
    .data                                    0x20000010   Section     8208  main.o(.data)
    .data                                    0x20002020   Section      772  pdm_filter.o(.data)
    .data                                    0x20002324   Section        4  errno.o(.data)
    _errno                                   0x20002324   Data           4  errno.o(.data)
    .bss                                     0x20002328   Section      388  stm32f4_discovery_audio.o(.bss)
    hdma_i2sTx                               0x20002328   Data          96  stm32f4_discovery_audio.o(.bss)
    hdma_i2sRx                               0x20002388   Data          96  stm32f4_discovery_audio.o(.bss)
    .bss                                     0x200024ac   Section    12520  main.o(.bss)
    STACK                                    0x20005598   Section     1024  startup_stm32f407xx.o(STACK)

    Global Symbols

    Symbol Name                              Value     Ov Type        Size  Object(Section)

    BuildAttributes$$THM_ISAv4$E$P$D$K$B$S$7EM$VFPi3$EXTD16$VFPS$VFMA$PE$A:L22UL41UL21$X:L11$S22US41US21$IEEE1$IW$USESV6$~STKCKD$USESV7$~SHL$OTIME$ROPI$IEEEX$EBA8$MICROLIB$REQ8$PRES8$EABIv2 0x00000000   Number         0  anon$$obj.o ABSOLUTE
    __ARM_use_no_argv                        0x00000000   Number         0  main.o ABSOLUTE
    __cpp_initialize__aeabi_                  - Undefined Weak Reference
    __cxa_finalize                            - Undefined Weak Reference
    _clock_init                               - Undefined Weak Reference
    _microlib_exit                            - Undefined Weak Reference
    __Vectors_Size                           0x00000188   Number         0  startup_stm32f407xx.o ABSOLUTE
    __Vectors                                0x08000000   Data           4  startup_stm32f407xx.o(RESET)
    __Vectors_End                            0x08000188   Data           0  startup_stm32f407xx.o(RESET)
    arm_bitreversal_32                       0x08000189   Thumb Code   106  arm_bitreversal2.o(. text)
    arm_bitreversal_16                       0x080001f3   Thumb Code    86  arm_bitreversal2.o(. text)
    __main                                   0x08000249   Thumb Code     0  entry.o(.ARM.Collect$$$$00000000)
    _main_stk                                0x08000249   Thumb Code     0  entry2.o(.ARM.Collect$$$$00000001)
    _main_scatterload                        0x0800024d   Thumb Code     0  entry5.o(.ARM.Collect$$$$00000004)
    __main_after_scatterload                 0x08000251   Thumb Code     0  entry5.o(.ARM.Collect$$$$00000004)
    _main_clock                              0x08000251   Thumb Code     0  entry7b.o(.ARM.Collect$$$$00000008)
    _main_cpp_init                           0x08000251   Thumb Code     0  entry8b.o(.ARM.Collect$$$$0000000A)
    _main_init                               0x08000251   Thumb Code     0  entry9a.o(.ARM.Collect$$$$0000000B)
    __rt_final_cpp                           0x08000259   Thumb Code     0  entry10a.o(.ARM.Collect$$$$0000000D)
    __rt_final_exit                          0x08000259   Thumb Code     0  entry11a.o(.ARM.Collect$$$$0000000F)
    Reset_Handler                            0x0800025d   Thumb Code     8  startup_stm32f407xx.o(.text)
    NMI_Handler                              0x08000265   Thumb Code     2  startup_stm32f407xx.o(.text)
    HardFault_Handler                        0x08000267   Thumb Code     2  startup_stm32f407xx.o(.text)
    MemManage_Handler                        0x08000269   Thumb Code     2  startup_stm32f407xx.o(.text)
    BusFault_Handler                         0x0800026b   Thumb Code     2  startup_stm32f407xx.o(.text)
    UsageFault_Handler                       0x0800026d   Thumb Code     2  startup_stm32f407xx.o(.text)
    SVC_Handler                              0x0800026f   Thumb Code     2  startup_stm32f407xx.o(.text)
    DebugMon_Handler                         0x08000271   Thumb Code     2  startup_stm32f407xx.o(.text)
    PendSV_Handler                           0x08000273   Thumb Code     2  startup_stm32f407xx.o(.text)
    ADC_IRQHandler                           0x08000277   Thumb Code     0  startup_stm32f407xx.o(.text)
    CAN1_RX0_IRQHandler                      0x08000277   Thumb Code     0  startup_stm32f407xx.o(.text)
    CAN1_RX1_IRQHandler                      0x08000277   Thumb Code     0  startup_stm32f407xx.o(.text)
    CAN1_SCE_IRQHandler                      0x08000277   Thumb Code     0  startup_stm32f407xx.o(.text)
    CAN1_TX_IRQHandler                       0x08000277   Thumb Code     0  startup_stm32f407xx.o(.text)
    CAN2_RX0_IRQHandler                      0x08000277   Thumb Code     0  startup_stm32f407xx.o(.text)
    CAN2_RX1_IRQHandler                      0x08000277   Thumb Code     0  startup_stm32f407xx.o(.text)
    CAN2_SCE_IRQHandler                      0x08000277   Thumb Code     0  startup_stm32f407xx.o(.text)
    CAN2_TX_IRQHandler                       0x08000277   Thumb Code     0  startup_stm32f407xx.o(.text)
    DCMI_IRQHandler                          0x08000277   Thumb Code     0  startup_stm32f407xx.o(.text)
    DMA1_Stream0_IRQHandler                  0x08000277   Thumb Code     0  startup_stm32f407xx.o(.text)
    DMA1_Stream1_IRQHandler                  0x08000277   Thumb Code     0  startup_stm32f407xx.o(.text)
    DMA1_Stream2_IRQHandler                  0x08000277   Thumb Code     0  startup_stm32f407xx.o(.text)
    DMA1_Stream3_IRQHandler                  0x08000277   Thumb Code     0  startup_stm32f407xx.o(.text)
    DMA1_Stream4_IRQHandler                  0x08000277   Thumb Code     0  startup_stm32f407xx.o(.text)
    DMA1_Stream5_IRQHandler                  0x08000277   Thumb Code     0  startup_stm32f407xx.o(.text)
    DMA1_Stream6_IRQHandler                  0x08000277   Thumb Code     0  startup_stm32f407xx.o(.text)
    DMA1_Stream7_IRQHandler                  0x08000277   Thumb Code     0  startup_stm32f407xx.o(.text)
    DMA2_Stream0_IRQHandler                  0x08000277   Thumb Code     0  startup_stm32f407xx.o(.text)
    DMA2_Stream1_IRQHandler                  0x08000277   Thumb Code     0  startup_stm32f407xx.o(.text)
    DMA2_Stream2_IRQHandler                  0x08000277   Thumb Code     0  startup_stm32f407xx.o(.text)
    DMA2_Stream3_IRQHandler                  0x08000277   Thumb Code     0  startup_stm32f407xx.o(.text)
    DMA2_Stream4_IRQHandler                  0x08000277   Thumb Code     0  startup_stm32f407xx.o(.text)
    DMA2_Stream5_IRQHandler                  0x08000277   Thumb Code     0  startup_stm32f407xx.o(.text)
    DMA2_Stream6_IRQHandler                  0x08000277   Thumb Code     0  startup_stm32f407xx.o(.text)
    DMA2_Stream7_IRQHandler                  0x08000277   Thumb Code     0  startup_stm32f407xx.o(.text)
    ETH_IRQHandler                           0x08000277   Thumb Code     0  startup_stm32f407xx.o(.text)
    ETH_WKUP_IRQHandler                      0x08000277   Thumb Code     0  startup_stm32f407xx.o(.text)
    EXTI0_IRQHandler                         0x08000277   Thumb Code     0  startup_stm32f407xx.o(.text)
    EXTI15_10_IRQHandler                     0x08000277   Thumb Code     0  startup_stm32f407xx.o(.text)
    EXTI1_IRQHandler                         0x08000277   Thumb Code     0  startup_stm32f407xx.o(.text)
    EXTI2_IRQHandler                         0x08000277   Thumb Code     0  startup_stm32f407xx.o(.text)
    EXTI3_IRQHandler                         0x08000277   Thumb Code     0  startup_stm32f407xx.o(.text)
    EXTI4_IRQHandler                         0x08000277   Thumb Code     0  startup_stm32f407xx.o(.text)
    EXTI9_5_IRQHandler                       0x08000277   Thumb Code     0  startup_stm32f407xx.o(.text)
    FLASH_IRQHandler                         0x08000277   Thumb Code     0  startup_stm32f407xx.o(.text)
    FMC_IRQHandler                           0x08000277   Thumb Code     0  startup_stm32f407xx.o(.text)
    FPU_IRQHandler                           0x08000277   Thumb Code     0  startup_stm32f407xx.o(.text)
    HASH_RNG_IRQHandler                      0x08000277   Thumb Code     0  startup_stm32f407xx.o(.text)
    I2C1_ER_IRQHandler                       0x08000277   Thumb Code     0  startup_stm32f407xx.o(.text)
    I2C1_EV_IRQHandler                       0x08000277   Thumb Code     0  startup_stm32f407xx.o(.text)
    I2C2_ER_IRQHandler                       0x08000277   Thumb Code     0  startup_stm32f407xx.o(.text)
    I2C2_EV_IRQHandler                       0x08000277   Thumb Code     0  startup_stm32f407xx.o(.text)
    I2C3_ER_IRQHandler                       0x08000277   Thumb Code     0  startup_stm32f407xx.o(.text)
    I2C3_EV_IRQHandler                       0x08000277   Thumb Code     0  startup_stm32f407xx.o(.text)
    OTG_FS_IRQHandler                        0x08000277   Thumb Code     0  startup_stm32f407xx.o(.text)
    OTG_FS_WKUP_IRQHandler                   0x08000277   Thumb Code     0  startup_stm32f407xx.o(.text)
    OTG_HS_EP1_IN_IRQHandler                 0x08000277   Thumb Code     0  startup_stm32f407xx.o(.text)
    OTG_HS_EP1_OUT_IRQHandler                0x08000277   Thumb Code     0  startup_stm32f407xx.o(.text)
    OTG_HS_IRQHandler                        0x08000277   Thumb Code     0  startup_stm32f407xx.o(.text)
    OTG_HS_WKUP_IRQHandler                   0x08000277   Thumb Code     0  startup_stm32f407xx.o(.text)
    PVD_IRQHandler                           0x08000277   Thumb Code     0  startup_stm32f407xx.o(.text)
    RCC_IRQHandler                           0x08000277   Thumb Code     0  startup_stm32f407xx.o(.text)
    RTC_Alarm_IRQHandler                     0x08000277   Thumb Code     0  startup_stm32f407xx.o(.text)
    RTC_WKUP_IRQHandler                      0x08000277   Thumb Code     0  startup_stm32f407xx.o(.text)
    SDIO_IRQHandler                          0x08000277   Thumb Code     0  startup_stm32f407xx.o(.text)
    SPI1_IRQHandler                          0x08000277   Thumb Code     0  startup_stm32f407xx.o(.text)
    SPI2_IRQHandler                          0x08000277   Thumb Code     0  startup_stm32f407xx.o(.text)
    SPI3_IRQHandler                          0x08000277   Thumb Code     0  startup_stm32f407xx.o(.text)
    TAMP_STAMP_IRQHandler                    0x08000277   Thumb Code     0  startup_stm32f407xx.o(.text)
    TIM1_BRK_TIM9_IRQHandler                 0x08000277   Thumb Code     0  startup_stm32f407xx.o(.text)
    TIM1_CC_IRQHandler                       0x08000277   Thumb Code     0  startup_stm32f407xx.o(.text)
    TIM1_TRG_COM_TIM11_IRQHandler            0x08000277   Thumb Code     0  startup_stm32f407xx.o(.text)
    TIM1_UP_TIM10_IRQHandler                 0x08000277   Thumb Code     0  startup_stm32f407xx.o(.text)
    TIM2_IRQHandler                          0x08000277   Thumb Code     0  startup_stm32f407xx.o(.text)
    TIM3_IRQHandler                          0x08000277   Thumb Code     0  startup_stm32f407xx.o(.text)
    TIM4_IRQHandler                          0x08000277   Thumb Code     0  startup_stm32f407xx.o(.text)
    TIM5_IRQHandler                          0x08000277   Thumb Code     0  startup_stm32f407xx.o(.text)
    TIM6_DAC_IRQHandler                      0x08000277   Thumb Code     0  startup_stm32f407xx.o(.text)
    TIM7_IRQHandler                          0x08000277   Thumb Code     0  startup_stm32f407xx.o(.text)
    TIM8_BRK_TIM12_IRQHandler                0x08000277   Thumb Code     0  startup_stm32f407xx.o(.text)
    TIM8_CC_IRQHandler                       0x08000277   Thumb Code     0  startup_stm32f407xx.o(.text)
    TIM8_TRG_COM_TIM14_IRQHandler            0x08000277   Thumb Code     0  startup_stm32f407xx.o(.text)
    TIM8_UP_TIM13_IRQHandler                 0x08000277   Thumb Code     0  startup_stm32f407xx.o(.text)
    UART4_IRQHandler                         0x08000277   Thumb Code     0  startup_stm32f407xx.o(.text)
    UART5_IRQHandler                         0x08000277   Thumb Code     0  startup_stm32f407xx.o(.text)
    USART1_IRQHandler                        0x08000277   Thumb Code     0  startup_stm32f407xx.o(.text)
    USART2_IRQHandler                        0x08000277   Thumb Code     0  startup_stm32f407xx.o(.text)
    USART3_IRQHandler                        0x08000277   Thumb Code     0  startup_stm32f407xx.o(.text)
    USART6_IRQHandler                        0x08000277   Thumb Code     0  startup_stm32f407xx.o(.text)
    WWDG_IRQHandler                          0x08000277   Thumb Code     0  startup_stm32f407xx.o(.text)
    PDM_Filter_Init                          0x08000281   Thumb Code   444  pdm_filter.o(.text)
    PDM_Filter_64_LSB                        0x0800043d   Thumb Code   708  pdm_filter.o(.text)
    PDM_Filter_80_LSB                        0x08000701   Thumb Code   842  pdm_filter.o(.text)
    PDM_Filter_64_MSB                        0x08000a4b   Thumb Code   690  pdm_filter.o(.text)
    PDM_Filter_80_MSB                        0x08000cfd   Thumb Code   862  pdm_filter.o(.text)
    PDM_Filter_128_MSB                       0x0800105b   Thumb Code  1328  pdm_filter.o(.text)
    PDM_Filter_128_LSB                       0x0800158b   Thumb Code  1328  pdm_filter.o(.text)
    arm_cmplx_mag_f32                        0x08001ac1   Thumb Code   296  arm_cmplx_mag_f32.o(.text)
    arm_cfft_radix8by2_f32                   0x08001be9   Thumb Code   600  arm_cfft_f32.o(.text)
    arm_cfft_radix8by4_f32                   0x08001e41   Thumb Code  1708  arm_cfft_f32.o(.text)
    arm_cfft_f32                             0x080024ed   Thumb Code   302  arm_cfft_f32.o(.text)
    arm_max_f32                              0x0800261d   Thumb Code   206  arm_max_f32.o(.text)
    arm_radix8_butterfly_f32                 0x080026ed   Thumb Code  2164  arm_cfft_radix8_f32.o(.text)
    __aeabi_fadd                             0x08002f65   Thumb Code   164  fadd.o(.text)
    __aeabi_fsub                             0x08003009   Thumb Code     6  fadd.o(.text)
    __aeabi_frsub                            0x0800300f   Thumb Code     6  fadd.o(.text)
    __aeabi_fmul                             0x08003015   Thumb Code   100  fmul.o(.text)
    __aeabi_fdiv                             0x08003079   Thumb Code   124  fdiv.o(.text)
    __ARM_scalbnf                            0x080030f5   Thumb Code    24  fscalb.o(.text)
    scalbnf                                  0x080030f5   Thumb Code     0  fscalb.o(.text)
    __aeabi_dadd                             0x0800310d   Thumb Code   322  dadd.o(.text)
    __aeabi_dsub                             0x0800324f   Thumb Code     6  dadd.o(.text)
    __aeabi_drsub                            0x08003255   Thumb Code     6  dadd.o(.text)
    __aeabi_dmul                             0x0800325b   Thumb Code   228  dmul.o(.text)
    __aeabi_ddiv                             0x0800333f   Thumb Code   222  ddiv.o(.text)
    __ARM_scalbn                             0x0800341d   Thumb Code    46  dscalb.o(.text)
    scalbn                                   0x0800341d   Thumb Code     0  dscalb.o(.text)
    __aeabi_ui2f                             0x0800344b   Thumb Code    10  ffltui.o(.text)
    __aeabi_ui2d                             0x08003455   Thumb Code    26  dfltui.o(.text)
    __aeabi_d2uiz                            0x0800346f   Thumb Code    50  dfixui.o(.text)
    __aeabi_f2d                              0x080034a1   Thumb Code    38  f2d.o(.text)
    __aeabi_d2f                              0x080034c7   Thumb Code    56  d2f.o(.text)
    __aeabi_cfcmpeq                          0x08003501   Thumb Code     0  cfcmple.o(.text)
    __aeabi_cfcmple                          0x08003501   Thumb Code    20  cfcmple.o(.text)
    __aeabi_cfrcmple                         0x08003515   Thumb Code    20  cfrcmple.o(.text)
    __aeabi_llsl                             0x08003529   Thumb Code    30  llshl.o(.text)
    _ll_shift_l                              0x08003529   Thumb Code     0  llshl.o(.text)
    __aeabi_llsr                             0x08003547   Thumb Code    32  llushr.o(.text)
    _ll_ushift_r                             0x08003547   Thumb Code     0  llushr.o(.text)
    __aeabi_lasr                             0x08003567   Thumb Code    36  llsshr.o(.text)
    _ll_sshift_r                             0x08003567   Thumb Code     0  llsshr.o(.text)
    __I$use$fp                               0x0800358b   Thumb Code     0  iusefp.o(.text)
    _float_round                             0x0800358b   Thumb Code    18  fepilogue.o(.text)
    _float_epilogue                          0x0800359d   Thumb Code    92  fepilogue.o(.text)
    _double_round                            0x080035f9   Thumb Code    30  depilogue.o(.text)
    _double_epilogue                         0x08003617   Thumb Code   156  depilogue.o(.text)
    _dsqrt                                   0x080036b3   Thumb Code   162  dsqrt.o(.text)
    __scatterload                            0x08003755   Thumb Code    28  init.o(.text)
    __scatterload_rt2                        0x08003755   Thumb Code     0  init.o(.text)
    __aeabi_i2d                              0x08003779   Thumb Code    34  dflti.o(.text)
    __aeabi_d2iz                             0x0800379b   Thumb Code    62  dfixi.o(.text)
    __decompress                             0x080037d9   Thumb Code     0  __dczerorl2.o(.text)
    __decompress1                            0x080037d9   Thumb Code    86  __dczerorl2.o(.text)
    BSP_AUDIO_IN_Error_Callback              0x0800382f   Thumb Code     2  stm32f4_discovery_audio.o(i.BSP_AUDIO_IN_Error_Callback)
    BSP_AUDIO_IN_HalfTransfer_CallBack       0x08003831   Thumb Code     2  stm32f4_discovery_audio.o(i.BSP_AUDIO_IN_HalfTransfer_CallBack)
    BSP_AUDIO_IN_Init                        0x08003833   Thumb Code    66  stm32f4_discovery_audio.o(i.BSP_AUDIO_IN_Init)
    BSP_AUDIO_IN_PDMToPCM                    0x08003875   Thumb Code    66  stm32f4_discovery_audio.o(i.BSP_AUDIO_IN_PDMToPCM)
    BSP_AUDIO_IN_Record                      0x080038c1   Thumb Code    16  stm32f4_discovery_audio.o(i.BSP_AUDIO_IN_Record)
    BSP_AUDIO_IN_TransferComplete_CallBack   0x080038d5   Thumb Code     2  stm32f4_discovery_audio.o(i.BSP_AUDIO_IN_TransferComplete_CallBack)
    BSP_AUDIO_OUT_Error_CallBack             0x080038d7   Thumb Code     2  stm32f4_discovery_audio.o(i.BSP_AUDIO_OUT_Error_CallBack)
    BSP_AUDIO_OUT_TransferComplete_CallBack  0x080038d9   Thumb Code     2  stm32f4_discovery_audio.o(i.BSP_AUDIO_OUT_TransferComplete_CallBack)
    HAL_DMA_DeInit                           0x08003981   Thumb Code    86  stm32f4xx_hal_dma.o(i.HAL_DMA_DeInit)
    HAL_DMA_Init                             0x080039d9   Thumb Code   206  stm32f4xx_hal_dma.o(i.HAL_DMA_Init)
    HAL_DMA_Start_IT                         0x08003aad   Thumb Code   120  stm32f4xx_hal_dma.o(i.HAL_DMA_Start_IT)
    HAL_Delay                                0x08003b25   Thumb Code    28  stm32f4xx_hal.o(i.HAL_Delay)
    HAL_GPIO_Init                            0x08003b41   Thumb Code   388  stm32f4xx_hal_gpio.o(i.HAL_GPIO_Init)
    HAL_GPIO_TogglePin                       0x08003cf1   Thumb Code     8  stm32f4xx_hal_gpio.o(i.HAL_GPIO_TogglePin)
    HAL_GPIO_WritePin                        0x08003cf9   Thumb Code    10  stm32f4xx_hal_gpio.o(i.HAL_GPIO_WritePin)
    HAL_GetTick                              0x08003d05   Thumb Code     6  stm32f4xx_hal.o(i.HAL_GetTick)
    HAL_I2C_Init                             0x08003d11   Thumb Code   254  stm32f4xx_hal_i2c.o(i.HAL_I2C_Init)
    HAL_I2C_MspInit                          0x08003e19   Thumb Code    64  stm32f4xx_hal_msp.o(i.HAL_I2C_MspInit)
    HAL_I2SEx_FullDuplex_IRQHandler          0x08003e65   Thumb Code   476  stm32f4xx_hal_i2s_ex.o(i.HAL_I2SEx_FullDuplex_IRQHandler)
    HAL_I2SEx_TxRxCpltCallback               0x08004049   Thumb Code     2  stm32f4xx_hal_i2s_ex.o(i.HAL_I2SEx_TxRxCpltCallback)
    HAL_I2S_ErrorCallback                    0x0800404d   Thumb Code    30  stm32f4_discovery_audio.o(i.HAL_I2S_ErrorCallback)
    HAL_I2S_GetState                         0x08004075   Thumb Code     6  stm32f4xx_hal_i2s.o(i.HAL_I2S_GetState)
    HAL_I2S_Init                             0x0800407d   Thumb Code   366  stm32f4xx_hal_i2s.o(i.HAL_I2S_Init)
    HAL_I2S_MspInit                          0x080041fd   Thumb Code   106  stm32f4xx_hal_msp.o(i.HAL_I2S_MspInit)
    HAL_I2S_Receive_DMA                      0x08004279   Thumb Code   180  stm32f4xx_hal_i2s.o(i.HAL_I2S_Receive_DMA)
    HAL_I2S_RxCpltCallback                   0x08004339   Thumb Code     8  stm32f4_discovery_audio.o(i.HAL_I2S_RxCpltCallback)
    HAL_I2S_RxHalfCpltCallback               0x08004341   Thumb Code     8  stm32f4_discovery_audio.o(i.HAL_I2S_RxHalfCpltCallback)
    HAL_I2S_TxCpltCallback                   0x08004349   Thumb Code    16  stm32f4_discovery_audio.o(i.HAL_I2S_TxCpltCallback)
    HAL_IncTick                              0x0800435d   Thumb Code    10  stm32f4xx_hal.o(i.HAL_IncTick)
    HAL_Init                                 0x0800436d   Thumb Code    48  stm32f4xx_hal.o(i.HAL_Init)
    HAL_InitTick                             0x080043a1   Thumb Code    34  stm32f4xx_hal.o(i.HAL_InitTick)
    HAL_MspInit                              0x080043c9   Thumb Code    88  stm32f4xx_hal_msp.o(i.HAL_MspInit)
    HAL_NVIC_EnableIRQ                       0x08004421   Thumb Code    22  stm32f4xx_hal_cortex.o(i.HAL_NVIC_EnableIRQ)
    HAL_NVIC_SetPriority                     0x08004439   Thumb Code    60  stm32f4xx_hal_cortex.o(i.HAL_NVIC_SetPriority)
    HAL_NVIC_SetPriorityGrouping             0x08004479   Thumb Code    26  stm32f4xx_hal_cortex.o(i.HAL_NVIC_SetPriorityGrouping)
    HAL_RCCEx_GetPeriphCLKConfig             0x0800449d   Thumb Code    74  stm32f4xx_hal_rcc_ex.o(i.HAL_RCCEx_GetPeriphCLKConfig)
    HAL_RCCEx_GetPeriphCLKFreq               0x080044ed   Thumb Code    76  stm32f4xx_hal_rcc_ex.o(i.HAL_RCCEx_GetPeriphCLKFreq)
    HAL_RCCEx_PeriphCLKConfig                0x08004549   Thumb Code   320  stm32f4xx_hal_rcc_ex.o(i.HAL_RCCEx_PeriphCLKConfig)
    HAL_RCC_ClockConfig                      0x0800469d   Thumb Code   364  stm32f4xx_hal_rcc.o(i.HAL_RCC_ClockConfig)
    HAL_RCC_GetHCLKFreq                      0x08004819   Thumb Code     6  stm32f4xx_hal_rcc.o(i.HAL_RCC_GetHCLKFreq)
    HAL_RCC_GetPCLK1Freq                     0x08004825   Thumb Code    34  stm32f4xx_hal_rcc.o(i.HAL_RCC_GetPCLK1Freq)
    HAL_RCC_GetPCLK2Freq                     0x08004855   Thumb Code    34  stm32f4xx_hal_rcc.o(i.HAL_RCC_GetPCLK2Freq)
    HAL_RCC_GetSysClockFreq                  0x08004885   Thumb Code   104  stm32f4xx_hal_rcc.o(i.HAL_RCC_GetSysClockFreq)
    HAL_RCC_OscConfig                        0x080048f5   Thumb Code   770  stm32f4xx_hal_rcc.o(i.HAL_RCC_OscConfig)
    HAL_RNG_Init                             0x08004c09   Thumb Code    62  stm32f4xx_hal_rng.o(i.HAL_RNG_Init)
    HAL_RNG_MspInit                          0x08004c49   Thumb Code    30  stm32f4xx_hal_msp.o(i.HAL_RNG_MspInit)
    HAL_SYSTICK_CLKSourceConfig              0x08004c71   Thumb Code    24  stm32f4xx_hal_cortex.o(i.HAL_SYSTICK_CLKSourceConfig)
    HAL_SYSTICK_Callback                     0x08004c89   Thumb Code     2  stm32f4xx_hal_cortex.o(i.HAL_SYSTICK_Callback)
    HAL_SYSTICK_Config                       0x08004c8b   Thumb Code    40  stm32f4xx_hal_cortex.o(i.HAL_SYSTICK_Config)
    HAL_SYSTICK_IRQHandler                   0x08004cb3   Thumb Code     8  stm32f4xx_hal_cortex.o(i.HAL_SYSTICK_IRQHandler)
    HAL_UART_Init                            0x08004cbb   Thumb Code    98  stm32f4xx_hal_uart.o(i.HAL_UART_Init)
    HAL_UART_MspInit                         0x08004d1d   Thumb Code    62  stm32f4xx_hal_msp.o(i.HAL_UART_MspInit)
    SysTick_Handler                          0x08005401   Thumb Code    14  stm32f4xx_it.o(i.SysTick_Handler)
    SystemClock_Config                       0x08005411   Thumb Code   176  main.o(i.SystemClock_Config)
    SystemInit                               0x080054d9   Thumb Code    66  system_stm32f4xx.o(i.SystemInit)
    _Error_Handler                           0x080057d9   Thumb Code    26  main.o(i._Error_Handler)
    __ARM_fpclassify                         0x080057f9   Thumb Code    48  fpclassify.o(i.__ARM_fpclassify)
    __hardfp_cos                             0x08005829   Thumb Code   180  cos.o(i.__hardfp_cos)
    __ieee754_rem_pio2                       0x080058f1   Thumb Code   938  rred.o(i.__ieee754_rem_pio2)
    __kernel_cos                             0x08005d29   Thumb Code   322  cos_i.o(i.__kernel_cos)
    __kernel_poly                            0x08005e99   Thumb Code   248  poly.o(i.__kernel_poly)
    __kernel_sin                             0x08005f91   Thumb Code   280  sin_i.o(i.__kernel_sin)
    __mathlib_dbl_infnan                     0x080060c1   Thumb Code    20  dunder.o(i.__mathlib_dbl_infnan)
    __mathlib_dbl_invalid                    0x080060d9   Thumb Code    24  dunder.o(i.__mathlib_dbl_invalid)
    __mathlib_dbl_underflow                  0x080060f9   Thumb Code    24  dunder.o(i.__mathlib_dbl_underflow)
    __scatterload_copy                       0x08006119   Thumb Code    14  handlers.o(i.__scatterload_copy)
    __scatterload_null                       0x08006127   Thumb Code     2  handlers.o(i.__scatterload_null)
    __scatterload_zeroinit                   0x08006129   Thumb Code    14  handlers.o(i.__scatterload_zeroinit)
    __set_errno                              0x08006139   Thumb Code     6  errno.o(i.__set_errno)
    cos                                      0x08006145   Thumb Code    16  cos.o(i.cos)
    fabs                                     0x08006155   Thumb Code    24  fabs.o(i.fabs)
    main                                     0x0800616d   Thumb Code   200  main.o(i.main)
    sqrt                                     0x0800625d   Thumb Code   110  sqrt.o(i.sqrt)
    sqrtf                                    0x080062cb   Thumb Code    62  sqrtf.o(i.sqrtf)
    AHBPrescTable                            0x08006308   Data          16  system_stm32f4xx.o(.constdata)
    APBPrescTable                            0x08006318   Data           8  system_stm32f4xx.o(.constdata)
    arm_cfft_sR_f32_len1024                  0x08006328   Data          16  arm_const_structs.o(.constdata)
    twiddleCoef_1024                         0x08006338   Data        8192  arm_common_tables.o(.constdata)
    armBitRevIndexTable1024                  0x08008338   Data        3600  arm_common_tables.o(.constdata)
    Region$$Table$$Base                      0x08009268   Number         0  anon$$obj.o(Region$$Table)
    Region$$Table$$Limit                     0x08009288   Number         0  anon$$obj.o(Region$$Table)
    AudioInVolume                            0x20000000   Data           2  stm32f4_discovery_audio.o(.data)
    SystemCoreClock                          0x20000008   Data           4  system_stm32f4xx.o(.data)
    uwTick                                   0x2000000c   Data           4  stm32f4xx_hal.o(.data)
    ifft_Flag                                0x20000010   Data           4  main.o(.data)
    doBitReverse                             0x20000014   Data           4  main.o(.data)
    refIndex                                 0x20000018   Data           4  main.o(.data)
    testIndex                                0x2000001c   Data           4  main.o(.data)
    wave_Input                               0x20000020   Data        8192  main.o(.data)
    stm32_crc                                0x20002020   Data           4  pdm_filter.o(.data)
    T0                                       0x20002024   Data         256  pdm_filter.o(.data)
    T1                                       0x20002124   Data         256  pdm_filter.o(.data)
    T2                                       0x20002224   Data         256  pdm_filter.o(.data)
    hAudioOutI2s                             0x200023e8   Data          72  stm32f4_discovery_audio.o(.bss)
    hAudioInI2s                              0x20002430   Data          72  stm32f4_discovery_audio.o(.bss)
    Filter                                   0x20002478   Data          52  stm32f4_discovery_audio.o(.bss)
    hi2c1                                    0x200024ac   Data          84  main.o(.bss)
    hi2s3                                    0x20002500   Data          72  main.o(.bss)
    hrng                                     0x20002548   Data          12  main.o(.bss)
    huart2                                   0x20002554   Data          64  main.o(.bss)
    fft_Output                               0x20002594   Data        4096  main.o(.bss)
    fft_pcm                                  0x20003594   Data        4096  main.o(.bss)
    fft_pdm                                  0x20004594   Data        4096  main.o(.bss)
    __initial_sp                             0x20005998   Data           0  startup_stm32f407xx.o(STACK)



==============================================================================

Memory Map of the image

  Image Entry point : 0x08000249

  Load Region LR_IROM1 (Base: 0x08000000, Size: 0x0000b5b0, Max: 0x00100000, ABSOLUTE, COMPRESSED[0x0000a878])

    Execution Region ER_IROM1 (Base: 0x08000000, Size: 0x00009288, Max: 0x00100000, ABSOLUTE)

    Base Addr    Size         Type   Attr      Idx    E Section Name        Object

    0x08000000   0x00000188   Data   RO            3    RESET               startup_stm32f407xx.o
    0x08000188   0x000000c0   Code   RO         3758    . text              arm_cortexM4l_math.lib(arm_bitreversal2.o)
    0x08000248   0x00000000   Code   RO         3880  * .ARM.Collect$$$$00000000  mc_w.l(entry.o)
    0x08000248   0x00000004   Code   RO         3941    .ARM.Collect$$$$00000001  mc_w.l(entry2.o)
    0x0800024c   0x00000004   Code   RO         3944    .ARM.Collect$$$$00000004  mc_w.l(entry5.o)
    0x08000250   0x00000000   Code   RO         3946    .ARM.Collect$$$$00000008  mc_w.l(entry7b.o)
    0x08000250   0x00000000   Code   RO         3948    .ARM.Collect$$$$0000000A  mc_w.l(entry8b.o)
    0x08000250   0x00000008   Code   RO         3949    .ARM.Collect$$$$0000000B  mc_w.l(entry9a.o)
    0x08000258   0x00000000   Code   RO         3951    .ARM.Collect$$$$0000000D  mc_w.l(entry10a.o)
    0x08000258   0x00000000   Code   RO         3953    .ARM.Collect$$$$0000000F  mc_w.l(entry11a.o)
    0x08000258   0x00000004   Code   RO         3942    .ARM.Collect$$$$00002712  mc_w.l(entry2.o)
    0x0800025c   0x00000024   Code   RO            4    .text               startup_stm32f407xx.o
    0x08000280   0x00001840   Code   RO         3495    .text               libPDMFilter_CM4_Keil.lib(pdm_filter.o)
    0x08001ac0   0x00000128   Code   RO         3501    .text               arm_cortexM4l_math.lib(arm_cmplx_mag_f32.o)
    0x08001be8   0x00000a32   Code   RO         3547    .text               arm_cortexM4l_math.lib(arm_cfft_f32.o)
    0x0800261a   0x00000002   PAD
    0x0800261c   0x000000ce   Code   RO         3578    .text               arm_cortexM4l_math.lib(arm_max_f32.o)
    0x080026ea   0x00000002   PAD
    0x080026ec   0x00000878   Code   RO         3737    .text               arm_cortexM4l_math.lib(arm_cfft_radix8_f32.o)
    0x08002f64   0x000000b0   Code   RO         3883    .text               mf_w.l(fadd.o)
    0x08003014   0x00000064   Code   RO         3885    .text               mf_w.l(fmul.o)
    0x08003078   0x0000007c   Code   RO         3887    .text               mf_w.l(fdiv.o)
    0x080030f4   0x00000018   Code   RO         3889    .text               mf_w.l(fscalb.o)
    0x0800310c   0x0000014e   Code   RO         3891    .text               mf_w.l(dadd.o)
    0x0800325a   0x000000e4   Code   RO         3893    .text               mf_w.l(dmul.o)
    0x0800333e   0x000000de   Code   RO         3895    .text               mf_w.l(ddiv.o)
    0x0800341c   0x0000002e   Code   RO         3897    .text               mf_w.l(dscalb.o)
    0x0800344a   0x0000000a   Code   RO         3899    .text               mf_w.l(ffltui.o)
    0x08003454   0x0000001a   Code   RO         3901    .text               mf_w.l(dfltui.o)
    0x0800346e   0x00000032   Code   RO         3903    .text               mf_w.l(dfixui.o)
    0x080034a0   0x00000026   Code   RO         3905    .text               mf_w.l(f2d.o)
    0x080034c6   0x00000038   Code   RO         3907    .text               mf_w.l(d2f.o)
    0x080034fe   0x00000002   PAD
    0x08003500   0x00000014   Code   RO         3909    .text               mf_w.l(cfcmple.o)
    0x08003514   0x00000014   Code   RO         3911    .text               mf_w.l(cfrcmple.o)
    0x08003528   0x0000001e   Code   RO         3955    .text               mc_w.l(llshl.o)
    0x08003546   0x00000020   Code   RO         3957    .text               mc_w.l(llushr.o)
    0x08003566   0x00000024   Code   RO         3959    .text               mc_w.l(llsshr.o)
    0x0800358a   0x00000000   Code   RO         3968    .text               mc_w.l(iusefp.o)
    0x0800358a   0x0000006e   Code   RO         3969    .text               mf_w.l(fepilogue.o)
    0x080035f8   0x000000ba   Code   RO         3971    .text               mf_w.l(depilogue.o)
    0x080036b2   0x000000a2   Code   RO         3975    .text               mf_w.l(dsqrt.o)
    0x08003754   0x00000024   Code   RO         3989    .text               mc_w.l(init.o)
    0x08003778   0x00000022   Code   RO         3991    .text               mf_w.l(dflti.o)
    0x0800379a   0x0000003e   Code   RO         3993    .text               mf_w.l(dfixi.o)
    0x080037d8   0x00000056   Code   RO         4003    .text               mc_w.l(__dczerorl2.o)
    0x0800382e   0x00000002   Code   RO          552    i.BSP_AUDIO_IN_Error_Callback  stm32f4_discovery_audio.o
    0x08003830   0x00000002   Code   RO          553    i.BSP_AUDIO_IN_HalfTransfer_CallBack  stm32f4_discovery_audio.o
    0x08003832   0x00000042   Code   RO          554    i.BSP_AUDIO_IN_Init  stm32f4_discovery_audio.o
    0x08003874   0x0000004c   Code   RO          555    i.BSP_AUDIO_IN_PDMToPCM  stm32f4_discovery_audio.o
    0x080038c0   0x00000014   Code   RO          557    i.BSP_AUDIO_IN_Record  stm32f4_discovery_audio.o
    0x080038d4   0x00000002   Code   RO          561    i.BSP_AUDIO_IN_TransferComplete_CallBack  stm32f4_discovery_audio.o
    0x080038d6   0x00000002   Code   RO          563    i.BSP_AUDIO_OUT_Error_CallBack  stm32f4_discovery_audio.o
    0x080038d8   0x00000002   Code   RO          574    i.BSP_AUDIO_OUT_TransferComplete_CallBack  stm32f4_discovery_audio.o
    0x080038da   0x00000002   PAD
    0x080038dc   0x00000028   Code   RO         2897    i.DMA_CalcBaseAndBitshift  stm32f4xx_hal_dma.o
    0x08003904   0x00000054   Code   RO         2898    i.DMA_CheckFifoParam  stm32f4xx_hal_dma.o
    0x08003958   0x00000028   Code   RO         2899    i.DMA_SetConfig     stm32f4xx_hal_dma.o
    0x08003980   0x00000056   Code   RO         2902    i.HAL_DMA_DeInit    stm32f4xx_hal_dma.o
    0x080039d6   0x00000002   PAD
    0x080039d8   0x000000d4   Code   RO         2906    i.HAL_DMA_Init      stm32f4xx_hal_dma.o
    0x08003aac   0x00000078   Code   RO         2910    i.HAL_DMA_Start_IT  stm32f4xx_hal_dma.o
    0x08003b24   0x0000001c   Code   RO         2615    i.HAL_Delay         stm32f4xx_hal.o
    0x08003b40   0x000001b0   Code   RO         1256    i.HAL_GPIO_Init     stm32f4xx_hal_gpio.o
    0x08003cf0   0x00000008   Code   RO         1259    i.HAL_GPIO_TogglePin  stm32f4xx_hal_gpio.o
    0x08003cf8   0x0000000a   Code   RO         1260    i.HAL_GPIO_WritePin  stm32f4xx_hal_gpio.o
    0x08003d02   0x00000002   PAD
    0x08003d04   0x0000000c   Code   RO         2621    i.HAL_GetTick       stm32f4xx_hal.o
    0x08003d10   0x00000108   Code   RO         1509    i.HAL_I2C_Init      stm32f4xx_hal_i2c.o
    0x08003e18   0x0000004c   Code   RO         3321    i.HAL_I2C_MspInit   stm32f4xx_hal_msp.o
    0x08003e64   0x000001e4   Code   RO         1018    i.HAL_I2SEx_FullDuplex_IRQHandler  stm32f4xx_hal_i2s_ex.o
    0x08004048   0x00000002   Code   RO         1022    i.HAL_I2SEx_TxRxCpltCallback  stm32f4xx_hal_i2s_ex.o
    0x0800404a   0x00000002   PAD
    0x0800404c   0x00000028   Code   RO          575    i.HAL_I2S_ErrorCallback  stm32f4_discovery_audio.o
    0x08004074   0x00000006   Code   RO         2037    i.HAL_I2S_GetState  stm32f4xx_hal_i2s.o
    0x0800407a   0x00000002   PAD
    0x0800407c   0x00000180   Code   RO         2039    i.HAL_I2S_Init      stm32f4xx_hal_i2s.o
    0x080041fc   0x0000007c   Code   RO         3323    i.HAL_I2S_MspInit   stm32f4xx_hal_msp.o
    0x08004278   0x000000c0   Code   RO         2043    i.HAL_I2S_Receive_DMA  stm32f4xx_hal_i2s.o
    0x08004338   0x00000008   Code   RO          576    i.HAL_I2S_RxCpltCallback  stm32f4_discovery_audio.o
    0x08004340   0x00000008   Code   RO          577    i.HAL_I2S_RxHalfCpltCallback  stm32f4_discovery_audio.o
    0x08004348   0x00000014   Code   RO          578    i.HAL_I2S_TxCpltCallback  stm32f4_discovery_audio.o
    0x0800435c   0x00000010   Code   RO         2623    i.HAL_IncTick       stm32f4xx_hal.o
    0x0800436c   0x00000034   Code   RO         2624    i.HAL_Init          stm32f4xx_hal.o
    0x080043a0   0x00000028   Code   RO         2625    i.HAL_InitTick      stm32f4xx_hal.o
    0x080043c8   0x00000058   Code   RO         3324    i.HAL_MspInit       stm32f4xx_hal_msp.o
    0x08004420   0x00000016   Code   RO         1901    i.HAL_NVIC_EnableIRQ  stm32f4xx_hal_cortex.o
    0x08004436   0x00000002   PAD
    0x08004438   0x00000040   Code   RO         1907    i.HAL_NVIC_SetPriority  stm32f4xx_hal_cortex.o
    0x08004478   0x00000024   Code   RO         1908    i.HAL_NVIC_SetPriorityGrouping  stm32f4xx_hal_cortex.o
    0x0800449c   0x00000050   Code   RO          976    i.HAL_RCCEx_GetPeriphCLKConfig  stm32f4xx_hal_rcc_ex.o
    0x080044ec   0x0000005c   Code   RO          977    i.HAL_RCCEx_GetPeriphCLKFreq  stm32f4xx_hal_rcc_ex.o
    0x08004548   0x00000154   Code   RO          978    i.HAL_RCCEx_PeriphCLKConfig  stm32f4xx_hal_rcc_ex.o
    0x0800469c   0x0000017c   Code   RO         1152    i.HAL_RCC_ClockConfig  stm32f4xx_hal_rcc.o
    0x08004818   0x0000000c   Code   RO         1157    i.HAL_RCC_GetHCLKFreq  stm32f4xx_hal_rcc.o
    0x08004824   0x00000030   Code   RO         1159    i.HAL_RCC_GetPCLK1Freq  stm32f4xx_hal_rcc.o
    0x08004854   0x00000030   Code   RO         1160    i.HAL_RCC_GetPCLK2Freq  stm32f4xx_hal_rcc.o
    0x08004884   0x00000070   Code   RO         1161    i.HAL_RCC_GetSysClockFreq  stm32f4xx_hal_rcc.o
    0x080048f4   0x00000314   Code   RO         1164    i.HAL_RCC_OscConfig  stm32f4xx_hal_rcc.o
    0x08004c08   0x0000003e   Code   RO          888    i.HAL_RNG_Init      stm32f4xx_hal_rng.o
    0x08004c46   0x00000002   PAD
    0x08004c48   0x00000028   Code   RO         3326    i.HAL_RNG_MspInit   stm32f4xx_hal_msp.o
    0x08004c70   0x00000018   Code   RO         1910    i.HAL_SYSTICK_CLKSourceConfig  stm32f4xx_hal_cortex.o
    0x08004c88   0x00000002   Code   RO         1911    i.HAL_SYSTICK_Callback  stm32f4xx_hal_cortex.o
    0x08004c8a   0x00000028   Code   RO         1912    i.HAL_SYSTICK_Config  stm32f4xx_hal_cortex.o
    0x08004cb2   0x00000008   Code   RO         1913    i.HAL_SYSTICK_IRQHandler  stm32f4xx_hal_cortex.o
    0x08004cba   0x00000062   Code   RO         2235    i.HAL_UART_Init     stm32f4xx_hal_uart.o
    0x08004d1c   0x0000004c   Code   RO         3328    i.HAL_UART_MspInit  stm32f4xx_hal_msp.o
    0x08004d68   0x0000004c   Code   RO          580    i.I2S2_Init         stm32f4_discovery_audio.o
    0x08004db4   0x000000f0   Code   RO          581    i.I2S2_MspInit      stm32f4_discovery_audio.o
    0x08004ea4   0x00000088   Code   RO         1023    i.I2SEx_FullDuplexRx_IT  stm32f4xx_hal_i2s_ex.o
    0x08004f2c   0x00000084   Code   RO         1024    i.I2SEx_FullDuplexTx_IT  stm32f4xx_hal_i2s_ex.o
    0x08004fb0   0x00000028   Code   RO         2052    i.I2S_DMAError      stm32f4xx_hal_i2s.o
    0x08004fd8   0x00000028   Code   RO         2053    i.I2S_DMARxCplt     stm32f4xx_hal_i2s.o
    0x08005000   0x0000000a   Code   RO         2054    i.I2S_DMARxHalfCplt  stm32f4xx_hal_i2s.o
    0x0800500a   0x000000f0   Code   RO         2057    i.I2S_IRQHandler    stm32f4xx_hal_i2s.o
    0x080050fa   0x00000002   PAD
    0x080050fc   0x000001bc   Code   RO         3419    i.MX_GPIO_Init      main.o
    0x080052b8   0x00000044   Code   RO         3420    i.MX_I2C1_Init      main.o
    0x080052fc   0x00000044   Code   RO         3421    i.MX_I2S3_Init      main.o
    0x08005340   0x00000040   Code   RO         3422    i.MX_USART2_UART_Init  main.o
    0x08005380   0x00000020   Code   RO         1914    i.NVIC_SetPriority  stm32f4xx_hal_cortex.o
    0x080053a0   0x00000060   Code   RO          584    i.PDMDecoder_Init   stm32f4_discovery_audio.o
    0x08005400   0x0000000e   Code   RO         3392    i.SysTick_Handler   stm32f4xx_it.o
    0x0800540e   0x00000002   PAD
    0x08005410   0x000000c8   Code   RO         3423    i.SystemClock_Config  main.o
    0x080054d8   0x00000054   Code   RO          825    i.SystemInit        system_stm32f4xx.o
    0x0800552c   0x000002ac   Code   RO         2261    i.UART_SetConfig    stm32f4xx_hal_uart.o
    0x080057d8   0x00000020   Code   RO         3424    i._Error_Handler    main.o
    0x080057f8   0x00000030   Code   RO         3985    i.__ARM_fpclassify  m_wm.l(fpclassify.o)
    0x08005828   0x000000c8   Code   RO         3844    i.__hardfp_cos      m_wm.l(cos.o)
    0x080058f0   0x00000438   Code   RO         3930    i.__ieee754_rem_pio2  m_wm.l(rred.o)
    0x08005d28   0x00000170   Code   RO         3913    i.__kernel_cos      m_wm.l(cos_i.o)
    0x08005e98   0x000000f8   Code   RO         3987    i.__kernel_poly     m_wm.l(poly.o)
    0x08005f90   0x00000130   Code   RO         3935    i.__kernel_sin      m_wm.l(sin_i.o)
    0x080060c0   0x00000014   Code   RO         3917    i.__mathlib_dbl_infnan  m_wm.l(dunder.o)
    0x080060d4   0x00000004   PAD
    0x080060d8   0x00000020   Code   RO         3919    i.__mathlib_dbl_invalid  m_wm.l(dunder.o)
    0x080060f8   0x00000020   Code   RO         3922    i.__mathlib_dbl_underflow  m_wm.l(dunder.o)
    0x08006118   0x0000000e   Code   RO         3997    i.__scatterload_copy  mc_w.l(handlers.o)
    0x08006126   0x00000002   Code   RO         3998    i.__scatterload_null  mc_w.l(handlers.o)
    0x08006128   0x0000000e   Code   RO         3999    i.__scatterload_zeroinit  mc_w.l(handlers.o)
    0x08006136   0x00000002   PAD
    0x08006138   0x0000000c   Code   RO         3963    i.__set_errno       mc_w.l(errno.o)
    0x08006144   0x00000010   Code   RO         3846    i.cos               m_wm.l(cos.o)
    0x08006154   0x00000018   Code   RO         3981    i.fabs              m_wm.l(fabs.o)
    0x0800616c   0x000000f0   Code   RO         3425    i.main              main.o
    0x0800625c   0x0000006e   Code   RO         3858    i.sqrt              m_wm.l(sqrt.o)
    0x080062ca   0x0000003e   Code   RO         3870    i.sqrtf             m_wm.l(sqrtf.o)
    0x08006308   0x00000010   Data   RO          826    .constdata          system_stm32f4xx.o
    0x08006318   0x00000008   Data   RO          827    .constdata          system_stm32f4xx.o
    0x08006320   0x00000008   Data   RO         2912    .constdata          stm32f4xx_hal_dma.o
    0x08006328   0x00000010   Data   RO         3608    .constdata          arm_cortexM4l_math.lib(arm_const_structs.o)
    0x08006338   0x00002000   Data   RO         3772    .constdata          arm_cortexM4l_math.lib(arm_common_tables.o)
    0x08008338   0x00000e10   Data   RO         3801    .constdata          arm_cortexM4l_math.lib(arm_common_tables.o)
    0x08009148   0x00000030   Data   RO         3914    .constdata          m_wm.l(cos_i.o)
    0x08009178   0x000000c8   Data   RO         3932    .constdata          m_wm.l(rred.o)
    0x08009240   0x00000028   Data   RO         3936    .constdata          m_wm.l(sin_i.o)
    0x08009268   0x00000020   Data   RO         3995    Region$$Table       anon$$obj.o


    Execution Region RW_IRAM1 (Base: 0x20000000, Size: 0x00005998, Max: 0x00020000, ABSOLUTE, COMPRESSED[0x000015f0])

    Base Addr    Size         Type   Attr      Idx    E Section Name        Object

    0x20000000   0x00000008   Data   RW          587    .data               stm32f4_discovery_audio.o
    0x20000008   0x00000004   Data   RW          828    .data               system_stm32f4xx.o
    0x2000000c   0x00000004   Data   RW         2630    .data               stm32f4xx_hal.o
    0x20000010   0x00002010   Data   RW         3427    .data               main.o
    0x20002020   0x00000304   Data   RW         3496    .data               libPDMFilter_CM4_Keil.lib(pdm_filter.o)
    0x20002324   0x00000004   Data   RW         3964    .data               mc_w.l(errno.o)
    0x20002328   0x00000184   Zero   RW          585    .bss                stm32f4_discovery_audio.o
    0x200024ac   0x000030e8   Zero   RW         3426    .bss                main.o
    0x20005594   0x00000004   PAD
    0x20005598   0x00000400   Zero   RW            1    STACK               startup_stm32f407xx.o


==============================================================================

Image component sizes


      Code (inc. data)   RO Data    RW Data    ZI Data      Debug   Object Name

         0          0          0          0          0       4508   lis3dsh.o
      1116        144          0       8208      12520       5796   main.o
        36          8        392          0       1024        840   startup_stm32f407xx.o
         0          0          0          0          0     670804   stm32f4_discovery.o
       660         72          0          8        388      11746   stm32f4_discovery_audio.o
       148         22          0          4          0       4463   stm32f4xx_hal.o
       228         14          0          0          0      32197   stm32f4xx_hal_cortex.o
       582         12          8          0          0       5411   stm32f4xx_hal_dma.o
       450         44          0          0          0       3061   stm32f4xx_hal_gpio.o
       264         10          0          0          0       2995   stm32f4xx_hal_i2c.o
       912         30          0          0          0       5940   stm32f4xx_hal_i2s.o
       754         26          0          0          0       3639   stm32f4xx_hal_i2s_ex.o
       404         54          0          0          0       3483   stm32f4xx_hal_msp.o
      1388         76          0          0          0       5704   stm32f4xx_hal_rcc.o
       512         42          0          0          0       2936   stm32f4xx_hal_rcc_ex.o
        62          0          0          0          0       1115   stm32f4xx_hal_rng.o
       782          8          0          0          0       2068   stm32f4xx_hal_uart.o
        14          0          0          0          0        502   stm32f4xx_it.o
        84         18         24          4          0       1171   system_stm32f4xx.o

    ----------------------------------------------------------------------
      8414        580        456       8224      13936     768379   Object Totals
         0          0         32          0          0          0   (incl. Generated)
        18          0          0          0          4          0   (incl. Padding)

    ----------------------------------------------------------------------

      Code (inc. data)   RO Data    RW Data    ZI Data      Debug   Library Member Name

       192          0          0          0          0        524   arm_bitreversal2.o
      2610          0          0          0          0      16937   arm_cfft_f32.o
      2168         10          0          0          0       2519   arm_cfft_radix8_f32.o
       296          0          0          0          0      17716   arm_cmplx_mag_f32.o
         0          0      11792          0          0       4704   arm_common_tables.o
         0          0         16          0          0       4212   arm_const_structs.o
       206          0          0          0          0       1758   arm_max_f32.o
      6208        112          0        772          0        380   pdm_filter.o
       216         20          0          0          0        288   cos.o
       368         46         48          0          0        200   cos_i.o
        84         16          0          0          0        372   dunder.o
        24          0          0          0          0        124   fabs.o
        48          0          0          0          0        124   fpclassify.o
       248          0          0          0          0        152   poly.o
      1080        142        200          0          0        188   rred.o
       304         24         40          0          0        208   sin_i.o
       110          0          0          0          0        148   sqrt.o
        62          0          0          0          0        136   sqrtf.o
        86          0          0          0          0          0   __dczerorl2.o
         0          0          0          0          0          0   entry.o
         0          0          0          0          0          0   entry10a.o
         0          0          0          0          0          0   entry11a.o
         8          4          0          0          0          0   entry2.o
         4          0          0          0          0          0   entry5.o
         0          0          0          0          0          0   entry7b.o
         0          0          0          0          0          0   entry8b.o
         8          4          0          0          0          0   entry9a.o
        12          6          0          4          0         68   errno.o
        30          0          0          0          0          0   handlers.o
        36          8          0          0          0         68   init.o
         0          0          0          0          0          0   iusefp.o
        30          0          0          0          0         68   llshl.o
        36          0          0          0          0         68   llsshr.o
        32          0          0          0          0         68   llushr.o
        20          0          0          0          0         68   cfcmple.o
        20          0          0          0          0         68   cfrcmple.o
        56          0          0          0          0         88   d2f.o
       334          0          0          0          0        148   dadd.o
       222          0          0          0          0        100   ddiv.o
       186          0          0          0          0        176   depilogue.o
        62          0          0          0          0         80   dfixi.o
        50          0          0          0          0         76   dfixui.o
        34          0          0          0          0         76   dflti.o
        26          0          0          0          0         76   dfltui.o
       228          0          0          0          0         96   dmul.o
        46          0          0          0          0         80   dscalb.o
       162          0          0          0          0        100   dsqrt.o
        38          0          0          0          0         68   f2d.o
       176          0          0          0          0        140   fadd.o
       124          0          0          0          0         88   fdiv.o
       110          0          0          0          0        168   fepilogue.o
        10          0          0          0          0         68   ffltui.o
       100          0          0          0          0         76   fmul.o
        24          0          0          0          0         68   fscalb.o

    ----------------------------------------------------------------------
     16546        392      12096        776          0      52938   Library Totals
        12          0          0          0          0          0   (incl. Padding)

    ----------------------------------------------------------------------

      Code (inc. data)   RO Data    RW Data    ZI Data      Debug   Library Name

      5472         10      11808          0          0      48370   arm_cortexM4l_math.lib
      6208        112          0        772          0        380   libPDMFilter_CM4_Keil.lib
      2544        248        288          0          0       1940   m_wm.l
       282         22          0          4          0        340   mc_w.l
      2028          0          0          0          0       1908   mf_w.l

    ----------------------------------------------------------------------
     16546        392      12096        776          0      52938   Library Totals

    ----------------------------------------------------------------------

==============================================================================


      Code (inc. data)   RO Data    RW Data    ZI Data      Debug   

     24960        972      12552       9000      13936     812045   Grand Totals
     24960        972      12552       5616      13936     812045   ELF Image Totals (compressed)
     24960        972      12552       5616          0          0   ROM Totals

==============================================================================

    Total RO  Size (Code + RO Data)                37512 (  36.63kB)
    Total RW  Size (RW Data + ZI Data)             22936 (  22.40kB)
    Total ROM Size (Code + RO Data + RW Data)      43128 (  42.12kB)

==============================================================================

