Component: ARM Compiler 5.06 update 4 (build 422) Tool: armlink [4d35d2]

==============================================================================

Section Cross References

    startup_stm32f407xx.o(RESET) refers to startup_stm32f407xx.o(STACK) for __initial_sp
    startup_stm32f407xx.o(RESET) refers to startup_stm32f407xx.o(.text) for Reset_Handler
    startup_stm32f407xx.o(RESET) refers to stm32f4xx_it.o(i.SysTick_Handler) for SysTick_Handler
    startup_stm32f407xx.o(.text) refers to system_stm32f4xx.o(i.SystemInit) for SystemInit
    startup_stm32f407xx.o(.text) refers to entry.o(.ARM.Collect$$$$00000000) for __main
    lis3dsh.o(i.LIS3DSH_Click_IntConfig) refers to stm32f4_discovery.o(i.ACCELERO_IO_ITConfig) for ACCELERO_IO_ITConfig
    lis3dsh.o(i.LIS3DSH_Click_IntConfig) refers to lis3dsh.o(i.LIS3DSH_InterruptConfig) for LIS3DSH_InterruptConfig
    lis3dsh.o(i.LIS3DSH_Click_IntConfig) refers to stm32f4_discovery.o(i.ACCELERO_IO_Write) for ACCELERO_IO_Write
    lis3dsh.o(i.LIS3DSH_DataRateCmd) refers to stm32f4_discovery.o(i.ACCELERO_IO_Read) for ACCELERO_IO_Read
    lis3dsh.o(i.LIS3DSH_DataRateCmd) refers to stm32f4_discovery.o(i.ACCELERO_IO_Write) for ACCELERO_IO_Write
    lis3dsh.o(i.LIS3DSH_FullScaleCmd) refers to stm32f4_discovery.o(i.ACCELERO_IO_Read) for ACCELERO_IO_Read
    lis3dsh.o(i.LIS3DSH_FullScaleCmd) refers to stm32f4_discovery.o(i.ACCELERO_IO_Write) for ACCELERO_IO_Write
    lis3dsh.o(i.LIS3DSH_Init) refers to stm32f4_discovery.o(i.ACCELERO_IO_Init) for ACCELERO_IO_Init
    lis3dsh.o(i.LIS3DSH_Init) refers to stm32f4_discovery.o(i.ACCELERO_IO_Write) for ACCELERO_IO_Write
    lis3dsh.o(i.LIS3DSH_InterruptConfig) refers to stm32f4_discovery.o(i.ACCELERO_IO_Write) for ACCELERO_IO_Write
    lis3dsh.o(i.LIS3DSH_ODR_LowpowerCmd) refers to stm32f4_discovery.o(i.ACCELERO_IO_Read) for ACCELERO_IO_Read
    lis3dsh.o(i.LIS3DSH_ODR_LowpowerCmd) refers to stm32f4_discovery.o(i.ACCELERO_IO_Write) for ACCELERO_IO_Write
    lis3dsh.o(i.LIS3DSH_ReadACC) refers to stm32f4_discovery.o(i.ACCELERO_IO_Read) for ACCELERO_IO_Read
    lis3dsh.o(i.LIS3DSH_ReadID) refers to stm32f4_discovery.o(i.ACCELERO_IO_Init) for ACCELERO_IO_Init
    lis3dsh.o(i.LIS3DSH_ReadID) refers to stm32f4_discovery.o(i.ACCELERO_IO_Read) for ACCELERO_IO_Read
    lis3dsh.o(i.LIS3DSH_RebootCmd) refers to stm32f4_discovery.o(i.ACCELERO_IO_Read) for ACCELERO_IO_Read
    lis3dsh.o(i.LIS3DSH_RebootCmd) refers to stm32f4_discovery.o(i.ACCELERO_IO_Write) for ACCELERO_IO_Write
    lis3dsh.o(.data) refers to lis3dsh.o(i.LIS3DSH_Init) for LIS3DSH_Init
    lis3dsh.o(.data) refers to lis3dsh.o(i.LIS3DSH_DeInit) for LIS3DSH_DeInit
    lis3dsh.o(.data) refers to lis3dsh.o(i.LIS3DSH_ReadID) for LIS3DSH_ReadID
    lis3dsh.o(.data) refers to lis3dsh.o(i.LIS3DSH_RebootCmd) for LIS3DSH_RebootCmd
    lis3dsh.o(.data) refers to lis3dsh.o(i.LIS3DSH_Click_IntConfig) for LIS3DSH_Click_IntConfig
    lis3dsh.o(.data) refers to lis3dsh.o(i.LIS3DSH_ReadACC) for LIS3DSH_ReadACC
    lis302dl.o(i.LIS302DL_Click_IntClear) refers to stm32f4_discovery.o(i.ACCELERO_IO_Read) for ACCELERO_IO_Read
    lis302dl.o(i.LIS302DL_Click_IntConfig) refers to stm32f4_discovery.o(i.ACCELERO_IO_ITConfig) for ACCELERO_IO_ITConfig
    lis302dl.o(i.LIS302DL_Click_IntConfig) refers to lis302dl.o(i.LIS302DL_InterruptConfig) for LIS302DL_InterruptConfig
    lis302dl.o(i.LIS302DL_Click_IntConfig) refers to stm32f4_discovery.o(i.ACCELERO_IO_Write) for ACCELERO_IO_Write
    lis302dl.o(i.LIS302DL_DataRateCmd) refers to stm32f4_discovery.o(i.ACCELERO_IO_Read) for ACCELERO_IO_Read
    lis302dl.o(i.LIS302DL_DataRateCmd) refers to stm32f4_discovery.o(i.ACCELERO_IO_Write) for ACCELERO_IO_Write
    lis302dl.o(i.LIS302DL_FilterConfig) refers to stm32f4_discovery.o(i.ACCELERO_IO_Read) for ACCELERO_IO_Read
    lis302dl.o(i.LIS302DL_FilterConfig) refers to stm32f4_discovery.o(i.ACCELERO_IO_Write) for ACCELERO_IO_Write
    lis302dl.o(i.LIS302DL_FullScaleCmd) refers to stm32f4_discovery.o(i.ACCELERO_IO_Read) for ACCELERO_IO_Read
    lis302dl.o(i.LIS302DL_FullScaleCmd) refers to stm32f4_discovery.o(i.ACCELERO_IO_Write) for ACCELERO_IO_Write
    lis302dl.o(i.LIS302DL_Init) refers to stm32f4_discovery.o(i.ACCELERO_IO_Init) for ACCELERO_IO_Init
    lis302dl.o(i.LIS302DL_Init) refers to stm32f4_discovery.o(i.ACCELERO_IO_Write) for ACCELERO_IO_Write
    lis302dl.o(i.LIS302DL_InterruptConfig) refers to stm32f4_discovery.o(i.ACCELERO_IO_Read) for ACCELERO_IO_Read
    lis302dl.o(i.LIS302DL_InterruptConfig) refers to stm32f4_discovery.o(i.ACCELERO_IO_Write) for ACCELERO_IO_Write
    lis302dl.o(i.LIS302DL_LowpowerCmd) refers to stm32f4_discovery.o(i.ACCELERO_IO_Read) for ACCELERO_IO_Read
    lis302dl.o(i.LIS302DL_LowpowerCmd) refers to stm32f4_discovery.o(i.ACCELERO_IO_Write) for ACCELERO_IO_Write
    lis302dl.o(i.LIS302DL_ReadACC) refers to stm32f4_discovery.o(i.ACCELERO_IO_Read) for ACCELERO_IO_Read
    lis302dl.o(i.LIS302DL_ReadID) refers to stm32f4_discovery.o(i.ACCELERO_IO_Init) for ACCELERO_IO_Init
[...]
    Removing stm32f4xx_hal_uart.o(i.HAL_UART_IRQHandler), (272 bytes).
    Removing stm32f4xx_hal_uart.o(i.HAL_UART_MspDeInit), (2 bytes).
    Removing stm32f4xx_hal_uart.o(i.HAL_UART_MspInit), (2 bytes).
    Removing stm32f4xx_hal_uart.o(i.HAL_UART_Receive), (184 bytes).
    Removing stm32f4xx_hal_uart.o(i.HAL_UART_Receive_DMA), (152 bytes).
    Removing stm32f4xx_hal_uart.o(i.HAL_UART_Receive_IT), (72 bytes).
    Removing stm32f4xx_hal_uart.o(i.HAL_UART_RxCpltCallback), (2 bytes).
    Removing stm32f4xx_hal_uart.o(i.HAL_UART_RxHalfCpltCallback), (2 bytes).
    Removing stm32f4xx_hal_uart.o(i.HAL_UART_Transmit_DMA), (128 bytes).
    Removing stm32f4xx_hal_uart.o(i.HAL_UART_Transmit_IT), (62 bytes).
    Removing stm32f4xx_hal_uart.o(i.HAL_UART_TxCpltCallback), (2 bytes).
    Removing stm32f4xx_hal_uart.o(i.HAL_UART_TxHalfCpltCallback), (2 bytes).
    Removing stm32f4xx_hal_uart.o(i.UART_DMAAbortOnError), (16 bytes).
    Removing stm32f4xx_hal_uart.o(i.UART_DMAError), (74 bytes).
    Removing stm32f4xx_hal_uart.o(i.UART_DMAReceiveCplt), (60 bytes).
    Removing stm32f4xx_hal_uart.o(i.UART_DMARxAbortCallback), (42 bytes).
    Removing stm32f4xx_hal_uart.o(i.UART_DMARxHalfCplt), (10 bytes).
    Removing stm32f4xx_hal_uart.o(i.UART_DMARxOnlyAbortCallback), (20 bytes).
    Removing stm32f4xx_hal_uart.o(i.UART_DMATransmitCplt), (46 bytes).
    Removing stm32f4xx_hal_uart.o(i.UART_DMATxAbortCallback), (42 bytes).
    Removing stm32f4xx_hal_uart.o(i.UART_DMATxHalfCplt), (10 bytes).
    Removing stm32f4xx_hal_uart.o(i.UART_DMATxOnlyAbortCallback), (20 bytes).
    Removing stm32f4xx_hal_uart.o(i.UART_EndRxTransfer), (28 bytes).
    Removing stm32f4xx_hal_uart.o(i.UART_EndTxTransfer), (18 bytes).
    Removing stm32f4xx_hal_uart.o(i.UART_Receive_IT), (140 bytes).
    Removing stm32f4xx_hal_uart.o(i.UART_Transmit_IT), (98 bytes).
    Removing stm32f4xx_hal_pwr_ex.o(.rev16_text), (4 bytes).
    Removing stm32f4xx_hal_pwr_ex.o(.revsh_text), (4 bytes).
    Removing stm32f4xx_hal_pwr_ex.o(.rrx_text), (6 bytes).
    Removing stm32f4xx_hal_pwr_ex.o(i.HAL_PWREx_ControlVoltageScaling), (88 bytes).
    Removing stm32f4xx_hal_pwr_ex.o(i.HAL_PWREx_DisableBkUpReg), (76 bytes).
    Removing stm32f4xx_hal_pwr_ex.o(i.HAL_PWREx_DisableFlashPowerDown), (28 bytes).
    Removing stm32f4xx_hal_pwr_ex.o(i.HAL_PWREx_EnableBkUpReg), (76 bytes).
    Removing stm32f4xx_hal_pwr_ex.o(i.HAL_PWREx_EnableFlashPowerDown), (24 bytes).
    Removing stm32f4xx_hal_pwr_ex.o(i.HAL_PWREx_GetVoltageRange), (16 bytes).
    Removing stm32f4xx_hal_tim.o(.rev16_text), (4 bytes).
    Removing stm32f4xx_hal_tim.o(.revsh_text), (4 bytes).
    Removing stm32f4xx_hal_tim.o(.rrx_text), (6 bytes).
    Removing stm32f4xx_hal.o(.rev16_text), (4 bytes).
    Removing stm32f4xx_hal.o(.revsh_text), (4 bytes).
    Removing stm32f4xx_hal.o(.rrx_text), (6 bytes).
    Removing stm32f4xx_hal.o(i.HAL_DBGMCU_DisableDBGSleepMode), (16 bytes).
    Removing stm32f4xx_hal.o(i.HAL_DBGMCU_DisableDBGStandbyMode), (16 bytes).
    Removing stm32f4xx_hal.o(i.HAL_DBGMCU_DisableDBGStopMode), (16 bytes).
    Removing stm32f4xx_hal.o(i.HAL_DBGMCU_EnableDBGSleepMode), (16 bytes).
    Removing stm32f4xx_hal.o(i.HAL_DBGMCU_EnableDBGStandbyMode), (16 bytes).
    Removing stm32f4xx_hal.o(i.HAL_DBGMCU_EnableDBGStopMode), (16 bytes).
    Removing stm32f4xx_hal.o(i.HAL_DeInit), (52 bytes).
    Removing stm32f4xx_hal.o(i.HAL_DisableCompensationCell), (28 bytes).
    Removing stm32f4xx_hal.o(i.HAL_EnableCompensationCell), (28 bytes).
    Removing stm32f4xx_hal.o(i.HAL_GetDEVID), (16 bytes).
    Removing stm32f4xx_hal.o(i.HAL_GetHalVersion), (8 bytes).
    Removing stm32f4xx_hal.o(i.HAL_GetREVID), (12 bytes).
    Removing stm32f4xx_hal.o(i.HAL_GetUID), (28 bytes).
    Removing stm32f4xx_hal.o(i.HAL_MspDeInit), (2 bytes).
    Removing stm32f4xx_hal.o(i.HAL_MspInit), (2 bytes).
    Removing stm32f4xx_hal.o(i.HAL_ResumeTick), (14 bytes).
    Removing stm32f4xx_hal.o(i.HAL_SuspendTick), (14 bytes).
    Removing stm32f4xx_hal_flash.o(.rev16_text), (4 bytes).
    Removing stm32f4xx_hal_flash.o(.revsh_text), (4 bytes).
    Removing stm32f4xx_hal_flash.o(.rrx_text), (6 bytes).
    Removing stm32f4xx_hal_flash.o(i.FLASH_Program_Byte), (32 bytes).
    Removing stm32f4xx_hal_flash.o(i.FLASH_Program_DoubleWord), (40 bytes).
    Removing stm32f4xx_hal_flash.o(i.FLASH_Program_HalfWord), (36 bytes).
    Removing stm32f4xx_hal_flash.o(i.FLASH_Program_Word), (36 bytes).
    Removing stm32f4xx_hal_flash.o(i.FLASH_SetErrorCode), (104 bytes).
    Removing stm32f4xx_hal_flash.o(i.FLASH_WaitForLastOperation), (80 bytes).
    Removing stm32f4xx_hal_flash.o(i.HAL_FLASH_EndOfOperationCallback), (2 bytes).
    Removing stm32f4xx_hal_flash.o(i.HAL_FLASH_GetError), (12 bytes).
    Removing stm32f4xx_hal_flash.o(i.HAL_FLASH_IRQHandler), (204 bytes).
    Removing stm32f4xx_hal_flash.o(i.HAL_FLASH_Lock), (20 bytes).
    Removing stm32f4xx_hal_flash.o(i.HAL_FLASH_OB_Launch), (24 bytes).
    Removing stm32f4xx_hal_flash.o(i.HAL_FLASH_OB_Lock), (20 bytes).
    Removing stm32f4xx_hal_flash.o(i.HAL_FLASH_OB_Unlock), (40 bytes).
    Removing stm32f4xx_hal_flash.o(i.HAL_FLASH_OperationErrorCallback), (2 bytes).
    Removing stm32f4xx_hal_flash.o(i.HAL_FLASH_Program), (124 bytes).
    Removing stm32f4xx_hal_flash.o(i.HAL_FLASH_Program_IT), (108 bytes).
    Removing stm32f4xx_hal_flash.o(i.HAL_FLASH_Unlock), (40 bytes).
    Removing stm32f4xx_hal_flash.o(.bss), (32 bytes).
    Removing stm32f4xx_hal_tim_ex.o(.rev16_text), (4 bytes).
    Removing stm32f4xx_hal_tim_ex.o(.revsh_text), (4 bytes).
    Removing stm32f4xx_hal_tim_ex.o(.rrx_text), (6 bytes).
    Removing stm32f4xx_hal_dma.o(.rev16_text), (4 bytes).
    Removing stm32f4xx_hal_dma.o(.revsh_text), (4 bytes).
    Removing stm32f4xx_hal_dma.o(.rrx_text), (6 bytes).
    Removing stm32f4xx_hal_dma.o(i.DMA_CalcBaseAndBitshift), (40 bytes).
    Removing stm32f4xx_hal_dma.o(i.DMA_CheckFifoParam), (84 bytes).
    Removing stm32f4xx_hal_dma.o(i.DMA_SetConfig), (40 bytes).
    Removing stm32f4xx_hal_dma.o(i.HAL_DMA_Abort), (142 bytes).
    Removing stm32f4xx_hal_dma.o(i.HAL_DMA_Abort_IT), (36 bytes).
    Removing stm32f4xx_hal_dma.o(i.HAL_DMA_DeInit), (86 bytes).
    Removing stm32f4xx_hal_dma.o(i.HAL_DMA_GetError), (4 bytes).
    Removing stm32f4xx_hal_dma.o(i.HAL_DMA_GetState), (6 bytes).
    Removing stm32f4xx_hal_dma.o(i.HAL_DMA_IRQHandler), (424 bytes).
    Removing stm32f4xx_hal_dma.o(i.HAL_DMA_Init), (212 bytes).
    Removing stm32f4xx_hal_dma.o(i.HAL_DMA_PollForTransfer), (300 bytes).
    Removing stm32f4xx_hal_dma.o(i.HAL_DMA_RegisterCallback), (80 bytes).
    Removing stm32f4xx_hal_dma.o(i.HAL_DMA_Start), (70 bytes).
    Removing stm32f4xx_hal_dma.o(i.HAL_DMA_Start_IT), (120 bytes).
    Removing stm32f4xx_hal_dma.o(i.HAL_DMA_UnRegisterCallback), (96 bytes).
    Removing stm32f4xx_hal_dma.o(.constdata), (8 bytes).
    Removing stm32f4xx_hal_spi.o(.rev16_text), (4 bytes).
    Removing stm32f4xx_hal_spi.o(.revsh_text), (4 bytes).
    Removing stm32f4xx_hal_spi.o(.rrx_text), (6 bytes).
    Removing stm32f4xx_hal_spi.o(i.HAL_SPI_Abort), (192 bytes).
    Removing stm32f4xx_hal_spi.o(i.HAL_SPI_AbortCpltCallback), (2 bytes).
    Removing stm32f4xx_hal_spi.o(i.HAL_SPI_Abort_IT), (232 bytes).
    Removing stm32f4xx_hal_spi.o(i.HAL_SPI_DMAPause), (38 bytes).
    Removing stm32f4xx_hal_spi.o(i.HAL_SPI_DMAResume), (38 bytes).
    Removing stm32f4xx_hal_spi.o(i.HAL_SPI_DMAStop), (40 bytes).
    Removing stm32f4xx_hal_spi.o(i.HAL_SPI_DeInit), (46 bytes).
    Removing stm32f4xx_hal_spi.o(i.HAL_SPI_ErrorCallback), (2 bytes).
    Removing stm32f4xx_hal_spi.o(i.HAL_SPI_GetError), (4 bytes).
    Removing stm32f4xx_hal_spi.o(i.HAL_SPI_GetState), (6 bytes).
    Removing stm32f4xx_hal_spi.o(i.HAL_SPI_IRQHandler), (212 bytes).
    Removing stm32f4xx_hal_spi.o(i.HAL_SPI_Init), (128 bytes).
    Removing stm32f4xx_hal_spi.o(i.HAL_SPI_MspDeInit), (2 bytes).
    Removing stm32f4xx_hal_spi.o(i.HAL_SPI_MspInit), (2 bytes).
    Removing stm32f4xx_hal_spi.o(i.HAL_SPI_Receive), (336 bytes).
    Removing stm32f4xx_hal_spi.o(i.HAL_SPI_Receive_DMA), (212 bytes).
    Removing stm32f4xx_hal_spi.o(i.HAL_SPI_Receive_IT), (164 bytes).
    Removing stm32f4xx_hal_spi.o(i.HAL_SPI_RxCpltCallback), (2 bytes).
    Removing stm32f4xx_hal_spi.o(i.HAL_SPI_RxHalfCpltCallback), (2 bytes).
    Removing stm32f4xx_hal_spi.o(i.HAL_SPI_Transmit), (360 bytes).
    Removing stm32f4xx_hal_spi.o(i.HAL_SPI_TransmitReceive), (472 bytes).
    Removing stm32f4xx_hal_spi.o(i.HAL_SPI_TransmitReceive_DMA), (264 bytes).
    Removing stm32f4xx_hal_spi.o(i.HAL_SPI_TransmitReceive_IT), (164 bytes).
    Removing stm32f4xx_hal_spi.o(i.HAL_SPI_Transmit_DMA), (184 bytes).
    Removing stm32f4xx_hal_spi.o(i.HAL_SPI_Transmit_IT), (152 bytes).
    Removing stm32f4xx_hal_spi.o(i.HAL_SPI_TxCpltCallback), (2 bytes).
    Removing stm32f4xx_hal_spi.o(i.HAL_SPI_TxHalfCpltCallback), (2 bytes).
    Removing stm32f4xx_hal_spi.o(i.HAL_SPI_TxRxCpltCallback), (2 bytes).
    Removing stm32f4xx_hal_spi.o(i.HAL_SPI_TxRxHalfCpltCallback), (2 bytes).
    Removing stm32f4xx_hal_spi.o(i.SPI_2linesRxISR_16BIT), (48 bytes).
    Removing stm32f4xx_hal_spi.o(i.SPI_2linesRxISR_8BIT), (46 bytes).
    Removing stm32f4xx_hal_spi.o(i.SPI_2linesTxISR_16BIT), (48 bytes).
    Removing stm32f4xx_hal_spi.o(i.SPI_2linesTxISR_8BIT), (46 bytes).
    Removing stm32f4xx_hal_spi.o(i.SPI_AbortRx_ISR), (80 bytes).
    Removing stm32f4xx_hal_spi.o(i.SPI_AbortTx_ISR), (22 bytes).
    Removing stm32f4xx_hal_spi.o(i.SPI_CheckFlag_BSY), (32 bytes).
    Removing stm32f4xx_hal_spi.o(i.SPI_CloseRxTx_ISR), (144 bytes).
    Removing stm32f4xx_hal_spi.o(i.SPI_CloseRx_ISR), (78 bytes).
    Removing stm32f4xx_hal_spi.o(i.SPI_CloseTx_ISR), (124 bytes).
    Removing stm32f4xx_hal_spi.o(i.SPI_DMAAbortOnError), (16 bytes).
    Removing stm32f4xx_hal_spi.o(i.SPI_DMAError), (34 bytes).
    Removing stm32f4xx_hal_spi.o(i.SPI_DMAHalfReceiveCplt), (10 bytes).
    Removing stm32f4xx_hal_spi.o(i.SPI_DMAHalfTransmitCplt), (10 bytes).
    Removing stm32f4xx_hal_spi.o(i.SPI_DMAHalfTransmitReceiveCplt), (10 bytes).
    Removing stm32f4xx_hal_spi.o(i.SPI_DMAReceiveCplt), (82 bytes).
    Removing stm32f4xx_hal_spi.o(i.SPI_DMARxAbortCallback), (70 bytes).
    Removing stm32f4xx_hal_spi.o(i.SPI_DMATransmitCplt), (90 bytes).
    Removing stm32f4xx_hal_spi.o(i.SPI_DMATransmitReceiveCplt), (80 bytes).
    Removing stm32f4xx_hal_spi.o(i.SPI_DMATxAbortCallback), (104 bytes).
    Removing stm32f4xx_hal_spi.o(i.SPI_RxISR_16BIT), (32 bytes).
    Removing stm32f4xx_hal_spi.o(i.SPI_RxISR_8BIT), (30 bytes).
    Removing stm32f4xx_hal_spi.o(i.SPI_TxISR_16BIT), (32 bytes).
    Removing stm32f4xx_hal_spi.o(i.SPI_TxISR_8BIT), (30 bytes).
    Removing stm32f4xx_hal_spi.o(i.SPI_WaitFlagStateUntilTimeout), (150 bytes).
    Removing stm32f4xx_hal_msp.o(.rev16_text), (4 bytes).
    Removing stm32f4xx_hal_msp.o(.revsh_text), (4 bytes).
    Removing stm32f4xx_hal_msp.o(.rrx_text), (6 bytes).
    Removing stm32f4xx_hal_msp.o(i.HAL_I2C_MspDeInit), (44 bytes).
    Removing stm32f4xx_hal_msp.o(i.HAL_I2S_MspDeInit), (60 bytes).
    Removing stm32f4xx_hal_msp.o(i.HAL_RNG_MspDeInit), (28 bytes).
    Removing stm32f4xx_hal_msp.o(i.HAL_UART_MspDeInit), (40 bytes).
    Removing stm32f4xx_it.o(.rev16_text), (4 bytes).
    Removing stm32f4xx_it.o(.revsh_text), (4 bytes).
    Removing stm32f4xx_it.o(.rrx_text), (6 bytes).
    Removing main.o(.rev16_text), (4 bytes).
    Removing main.o(.revsh_text), (4 bytes).
    Removing main.o(.rrx_text), (6 bytes).
    Removing main.o(i.HAL_UART_TxCpltCallback), (16 bytes).
    Removing main.o(.bss), (4096 bytes).
    Removing main.o(.bss), (4096 bytes).
    Removing main.o(.data), (8192 bytes).
    Removing main.o(.data), (4 bytes).
    Removing main.o(.data), (4 bytes).
    Removing main.o(.data), (4 bytes).
    Removing main.o(.data), (4 bytes).
    Removing main.o(.data), (4 bytes).
    Removing pdm_filter.o(.text), (6208 bytes).
    Removing pdm_filter.o(.data), (772 bytes).
    Removing arm_cmplx_mag_f32.o(.rev16_text), (4 bytes).
    Removing arm_cmplx_mag_f32.o(.revsh_text), (4 bytes).
    Removing arm_cmplx_mag_f32.o(.rrx_text), (6 bytes).
    Removing arm_cfft_radix4_f32.o(.rev16_text), (4 bytes).
    Removing arm_cfft_radix4_f32.o(.revsh_text), (4 bytes).
    Removing arm_cfft_radix4_f32.o(.rrx_text), (6 bytes).
    Removing arm_cfft_radix4_init_f32.o(.rev16_text), (4 bytes).
    Removing arm_cfft_radix4_init_f32.o(.revsh_text), (4 bytes).
    Removing arm_cfft_radix4_init_f32.o(.rrx_text), (6 bytes).
    Removing arm_max_f32.o(.rev16_text), (4 bytes).
    Removing arm_max_f32.o(.revsh_text), (4 bytes).
    Removing arm_max_f32.o(.rrx_text), (6 bytes).
    Removing arm_bitreversal.o(.rev16_text), (4 bytes).
    Removing arm_bitreversal.o(.revsh_text), (4 bytes).
    Removing arm_bitreversal.o(.rrx_text), (6 bytes).
    Removing arm_common_tables.o(.rev16_text), (4 bytes).
    Removing arm_common_tables.o(.revsh_text), (4 bytes).
    Removing arm_common_tables.o(.rrx_text), (6 bytes).
    Removing arm_common_tables.o(.constdata), (128 bytes).
    Removing arm_common_tables.o(.constdata), (256 bytes).
    Removing arm_common_tables.o(.constdata), (512 bytes).
    Removing arm_common_tables.o(.constdata), (1024 bytes).
    Removing arm_common_tables.o(.constdata), (2048 bytes).
    Removing arm_common_tables.o(.constdata), (4096 bytes).
    Removing arm_common_tables.o(.constdata), (8192 bytes).
    Removing arm_common_tables.o(.constdata), (16384 bytes).
    Removing arm_common_tables.o(.constdata), (96 bytes).
    Removing arm_common_tables.o(.constdata), (192 bytes).
    Removing arm_common_tables.o(.constdata), (384 bytes).
    Removing arm_common_tables.o(.constdata), (768 bytes).
    Removing arm_common_tables.o(.constdata), (1536 bytes).
    Removing arm_common_tables.o(.constdata), (3072 bytes).
    Removing arm_common_tables.o(.constdata), (6144 bytes).
    Removing arm_common_tables.o(.constdata), (12288 bytes).
    Removing arm_common_tables.o(.constdata), (24576 bytes).
    Removing arm_common_tables.o(.constdata), (48 bytes).
    Removing arm_common_tables.o(.constdata), (96 bytes).
    Removing arm_common_tables.o(.constdata), (192 bytes).
    Removing arm_common_tables.o(.constdata), (384 bytes).
    Removing arm_common_tables.o(.constdata), (768 bytes).
    Removing arm_common_tables.o(.constdata), (1536 bytes).
    Removing arm_common_tables.o(.constdata), (3072 bytes).
    Removing arm_common_tables.o(.constdata), (6144 bytes).
    Removing arm_common_tables.o(.constdata), (12288 bytes).
    Removing arm_common_tables.o(.constdata), (128 bytes).
    Removing arm_common_tables.o(.constdata), (256 bytes).
    Removing arm_common_tables.o(.constdata), (40 bytes).
    Removing arm_common_tables.o(.constdata), (96 bytes).
    Removing arm_common_tables.o(.constdata), (112 bytes).
    Removing arm_common_tables.o(.constdata), (416 bytes).
    Removing arm_common_tables.o(.constdata), (880 bytes).
    Removing arm_common_tables.o(.constdata), (896 bytes).
    Removing arm_common_tables.o(.constdata), (3600 bytes).
    Removing arm_common_tables.o(.constdata), (7616 bytes).
    Removing arm_common_tables.o(.constdata), (8064 bytes).
    Removing arm_common_tables.o(.constdata), (24 bytes).
    Removing arm_common_tables.o(.constdata), (48 bytes).
    Removing arm_common_tables.o(.constdata), (112 bytes).
    Removing arm_common_tables.o(.constdata), (224 bytes).
    Removing arm_common_tables.o(.constdata), (480 bytes).
    Removing arm_common_tables.o(.constdata), (960 bytes).
    Removing arm_common_tables.o(.constdata), (1984 bytes).
    Removing arm_common_tables.o(.constdata), (3968 bytes).
    Removing arm_common_tables.o(.constdata), (8064 bytes).
    Removing arm_common_tables.o(.constdata), (128 bytes).
    Removing arm_common_tables.o(.constdata), (256 bytes).
    Removing arm_common_tables.o(.constdata), (512 bytes).
    Removing arm_common_tables.o(.constdata), (1024 bytes).
    Removing arm_common_tables.o(.constdata), (2048 bytes).
    Removing arm_common_tables.o(.constdata), (4096 bytes).
    Removing arm_common_tables.o(.constdata), (8192 bytes).
    Removing arm_common_tables.o(.constdata), (16384 bytes).
    Removing arm_common_tables.o(.constdata), (2052 bytes).
    Removing arm_common_tables.o(.constdata), (2052 bytes).
    Removing arm_common_tables.o(.constdata), (1026 bytes).
    Removing fscalb.o(.text), (24 bytes).
    Removing dscalb.o(.text), (46 bytes).
    Removing ffltui.o(.text), (10 bytes).
    Removing dfltui.o(.text), (26 bytes).
    Removing dfixui.o(.text), (50 bytes).
    Removing d2f.o(.text), (56 bytes).
    Removing cfrcmple.o(.text), (20 bytes).
    Removing dneg.o(.text), (6 bytes).
    Removing dsqrt.o(.text), (162 bytes).
    Removing cdcmple.o(.text), (48 bytes).
    Removing dflti.o(.text), (34 bytes).
    Removing dfixi.o(.text), (62 bytes).

612 unused section(s) (total 244182 bytes) removed from the image.

==============================================================================

Image Symbol Table

    Local Symbols

    Symbol Name                              Value     Ov Type        Size  Object(Section)

    ../Drivers/STM32F4xx_HAL_Driver/Src/stm32f4xx_hal.c 0x00000000   Number         0  stm32f4xx_hal.o ABSOLUTE
    ../Drivers/STM32F4xx_HAL_Driver/Src/stm32f4xx_hal_cortex.c 0x00000000   Number         0  stm32f4xx_hal_cortex.o ABSOLUTE
    ../Drivers/STM32F4xx_HAL_Driver/Src/stm32f4xx_hal_dma.c 0x00000000   Number         0  stm32f4xx_hal_dma.o ABSOLUTE
    ../Drivers/STM32F4xx_HAL_Driver/Src/stm32f4xx_hal_dma_ex.c 0x00000000   Number         0  stm32f4xx_hal_dma_ex.o ABSOLUTE
    ../Drivers/STM32F4xx_HAL_Driver/Src/stm32f4xx_hal_flash.c 0x00000000   Number         0  stm32f4xx_hal_flash.o ABSOLUTE
    ../Drivers/STM32F4xx_HAL_Driver/Src/stm32f4xx_hal_flash_ex.c 0x00000000   Number         0  stm32f4xx_hal_flash_ex.o ABSOLUTE
    ../Drivers/STM32F4xx_HAL_Driver/Src/stm32f4xx_hal_flash_ramfunc.c 0x00000000   Number         0  stm32f4xx_hal_flash_ramfunc.o ABSOLUTE
    ../Drivers/STM32F4xx_HAL_Driver/Src/stm32f4xx_hal_gpio.c 0x00000000   Number         0  stm32f4xx_hal_gpio.o ABSOLUTE
    ../Drivers/STM32F4xx_HAL_Driver/Src/stm32f4xx_hal_i2c.c 0x00000000   Number         0  stm32f4xx_hal_i2c.o ABSOLUTE
    ../Drivers/STM32F4xx_HAL_Driver/Src/stm32f4xx_hal_i2c_ex.c 0x00000000   Number         0  stm32f4xx_hal_i2c_ex.o ABSOLUTE
    ../Drivers/STM32F4xx_HAL_Driver/Src/stm32f4xx_hal_i2s.c 0x00000000   Number         0  stm32f4xx_hal_i2s.o ABSOLUTE
    ../Drivers/STM32F4xx_HAL_Driver/Src/stm32f4xx_hal_i2s_ex.c 0x00000000   Number         0  stm32f4xx_hal_i2s_ex.o ABSOLUTE
    ../Drivers/STM32F4xx_HAL_Driver/Src/stm32f4xx_hal_pwr.c 0x00000000   Number         0  stm32f4xx_hal_pwr.o ABSOLUTE
    ../Drivers/STM32F4xx_HAL_Driver/Src/stm32f4xx_hal_pwr_ex.c 0x00000000   Number         0  stm32f4xx_hal_pwr_ex.o ABSOLUTE
    ../Drivers/STM32F4xx_HAL_Driver/Src/stm32f4xx_hal_rcc.c 0x00000000   Number         0  stm32f4xx_hal_rcc.o ABSOLUTE
    ../Drivers/STM32F4xx_HAL_Driver/Src/stm32f4xx_hal_rcc_ex.c 0x00000000   Number         0  stm32f4xx_hal_rcc_ex.o ABSOLUTE
    ../Drivers/STM32F4xx_HAL_Driver/Src/stm32f4xx_hal_rng.c 0x00000000   Number         0  stm32f4xx_hal_rng.o ABSOLUTE
    ../Drivers/STM32F4xx_HAL_Driver/Src/stm32f4xx_hal_tim.c 0x00000000   Number         0  stm32f4xx_hal_tim.o ABSOLUTE
    ../Drivers/STM32F4xx_HAL_Driver/Src/stm32f4xx_hal_tim_ex.c 0x00000000   Number         0  stm32f4xx_hal_tim_ex.o ABSOLUTE
    ../Drivers/STM32F4xx_HAL_Driver/Src/stm32f4xx_hal_uart.c 0x00000000   Number         0  stm32f4xx_hal_uart.o ABSOLUTE
    ../Src/main.c                            0x00000000   Number         0  main.o ABSOLUTE
    ../Src/stm32f4xx_hal_msp.c               0x00000000   Number         0  stm32f4xx_hal_msp.o ABSOLUTE
    ../Src/stm32f4xx_it.c                    0x00000000   Number         0  stm32f4xx_it.o ABSOLUTE
    ../Src/system_stm32f4xx.c                0x00000000   Number         0  system_stm32f4xx.o ABSOLUTE
    ../clib/../cmprslib/zerorunl2.c          0x00000000   Number         0  __dczerorl2.o ABSOLUTE
    ../clib/microlib/division.c              0x00000000   Number         0  uldiv.o ABSOLUTE
    ../clib/microlib/division.c              0x00000000   Number         0  uidiv.o ABSOLUTE
    ../clib/microlib/errno.c                 0x00000000   Number         0  errno.o ABSOLUTE
    ../clib/microlib/init/entry.s            0x00000000   Number         0  entry.o ABSOLUTE
    ../clib/microlib/init/entry.s            0x00000000   Number         0  entry11b.o ABSOLUTE
    ../clib/microlib/init/entry.s            0x00000000   Number         0  entry11a.o ABSOLUTE
    ../clib/microlib/init/entry.s            0x00000000   Number         0  entry10b.o ABSOLUTE
    ../clib/microlib/init/entry.s            0x00000000   Number         0  entry10a.o ABSOLUTE
    ../clib/microlib/init/entry.s            0x00000000   Number         0  entry9b.o ABSOLUTE
    ../clib/microlib/init/entry.s            0x00000000   Number         0  entry9a.o ABSOLUTE
    ../clib/microlib/init/entry.s            0x00000000   Number         0  entry8b.o ABSOLUTE
    ../clib/microlib/init/entry.s            0x00000000   Number         0  entry8a.o ABSOLUTE
    ../clib/microlib/init/entry.s            0x00000000   Number         0  entry7b.o ABSOLUTE
    ../clib/microlib/init/entry.s            0x00000000   Number         0  entry7a.o ABSOLUTE
    ../clib/microlib/init/entry.s            0x00000000   Number         0  entry5.o ABSOLUTE
    ../clib/microlib/init/entry.s            0x00000000   Number         0  entry2.o ABSOLUTE
    ../clib/microlib/longlong.c              0x00000000   Number         0  llshl.o ABSOLUTE
    ../clib/microlib/longlong.c              0x00000000   Number         0  llushr.o ABSOLUTE
    ../clib/microlib/longlong.c              0x00000000   Number         0  llsshr.o ABSOLUTE
    ../clib/microlib/printf/printf.c         0x00000000   Number         0  printf0.o ABSOLUTE
    ../clib/microlib/printf/printf.c         0x00000000   Number         0  printf3.o ABSOLUTE
    ../clib/microlib/printf/printf.c         0x00000000   Number         0  printfb.o ABSOLUTE
    ../clib/microlib/printf/printf.c         0x00000000   Number         0  printf4.o ABSOLUTE
    ../clib/microlib/printf/printf.c         0x00000000   Number         0  printf1.o ABSOLUTE
    ../clib/microlib/printf/printf.c         0x00000000   Number         0  printf5.o ABSOLUTE
    ../clib/microlib/printf/printf.c         0x00000000   Number         0  printfa.o ABSOLUTE
    ../clib/microlib/printf/printf.c         0x00000000   Number         0  printf8.o ABSOLUTE
    ../clib/microlib/printf/printf.c         0x00000000   Number         0  printf6.o ABSOLUTE
    ../clib/microlib/printf/printf.c         0x00000000   Number         0  printf7.o ABSOLUTE
    ../clib/microlib/printf/printf.c         0x00000000   Number         0  printf2.o ABSOLUTE
    ../clib/microlib/printf/stubs.s          0x00000000   Number         0  stubs.o ABSOLUTE
    ../clib/microlib/stdio/streams.c         0x00000000   Number         0  stdout.o ABSOLUTE
    ../clib/microlib/string/memcpy.c         0x00000000   Number         0  memcpya.o ABSOLUTE
    ../clib/microlib/string/memcpy.c         0x00000000   Number         0  memcpyb.o ABSOLUTE
    ../clib/microlib/stubs.s                 0x00000000   Number         0  iusefp.o ABSOLUTE
    ../fplib/microlib/d2f.c                  0x00000000   Number         0  d2f.o ABSOLUTE
    ../fplib/microlib/f2d.c                  0x00000000   Number         0  f2d.o ABSOLUTE
    ../fplib/microlib/fpadd.c                0x00000000   Number         0  dadd.o ABSOLUTE
    ../fplib/microlib/fpadd.c                0x00000000   Number         0  fadd.o ABSOLUTE
    ../fplib/microlib/fpdiv.c                0x00000000   Number         0  ddiv.o ABSOLUTE
    ../fplib/microlib/fpepilogue.c           0x00000000   Number         0  depilogue.o ABSOLUTE
    ../fplib/microlib/fpepilogue.c           0x00000000   Number         0  fepilogue.o ABSOLUTE
    ../fplib/microlib/fpfix.c                0x00000000   Number         0  dfixul.o ABSOLUTE
    ../fplib/microlib/fpfix.c                0x00000000   Number         0  dfixui.o ABSOLUTE
    ../fplib/microlib/fpfix.c                0x00000000   Number         0  dfixi.o ABSOLUTE
    ../fplib/microlib/fpflt.c                0x00000000   Number         0  dfltui.o ABSOLUTE
    ../fplib/microlib/fpflt.c                0x00000000   Number         0  ffltui.o ABSOLUTE
    ../fplib/microlib/fpflt.c                0x00000000   Number         0  dflti.o ABSOLUTE
    ../fplib/microlib/fpmul.c                0x00000000   Number         0  dmul.o ABSOLUTE
    ../fplib/microlib/fpmul.c                0x00000000   Number         0  fmul.o ABSOLUTE
    ../fplib/microlib/fpneg.c                0x00000000   Number         0  dneg.o ABSOLUTE
    ../fplib/microlib/fpscalb.c              0x00000000   Number         0  dscalb.o ABSOLUTE
    ../fplib/microlib/fpscalb.c              0x00000000   Number         0  fscalb.o ABSOLUTE
    ../fplib/microlib/fpsqrt.c               0x00000000   Number         0  dsqrt.o ABSOLUTE
    ../mathlib/cos.c                         0x00000000   Number         0  cos.o ABSOLUTE
    ../mathlib/cos.c                         0x00000000   Number         0  cos_x.o ABSOLUTE
    ../mathlib/cos_i.c                       0x00000000   Number         0  cos_i.o ABSOLUTE
    ../mathlib/dunder.c                      0x00000000   Number         0  dunder.o ABSOLUTE
    ../mathlib/fabs.c                        0x00000000   Number         0  fabs.o ABSOLUTE
    ../mathlib/fpclassify.c                  0x00000000   Number         0  fpclassify.o ABSOLUTE
    ../mathlib/poly.c                        0x00000000   Number         0  poly.o ABSOLUTE
    ../mathlib/rred.c                        0x00000000   Number         0  rred.o ABSOLUTE
    ../mathlib/sin_i.c                       0x00000000   Number         0  sin_i.o ABSOLUTE
    ../mathlib/sin_i.c                       0x00000000   Number         0  sin_i_x.o ABSOLUTE
    ../mathlib/sqrt.c                        0x00000000   Number         0  sqrt.o ABSOLUTE
    ../mathlib/sqrt.c                        0x00000000   Number         0  sqrt_x.o ABSOLUTE
    ../mathlib/sqrtf.c                       0x00000000   Number         0  sqrtf_x.o ABSOLUTE
    ../mathlib/sqrtf.c                       0x00000000   Number         0  sqrtf.o ABSOLUTE
    ..\..\Source\CommonTables\arm_common_tables.c 0x00000000   Number         0  arm_common_tables.o ABSOLUTE
    ..\..\Source\ComplexMathFunctions\arm_cmplx_mag_f32.c 0x00000000   Number         0  arm_cmplx_mag_f32.o ABSOLUTE
    ..\..\Source\StatisticsFunctions\arm_max_f32.c 0x00000000   Number         0  arm_max_f32.o ABSOLUTE
    ..\..\Source\TransformFunctions\arm_bitreversal.c 0x00000000   Number         0  arm_bitreversal.o ABSOLUTE
    ..\..\Source\TransformFunctions\arm_cfft_radix4_f32.c 0x00000000   Number         0  arm_cfft_radix4_f32.o ABSOLUTE
    ..\..\Source\TransformFunctions\arm_cfft_radix4_init_f32.c 0x00000000   Number         0  arm_cfft_radix4_init_f32.o ABSOLUTE
    ..\Drivers\BSP\Components\cs43l22\cs43l22.c 0x00000000   Number         0  cs43l22.o ABSOLUTE
    ..\Drivers\BSP\Components\lis302dl\lis302dl.c 0x00000000   Number         0  lis302dl.o ABSOLUTE
    ..\Drivers\BSP\Components\lis3dsh\lis3dsh.c 0x00000000   Number         0  lis3dsh.o ABSOLUTE
    ..\Drivers\BSP\STM32F4-Discovery\stm32f4_discovery.c 0x00000000   Number         0  stm32f4_discovery.o ABSOLUTE
    ..\Drivers\BSP\STM32F4-Discovery\stm32f4_discovery_accelerometer.c 0x00000000   Number         0  stm32f4_discovery_accelerometer.o ABSOLUTE
    ..\Drivers\BSP\STM32F4-Discovery\stm32f4_discovery_audio.c 0x00000000   Number         0  stm32f4_discovery_audio.o ABSOLUTE
    ..\Drivers\STM32F4xx_HAL_Driver\Src\stm32f4xx_hal.c 0x00000000   Number         0  stm32f4xx_hal.o ABSOLUTE
    ..\Drivers\STM32F4xx_HAL_Driver\Src\stm32f4xx_hal_cortex.c 0x00000000   Number         0  stm32f4xx_hal_cortex.o ABSOLUTE
    ..\Drivers\STM32F4xx_HAL_Driver\Src\stm32f4xx_hal_dma.c 0x00000000   Number         0  stm32f4xx_hal_dma.o ABSOLUTE
    ..\Drivers\STM32F4xx_HAL_Driver\Src\stm32f4xx_hal_dma_ex.c 0x00000000   Number         0  stm32f4xx_hal_dma_ex.o ABSOLUTE
    ..\Drivers\STM32F4xx_HAL_Driver\Src\stm32f4xx_hal_flash.c 0x00000000   Number         0  stm32f4xx_hal_flash.o ABSOLUTE
    ..\Drivers\STM32F4xx_HAL_Driver\Src\stm32f4xx_hal_flash_ex.c 0x00000000   Number         0  stm32f4xx_hal_flash_ex.o ABSOLUTE
    ..\Drivers\STM32F4xx_HAL_Driver\Src\stm32f4xx_hal_flash_ramfunc.c 0x00000000   Number         0  stm32f4xx_hal_flash_ramfunc.o ABSOLUTE
    ..\Drivers\STM32F4xx_HAL_Driver\Src\stm32f4xx_hal_gpio.c 0x00000000   Number         0  stm32f4xx_hal_gpio.o ABSOLUTE
    ..\Drivers\STM32F4xx_HAL_Driver\Src\stm32f4xx_hal_i2c.c 0x00000000   Number         0  stm32f4xx_hal_i2c.o ABSOLUTE
    ..\Drivers\STM32F4xx_HAL_Driver\Src\stm32f4xx_hal_i2c_ex.c 0x00000000   Number         0  stm32f4xx_hal_i2c_ex.o ABSOLUTE
    ..\Drivers\STM32F4xx_HAL_Driver\Src\stm32f4xx_hal_i2s.c 0x00000000   Number         0  stm32f4xx_hal_i2s.o ABSOLUTE
    ..\Drivers\STM32F4xx_HAL_Driver\Src\stm32f4xx_hal_i2s_ex.c 0x00000000   Number         0  stm32f4xx_hal_i2s_ex.o ABSOLUTE
    ..\Drivers\STM32F4xx_HAL_Driver\Src\stm32f4xx_hal_pwr.c 0x00000000   Number         0  stm32f4xx_hal_pwr.o ABSOLUTE
    ..\Drivers\STM32F4xx_HAL_Driver\Src\stm32f4xx_hal_pwr_ex.c 0x00000000   Number         0  stm32f4xx_hal_pwr_ex.o ABSOLUTE
    ..\Drivers\STM32F4xx_HAL_Driver\Src\stm32f4xx_hal_rcc.c 0x00000000   Number         0  stm32f4xx_hal_rcc.o ABSOLUTE
    ..\Drivers\STM32F4xx_HAL_Driver\Src\stm32f4xx_hal_rcc_ex.c 0x00000000   Number         0  stm32f4xx_hal_rcc_ex.o ABSOLUTE
    ..\Drivers\STM32F4xx_HAL_Driver\Src\stm32f4xx_hal_rng.c 0x00000000   Number         0  stm32f4xx_hal_rng.o ABSOLUTE
    ..\Drivers\STM32F4xx_HAL_Driver\Src\stm32f4xx_hal_spi.c 0x00000000   Number         0  stm32f4xx_hal_spi.o ABSOLUTE
    ..\Drivers\STM32F4xx_HAL_Driver\Src\stm32f4xx_hal_tim.c 0x00000000   Number         0  stm32f4xx_hal_tim.o ABSOLUTE
    ..\Drivers\STM32F4xx_HAL_Driver\Src\stm32f4xx_hal_tim_ex.c 0x00000000   Number         0  stm32f4xx_hal_tim_ex.o ABSOLUTE
    ..\Drivers\STM32F4xx_HAL_Driver\Src\stm32f4xx_hal_uart.c 0x00000000   Number         0  stm32f4xx_hal_uart.o ABSOLUTE
    ..\Src\main.c                            0x00000000   Number         0  main.o ABSOLUTE
    ..\Src\stm32f4xx_hal_msp.c               0x00000000   Number         0  stm32f4xx_hal_msp.o ABSOLUTE
    ..\Src\stm32f4xx_it.c                    0x00000000   Number         0  stm32f4xx_it.o ABSOLUTE
    ..\Src\system_stm32f4xx.c                0x00000000   Number         0  system_stm32f4xx.o ABSOLUTE
    ..\\..\\Source\\CommonTables\\arm_common_tables.c 0x00000000   Number         0  arm_common_tables.o ABSOLUTE
    ..\\..\\Source\\ComplexMathFunctions\\arm_cmplx_mag_f32.c 0x00000000   Number         0  arm_cmplx_mag_f32.o ABSOLUTE
    ..\\..\\Source\\StatisticsFunctions\\arm_max_f32.c 0x00000000   Number         0  arm_max_f32.o ABSOLUTE
    ..\\..\\Source\\TransformFunctions\\arm_bitreversal.c 0x00000000   Number         0  arm_bitreversal.o ABSOLUTE
    ..\\..\\Source\\TransformFunctions\\arm_cfft_radix4_f32.c 0x00000000   Number         0  arm_cfft_radix4_f32.o ABSOLUTE
    ..\\..\\Source\\TransformFunctions\\arm_cfft_radix4_init_f32.c 0x00000000   Number         0  arm_cfft_radix4_init_f32.o ABSOLUTE
    ..\\Drivers\\BSP\\STM32F4-Discovery\\stm32f4_discovery.c 0x00000000   Number         0  stm32f4_discovery.o ABSOLUTE
    ..\\Drivers\\BSP\\STM32F4-Discovery\\stm32f4_discovery_accelerometer.c 0x00000000   Number         0  stm32f4_discovery_accelerometer.o ABSOLUTE
    ..\\Drivers\\BSP\\STM32F4-Discovery\\stm32f4_discovery_audio.c 0x00000000   Number         0  stm32f4_discovery_audio.o ABSOLUTE
    ..\\Drivers\\STM32F4xx_HAL_Driver\\Src\\stm32f4xx_hal_spi.c 0x00000000   Number         0  stm32f4xx_hal_spi.o ABSOLUTE
    ..\src\pdm_filter.c                      0x00000000   Number         0  pdm_filter.o ABSOLUTE
    cdcmple.s                                0x00000000   Number         0  cdcmple.o ABSOLUTE
    cdrcmple.s                               0x00000000   Number         0  cdrcmple.o ABSOLUTE
    cfcmple.s                                0x00000000   Number         0  cfcmple.o ABSOLUTE
    cfrcmple.s                               0x00000000   Number         0  cfrcmple.o ABSOLUTE
    dc.s                                     0x00000000   Number         0  dc.o ABSOLUTE
    handlers.s                               0x00000000   Number         0  handlers.o ABSOLUTE
    init.s                                   0x00000000   Number         0  init.o ABSOLUTE
    startup_stm32f407xx.s                    0x00000000   Number         0  startup_stm32f407xx.o ABSOLUTE
    RESET                                    0x08000000   Section      392  startup_stm32f407xx.o(RESET)
    .ARM.Collect$$$$00000000                 0x08000188   Section        0  entry.o(.ARM.Collect$$$$00000000)
    .ARM.Collect$$$$00000001                 0x08000188   Section        4  entry2.o(.ARM.Collect$$$$00000001)
    .ARM.Collect$$$$00000004                 0x0800018c   Section        4  entry5.o(.ARM.Collect$$$$00000004)
    .ARM.Collect$$$$00000008                 0x08000190   Section        0  entry7b.o(.ARM.Collect$$$$00000008)
    .ARM.Collect$$$$0000000A                 0x08000190   Section        0  entry8b.o(.ARM.Collect$$$$0000000A)
    .ARM.Collect$$$$0000000B                 0x08000190   Section        8  entry9a.o(.ARM.Collect$$$$0000000B)
    .ARM.Collect$$$$0000000D                 0x08000198   Section        0  entry10a.o(.ARM.Collect$$$$0000000D)
    .ARM.Collect$$$$0000000F                 0x08000198   Section        0  entry11a.o(.ARM.Collect$$$$0000000F)
    .ARM.Collect$$$$00002712                 0x08000198   Section        4  entry2.o(.ARM.Collect$$$$00002712)
    __lit__00000000                          0x08000198   Data           4  entry2.o(.ARM.Collect$$$$00002712)
    .text                                    0x0800019c   Section       36  startup_stm32f407xx.o(.text)
    $v0                                      0x0800019c   Number         0  startup_stm32f407xx.o(.text)
    .text                                    0x080001c0   Section        0  arm_cmplx_mag_f32.o(.text)
    .text                                    0x080002e8   Section        0  arm_cfft_radix4_f32.o(.text)
    .text                                    0x08000e1c   Section        0  arm_cfft_radix4_init_f32.o(.text)
    .text                                    0x08000ec4   Section        0  arm_max_f32.o(.text)
    .text                                    0x08000f92   Section        0  arm_bitreversal.o(.text)
    .text                                    0x08001164   Section        0  memcpya.o(.text)
    .text                                    0x08001188   Section        0  fadd.o(.text)
    .text                                    0x08001238   Section        0  fmul.o(.text)
    .text                                    0x0800129c   Section        0  dadd.o(.text)
    .text                                    0x080013ea   Section        0  dmul.o(.text)
    .text                                    0x080014ce   Section        0  ddiv.o(.text)
    .text                                    0x080015ac   Section        0  f2d.o(.text)
    .text                                    0x080015d4   Section       20  cfcmple.o(.text)
    .text                                    0x080015e8   Section        0  uidiv.o(.text)
    .text                                    0x08001614   Section        0  uldiv.o(.text)
    .text                                    0x08001676   Section        0  llshl.o(.text)
    .text                                    0x08001694   Section        0  llushr.o(.text)
    .text                                    0x080016b4   Section        0  llsshr.o(.text)
    .text                                    0x080016d8   Section        0  fepilogue.o(.text)
    .text                                    0x080016d8   Section        0  iusefp.o(.text)
    .text                                    0x08001746   Section        0  depilogue.o(.text)
    .text                                    0x08001800   Section        0  dfixul.o(.text)
    .text                                    0x08001830   Section       48  cdrcmple.o(.text)
    .text                                    0x08001860   Section       36  init.o(.text)
    .text                                    0x08001884   Section        0  __dczerorl2.o(.text)
    i.BSP_AUDIO_IN_Error_Callback            0x080018da   Section        0  stm32f4_discovery_audio.o(i.BSP_AUDIO_IN_Error_Callback)
    i.BSP_AUDIO_IN_TransferComplete_CallBack 0x080018dc   Section        0  stm32f4_discovery_audio.o(i.BSP_AUDIO_IN_TransferComplete_CallBack)
    i.BSP_AUDIO_OUT_Error_CallBack           0x080018de   Section        0  stm32f4_discovery_audio.o(i.BSP_AUDIO_OUT_Error_CallBack)
    i.BSP_AUDIO_OUT_TransferComplete_CallBack 0x080018e0   Section        0  stm32f4_discovery_audio.o(i.BSP_AUDIO_OUT_TransferComplete_CallBack)
    i.HAL_Delay                              0x080018e2   Section        0  stm32f4xx_hal.o(i.HAL_Delay)
    i.HAL_GPIO_Init                          0x08001900   Section        0  stm32f4xx_hal_gpio.o(i.HAL_GPIO_Init)
    i.HAL_GPIO_TogglePin                     0x08001ab0   Section        0  stm32f4xx_hal_gpio.o(i.HAL_GPIO_TogglePin)
    i.HAL_GPIO_WritePin                      0x08001ab8   Section        0  stm32f4xx_hal_gpio.o(i.HAL_GPIO_WritePin)
    i.HAL_GetTick                            0x08001ac4   Section        0  stm32f4xx_hal.o(i.HAL_GetTick)
    i.HAL_I2C_Init                           0x08001ad0   Section        0  stm32f4xx_hal_i2c.o(i.HAL_I2C_Init)
    i.HAL_I2C_MspInit                        0x08001bd8   Section        0  stm32f4xx_hal_msp.o(i.HAL_I2C_MspInit)
    i.HAL_I2SEx_FullDuplex_IRQHandler        0x08001c24   Section        0  stm32f4xx_hal_i2s_ex.o(i.HAL_I2SEx_FullDuplex_IRQHandler)
    i.HAL_I2SEx_TxRxCpltCallback             0x08001e08   Section        0  stm32f4xx_hal_i2s_ex.o(i.HAL_I2SEx_TxRxCpltCallback)
    i.HAL_I2S_ErrorCallback                  0x08001e0c   Section        0  stm32f4_discovery_audio.o(i.HAL_I2S_ErrorCallback)
    i.HAL_I2S_Init                           0x08001e34   Section        0  stm32f4xx_hal_i2s.o(i.HAL_I2S_Init)
    i.HAL_I2S_MspInit                        0x08001fb4   Section        0  stm32f4xx_hal_msp.o(i.HAL_I2S_MspInit)
    i.HAL_I2S_RxCpltCallback                 0x08002030   Section        0  stm32f4_discovery_audio.o(i.HAL_I2S_RxCpltCallback)
    i.HAL_I2S_TxCpltCallback                 0x08002038   Section        0  stm32f4_discovery_audio.o(i.HAL_I2S_TxCpltCallback)
    i.HAL_IncTick                            0x0800204c   Section        0  stm32f4xx_hal.o(i.HAL_IncTick)
    i.HAL_Init                               0x0800205c   Section        0  stm32f4xx_hal.o(i.HAL_Init)
    i.HAL_InitTick                           0x08002090   Section        0  stm32f4xx_hal.o(i.HAL_InitTick)
    i.HAL_MspInit                            0x080020b8   Section        0  stm32f4xx_hal_msp.o(i.HAL_MspInit)
    i.HAL_NVIC_SetPriority                   0x08002110   Section        0  stm32f4xx_hal_cortex.o(i.HAL_NVIC_SetPriority)
    i.HAL_NVIC_SetPriorityGrouping           0x08002150   Section        0  stm32f4xx_hal_cortex.o(i.HAL_NVIC_SetPriorityGrouping)
    i.HAL_RCCEx_GetPeriphCLKFreq             0x08002174   Section        0  stm32f4xx_hal_rcc_ex.o(i.HAL_RCCEx_GetPeriphCLKFreq)
    i.HAL_RCCEx_PeriphCLKConfig              0x080021d0   Section        0  stm32f4xx_hal_rcc_ex.o(i.HAL_RCCEx_PeriphCLKConfig)
    i.HAL_RCC_ClockConfig                    0x08002324   Section        0  stm32f4xx_hal_rcc.o(i.HAL_RCC_ClockConfig)
    i.HAL_RCC_GetHCLKFreq                    0x080024a0   Section        0  stm32f4xx_hal_rcc.o(i.HAL_RCC_GetHCLKFreq)
    i.HAL_RCC_GetPCLK1Freq                   0x080024ac   Section        0  stm32f4xx_hal_rcc.o(i.HAL_RCC_GetPCLK1Freq)
    i.HAL_RCC_GetPCLK2Freq                   0x080024dc   Section        0  stm32f4xx_hal_rcc.o(i.HAL_RCC_GetPCLK2Freq)
    i.HAL_RCC_GetSysClockFreq                0x0800250c   Section        0  stm32f4xx_hal_rcc.o(i.HAL_RCC_GetSysClockFreq)
    i.HAL_RCC_OscConfig                      0x0800257c   Section        0  stm32f4xx_hal_rcc.o(i.HAL_RCC_OscConfig)
    i.HAL_RNG_Init                           0x08002890   Section        0  stm32f4xx_hal_rng.o(i.HAL_RNG_Init)
    i.HAL_RNG_MspInit                        0x080028d0   Section        0  stm32f4xx_hal_msp.o(i.HAL_RNG_MspInit)
    i.HAL_SYSTICK_CLKSourceConfig            0x080028f8   Section        0  stm32f4xx_hal_cortex.o(i.HAL_SYSTICK_CLKSourceConfig)
    i.HAL_SYSTICK_Callback                   0x08002910   Section        0  stm32f4xx_hal_cortex.o(i.HAL_SYSTICK_Callback)
    i.HAL_SYSTICK_Config                     0x08002912   Section        0  stm32f4xx_hal_cortex.o(i.HAL_SYSTICK_Config)
    i.HAL_SYSTICK_IRQHandler                 0x0800293a   Section        0  stm32f4xx_hal_cortex.o(i.HAL_SYSTICK_IRQHandler)
    i.HAL_UART_Init                          0x08002942   Section        0  stm32f4xx_hal_uart.o(i.HAL_UART_Init)
    i.HAL_UART_MspInit                       0x080029a4   Section        0  stm32f4xx_hal_msp.o(i.HAL_UART_MspInit)
    i.HAL_UART_Transmit                      0x080029f0   Section        0  stm32f4xx_hal_uart.o(i.HAL_UART_Transmit)
    i.I2SEx_FullDuplexRx_IT                  0x08002aac   Section        0  stm32f4xx_hal_i2s_ex.o(i.I2SEx_FullDuplexRx_IT)
    I2SEx_FullDuplexRx_IT                    0x08002aad   Thumb Code   128  stm32f4xx_hal_i2s_ex.o(i.I2SEx_FullDuplexRx_IT)
    i.I2SEx_FullDuplexTx_IT                  0x08002b34   Section        0  stm32f4xx_hal_i2s_ex.o(i.I2SEx_FullDuplexTx_IT)
    I2SEx_FullDuplexTx_IT                    0x08002b35   Thumb Code   122  stm32f4xx_hal_i2s_ex.o(i.I2SEx_FullDuplexTx_IT)
    i.I2S_IRQHandler                         0x08002bb8   Section        0  stm32f4xx_hal_i2s.o(i.I2S_IRQHandler)
    I2S_IRQHandler                           0x08002bb9   Thumb Code   240  stm32f4xx_hal_i2s.o(i.I2S_IRQHandler)
    i.MX_GPIO_Init                           0x08002ca8   Section        0  main.o(i.MX_GPIO_Init)
    MX_GPIO_Init                             0x08002ca9   Thumb Code   414  main.o(i.MX_GPIO_Init)
    i.MX_I2C1_Init                           0x08002e64   Section        0  main.o(i.MX_I2C1_Init)
    MX_I2C1_Init                             0x08002e65   Thumb Code    52  main.o(i.MX_I2C1_Init)
    i.MX_I2S3_Init                           0x08002ea8   Section        0  main.o(i.MX_I2S3_Init)
    MX_I2S3_Init                             0x08002ea9   Thumb Code    54  main.o(i.MX_I2S3_Init)
    i.MX_USART2_UART_Init                    0x08002eec   Section        0  main.o(i.MX_USART2_UART_Init)
    MX_USART2_UART_Init                      0x08002eed   Thumb Code    50  main.o(i.MX_USART2_UART_Init)
    i.NVIC_SetPriority                       0x08002f2c   Section        0  stm32f4xx_hal_cortex.o(i.NVIC_SetPriority)
    NVIC_SetPriority                         0x08002f2d   Thumb Code    32  stm32f4xx_hal_cortex.o(i.NVIC_SetPriority)
    i.SysTick_Handler                        0x08002f4c   Section        0  stm32f4xx_it.o(i.SysTick_Handler)
    i.SystemClock_Config                     0x08002f5c   Section        0  main.o(i.SystemClock_Config)
    i.SystemInit                             0x0800302c   Section        0  system_stm32f4xx.o(i.SystemInit)
    i.UART_SetConfig                         0x08003080   Section        0  stm32f4xx_hal_uart.o(i.UART_SetConfig)
    UART_SetConfig                           0x08003081   Thumb Code   676  stm32f4xx_hal_uart.o(i.UART_SetConfig)
    i.UART_WaitOnFlagUntilTimeout            0x0800332c   Section        0  stm32f4xx_hal_uart.o(i.UART_WaitOnFlagUntilTimeout)
    UART_WaitOnFlagUntilTimeout              0x0800332d   Thumb Code   100  stm32f4xx_hal_uart.o(i.UART_WaitOnFlagUntilTimeout)
    i._Error_Handler                         0x08003390   Section        0  main.o(i._Error_Handler)
    i.__0printf                              0x080033b0   Section        0  printfa.o(i.__0printf)
    i.__scatterload_copy                     0x080033d0   Section       14  handlers.o(i.__scatterload_copy)
    i.__scatterload_null                     0x080033de   Section        2  handlers.o(i.__scatterload_null)
    i.__scatterload_zeroinit                 0x080033e0   Section       14  handlers.o(i.__scatterload_zeroinit)
    i.__set_errno                            0x080033f0   Section        0  errno.o(i.__set_errno)
    i._fp_digits                             0x080033fc   Section        0  printfa.o(i._fp_digits)
    _fp_digits                               0x080033fd   Thumb Code   366  printfa.o(i._fp_digits)
    i._printf_core                           0x08003580   Section        0  printfa.o(i._printf_core)
    _printf_core                             0x08003581   Thumb Code  1744  printfa.o(i._printf_core)
    i._printf_post_padding                   0x08003c5c   Section        0  printfa.o(i._printf_post_padding)
    _printf_post_padding                     0x08003c5d   Thumb Code    36  printfa.o(i._printf_post_padding)
    i._printf_pre_padding                    0x08003c80   Section        0  printfa.o(i._printf_pre_padding)
    _printf_pre_padding                      0x08003c81   Thumb Code    46  printfa.o(i._printf_pre_padding)
    i.fft_calc                               0x08003cb0   Section        0  main.o(i.fft_calc)
    i.fputc                                  0x08003d50   Section        0  main.o(i.fputc)
    i.main                                   0x08003d68   Section        0  main.o(i.main)
    i.sqrtf                                  0x08003dd4   Section        0  sqrtf.o(i.sqrtf)
    .constdata                               0x08003e12   Section       16  system_stm32f4xx.o(.constdata)
    .constdata                               0x08003e22   Section        8  system_stm32f4xx.o(.constdata)
    .constdata                               0x08003e2a   Section     2048  arm_common_tables.o(.constdata)
    .constdata                               0x0800462c   Section    32768  arm_common_tables.o(.constdata)
    .data                                    0x20000000   Section        4  system_stm32f4xx.o(.data)
    .data                                    0x20000004   Section        4  stm32f4xx_hal.o(.data)
    .data                                    0x20000008   Section     8216  main.o(.data)
    .data                                    0x20002020   Section        4  stdout.o(.data)
    .data                                    0x20002024   Section        4  errno.o(.data)
    _errno                                   0x20002024   Data           4  errno.o(.data)
    .bss                                     0x20002028   Section    12520  main.o(.bss)
    STACK                                    0x20005110   Section     1024  startup_stm32f407xx.o(STACK)

    Global Symbols

    Symbol Name                              Value     Ov Type        Size  Object(Section)

    BuildAttributes$$THM_ISAv4$E$P$D$K$B$S$7EM$VFPi3$EXTD16$VFPS$VFMA$PE$A:L22UL41UL21$X:L11$S22US41US21$IEEE1$IW$USESV6$~STKCKD$USESV7$~SHL$OTIME$ROPI$IEEEX$EBA8$MICROLIB$REQ8$PRES8$EABIv2 0x00000000   Number         0  anon$$obj.o ABSOLUTE
    __ARM_use_no_argv                        0x00000000   Number         0  main.o ABSOLUTE
    _printf_a                                0x00000000   Number         0  stubs.o ABSOLUTE
    _printf_c                                0x00000000   Number         0  stubs.o ABSOLUTE
    _printf_charcount                        0x00000000   Number         0  stubs.o ABSOLUTE
    _printf_d                                0x00000000   Number         0  stubs.o ABSOLUTE
    _printf_e                                0x00000000   Number         0  stubs.o ABSOLUTE
    _printf_f                                0x00000000   Number         0  stubs.o ABSOLUTE
    _printf_flags                            0x00000000   Number         0  stubs.o ABSOLUTE
    _printf_fp_dec                           0x00000000   Number         0  stubs.o ABSOLUTE
    _printf_fp_hex                           0x00000000   Number         0  stubs.o ABSOLUTE
    _printf_g                                0x00000000   Number         0  stubs.o ABSOLUTE
    _printf_i                                0x00000000   Number         0  stubs.o ABSOLUTE
    _printf_int_dec                          0x00000000   Number         0  stubs.o ABSOLUTE
    _printf_l                                0x00000000   Number         0  stubs.o ABSOLUTE
    _printf_lc                               0x00000000   Number         0  stubs.o ABSOLUTE
    _printf_ll                               0x00000000   Number         0  stubs.o ABSOLUTE
    _printf_lld                              0x00000000   Number         0  stubs.o ABSOLUTE
    _printf_lli                              0x00000000   Number         0  stubs.o ABSOLUTE
    _printf_llo                              0x00000000   Number         0  stubs.o ABSOLUTE
    _printf_llu                              0x00000000   Number         0  stubs.o ABSOLUTE
    _printf_llx                              0x00000000   Number         0  stubs.o ABSOLUTE
    _printf_longlong_dec                     0x00000000   Number         0  stubs.o ABSOLUTE
    _printf_longlong_hex                     0x00000000   Number         0  stubs.o ABSOLUTE
    _printf_longlong_oct                     0x00000000   Number         0  stubs.o ABSOLUTE
    _printf_ls                               0x00000000   Number         0  stubs.o ABSOLUTE
    _printf_mbtowc                           0x00000000   Number         0  stubs.o ABSOLUTE
    _printf_n                                0x00000000   Number         0  stubs.o ABSOLUTE
    _printf_o                                0x00000000   Number         0  stubs.o ABSOLUTE
    _printf_p                                0x00000000   Number         0  stubs.o ABSOLUTE
    _printf_percent                          0x00000000   Number         0  stubs.o ABSOLUTE
    _printf_pre_padding                      0x00000000   Number         0  stubs.o ABSOLUTE
    _printf_return_value                     0x00000000   Number         0  stubs.o ABSOLUTE
    _printf_s                                0x00000000   Number         0  stubs.o ABSOLUTE
    _printf_sizespec                         0x00000000   Number         0  stubs.o ABSOLUTE
    _printf_str                              0x00000000   Number         0  stubs.o ABSOLUTE
    _printf_truncate_signed                  0x00000000   Number         0  stubs.o ABSOLUTE
    _printf_truncate_unsigned                0x00000000   Number         0  stubs.o ABSOLUTE
    _printf_u                                0x00000000   Number         0  stubs.o ABSOLUTE
    _printf_wc                               0x00000000   Number         0  stubs.o ABSOLUTE
    _printf_wctomb                           0x00000000   Number         0  stubs.o ABSOLUTE
    _printf_widthprec                        0x00000000   Number         0  stubs.o ABSOLUTE
    _printf_x                                0x00000000   Number         0  stubs.o ABSOLUTE
    __cpp_initialize__aeabi_                  - Undefined Weak Reference
    __cxa_finalize                            - Undefined Weak Reference
    _clock_init                               - Undefined Weak Reference
    _microlib_exit                            - Undefined Weak Reference
    __Vectors_Size                           0x00000188   Number         0  startup_stm32f407xx.o ABSOLUTE
    __Vectors                                0x08000000   Data           4  startup_stm32f407xx.o(RESET)
    __Vectors_End                            0x08000188   Data           0  startup_stm32f407xx.o(RESET)
    __main                                   0x08000189   Thumb Code     0  entry.o(.ARM.Collect$$$$00000000)
    _main_stk                                0x08000189   Thumb Code     0  entry2.o(.ARM.Collect$$$$00000001)
    _main_scatterload                        0x0800018d   Thumb Code     0  entry5.o(.ARM.Collect$$$$00000004)
    __main_after_scatterload                 0x08000191   Thumb Code     0  entry5.o(.ARM.Collect$$$$00000004)
    _main_clock                              0x08000191   Thumb Code     0  entry7b.o(.ARM.Collect$$$$00000008)
    _main_cpp_init                           0x08000191   Thumb Code     0  entry8b.o(.ARM.Collect$$$$0000000A)
    _main_init                               0x08000191   Thumb Code     0  entry9a.o(.ARM.Collect$$$$0000000B)
    __rt_final_cpp                           0x08000199   Thumb Code     0  entry10a.o(.ARM.Collect$$$$0000000D)
    __rt_final_exit                          0x08000199   Thumb Code     0  entry11a.o(.ARM.Collect$$$$0000000F)
    Reset_Handler                            0x0800019d   Thumb Code     8  startup_stm32f407xx.o(.text)
    NMI_Handler                              0x080001a5   Thumb Code     2  startup_stm32f407xx.o(.text)
    HardFault_Handler                        0x080001a7   Thumb Code     2  startup_stm32f407xx.o(.text)
    MemManage_Handler                        0x080001a9   Thumb Code     2  startup_stm32f407xx.o(.text)
    BusFault_Handler                         0x080001ab   Thumb Code     2  startup_stm32f407xx.o(.text)
    UsageFault_Handler                       0x080001ad   Thumb Code     2  startup_stm32f407xx.o(.text)
    SVC_Handler                              0x080001af   Thumb Code     2  startup_stm32f407xx.o(.text)
    DebugMon_Handler                         0x080001b1   Thumb Code     2  startup_stm32f407xx.o(.text)
    PendSV_Handler                           0x080001b3   Thumb Code     2  startup_stm32f407xx.o(.text)
    ADC_IRQHandler                           0x080001b7   Thumb Code     0  startup_stm32f407xx.o(.text)
    CAN1_RX0_IRQHandler                      0x080001b7   Thumb Code     0  startup_stm32f407xx.o(.text)
    CAN1_RX1_IRQHandler                      0x080001b7   Thumb Code     0  startup_stm32f407xx.o(.text)
    CAN1_SCE_IRQHandler                      0x080001b7   Thumb Code     0  startup_stm32f407xx.o(.text)
    CAN1_TX_IRQHandler                       0x080001b7   Thumb Code     0  startup_stm32f407xx.o(.text)
    CAN2_RX0_IRQHandler                      0x080001b7   Thumb Code     0  startup_stm32f407xx.o(.text)
    CAN2_RX1_IRQHandler                      0x080001b7   Thumb Code     0  startup_stm32f407xx.o(.text)
    CAN2_SCE_IRQHandler                      0x080001b7   Thumb Code     0  startup_stm32f407xx.o(.text)
    CAN2_TX_IRQHandler                       0x080001b7   Thumb Code     0  startup_stm32f407xx.o(.text)
    DCMI_IRQHandler                          0x080001b7   Thumb Code     0  startup_stm32f407xx.o(.text)
    DMA1_Stream0_IRQHandler                  0x080001b7   Thumb Code     0  startup_stm32f407xx.o(.text)
    DMA1_Stream1_IRQHandler                  0x080001b7   Thumb Code     0  startup_stm32f407xx.o(.text)
    DMA1_Stream2_IRQHandler                  0x080001b7   Thumb Code     0  startup_stm32f407xx.o(.text)
    DMA1_Stream3_IRQHandler                  0x080001b7   Thumb Code     0  startup_stm32f407xx.o(.text)
    DMA1_Stream4_IRQHandler                  0x080001b7   Thumb Code     0  startup_stm32f407xx.o(.text)
    DMA1_Stream5_IRQHandler                  0x080001b7   Thumb Code     0  startup_stm32f407xx.o(.text)
    DMA1_Stream6_IRQHandler                  0x080001b7   Thumb Code     0  startup_stm32f407xx.o(.text)
    DMA1_Stream7_IRQHandler                  0x080001b7   Thumb Code     0  startup_stm32f407xx.o(.text)
    DMA2_Stream0_IRQHandler                  0x080001b7   Thumb Code     0  startup_stm32f407xx.o(.text)
    DMA2_Stream1_IRQHandler                  0x080001b7   Thumb Code     0  startup_stm32f407xx.o(.text)
    DMA2_Stream2_IRQHandler                  0x080001b7   Thumb Code     0  startup_stm32f407xx.o(.text)
    DMA2_Stream3_IRQHandler                  0x080001b7   Thumb Code     0  startup_stm32f407xx.o(.text)
    DMA2_Stream4_IRQHandler                  0x080001b7   Thumb Code     0  startup_stm32f407xx.o(.text)
    DMA2_Stream5_IRQHandler                  0x080001b7   Thumb Code     0  startup_stm32f407xx.o(.text)
    DMA2_Stream6_IRQHandler                  0x080001b7   Thumb Code     0  startup_stm32f407xx.o(.text)
    DMA2_Stream7_IRQHandler                  0x080001b7   Thumb Code     0  startup_stm32f407xx.o(.text)
    ETH_IRQHandler                           0x080001b7   Thumb Code     0  startup_stm32f407xx.o(.text)
    ETH_WKUP_IRQHandler                      0x080001b7   Thumb Code     0  startup_stm32f407xx.o(.text)
    EXTI0_IRQHandler                         0x080001b7   Thumb Code     0  startup_stm32f407xx.o(.text)
    EXTI15_10_IRQHandler                     0x080001b7   Thumb Code     0  startup_stm32f407xx.o(.text)
    EXTI1_IRQHandler                         0x080001b7   Thumb Code     0  startup_stm32f407xx.o(.text)
    EXTI2_IRQHandler                         0x080001b7   Thumb Code     0  startup_stm32f407xx.o(.text)
    EXTI3_IRQHandler                         0x080001b7   Thumb Code     0  startup_stm32f407xx.o(.text)
    EXTI4_IRQHandler                         0x080001b7   Thumb Code     0  startup_stm32f407xx.o(.text)
    EXTI9_5_IRQHandler                       0x080001b7   Thumb Code     0  startup_stm32f407xx.o(.text)
    FLASH_IRQHandler                         0x080001b7   Thumb Code     0  startup_stm32f407xx.o(.text)
    FMC_IRQHandler                           0x080001b7   Thumb Code     0  startup_stm32f407xx.o(.text)
    FPU_IRQHandler                           0x080001b7   Thumb Code     0  startup_stm32f407xx.o(.text)
    HASH_RNG_IRQHandler                      0x080001b7   Thumb Code     0  startup_stm32f407xx.o(.text)
    I2C1_ER_IRQHandler                       0x080001b7   Thumb Code     0  startup_stm32f407xx.o(.text)
    I2C1_EV_IRQHandler                       0x080001b7   Thumb Code     0  startup_stm32f407xx.o(.text)
    I2C2_ER_IRQHandler                       0x080001b7   Thumb Code     0  startup_stm32f407xx.o(.text)
    I2C2_EV_IRQHandler                       0x080001b7   Thumb Code     0  startup_stm32f407xx.o(.text)
    I2C3_ER_IRQHandler                       0x080001b7   Thumb Code     0  startup_stm32f407xx.o(.text)
    I2C3_EV_IRQHandler                       0x080001b7   Thumb Code     0  startup_stm32f407xx.o(.text)
    OTG_FS_IRQHandler                        0x080001b7   Thumb Code     0  startup_stm32f407xx.o(.text)
    OTG_FS_WKUP_IRQHandler                   0x080001b7   Thumb Code     0  startup_stm32f407xx.o(.text)
    OTG_HS_EP1_IN_IRQHandler                 0x080001b7   Thumb Code     0  startup_stm32f407xx.o(.text)
    OTG_HS_EP1_OUT_IRQHandler                0x080001b7   Thumb Code     0  startup_stm32f407xx.o(.text)
    OTG_HS_IRQHandler                        0x080001b7   Thumb Code     0  startup_stm32f407xx.o(.text)
    OTG_HS_WKUP_IRQHandler                   0x080001b7   Thumb Code     0  startup_stm32f407xx.o(.text)
    PVD_IRQHandler                           0x080001b7   Thumb Code     0  startup_stm32f407xx.o(.text)
    RCC_IRQHandler                           0x080001b7   Thumb Code     0  startup_stm32f407xx.o(.text)
    RTC_Alarm_IRQHandler                     0x080001b7   Thumb Code     0  startup_stm32f407xx.o(.text)
    RTC_WKUP_IRQHandler                      0x080001b7   Thumb Code     0  startup_stm32f407xx.o(.text)
    SDIO_IRQHandler                          0x080001b7   Thumb Code     0  startup_stm32f407xx.o(.text)
    SPI1_IRQHandler                          0x080001b7   Thumb Code     0  startup_stm32f407xx.o(.text)
    SPI2_IRQHandler                          0x080001b7   Thumb Code     0  startup_stm32f407xx.o(.text)
    SPI3_IRQHandler                          0x080001b7   Thumb Code     0  startup_stm32f407xx.o(.text)
    TAMP_STAMP_IRQHandler                    0x080001b7   Thumb Code     0  startup_stm32f407xx.o(.text)
    TIM1_BRK_TIM9_IRQHandler                 0x080001b7   Thumb Code     0  startup_stm32f407xx.o(.text)
    TIM1_CC_IRQHandler                       0x080001b7   Thumb Code     0  startup_stm32f407xx.o(.text)
    TIM1_TRG_COM_TIM11_IRQHandler            0x080001b7   Thumb Code     0  startup_stm32f407xx.o(.text)
    TIM1_UP_TIM10_IRQHandler                 0x080001b7   Thumb Code     0  startup_stm32f407xx.o(.text)
    TIM2_IRQHandler                          0x080001b7   Thumb Code     0  startup_stm32f407xx.o(.text)
    TIM3_IRQHandler                          0x080001b7   Thumb Code     0  startup_stm32f407xx.o(.text)
    TIM4_IRQHandler                          0x080001b7   Thumb Code     0  startup_stm32f407xx.o(.text)
    TIM5_IRQHandler                          0x080001b7   Thumb Code     0  startup_stm32f407xx.o(.text)
    TIM6_DAC_IRQHandler                      0x080001b7   Thumb Code     0  startup_stm32f407xx.o(.text)
    TIM7_IRQHandler                          0x080001b7   Thumb Code     0  startup_stm32f407xx.o(.text)
    TIM8_BRK_TIM12_IRQHandler                0x080001b7   Thumb Code     0  startup_stm32f407xx.o(.text)
    TIM8_CC_IRQHandler                       0x080001b7   Thumb Code     0  startup_stm32f407xx.o(.text)
    TIM8_TRG_COM_TIM14_IRQHandler            0x080001b7   Thumb Code     0  startup_stm32f407xx.o(.text)
    TIM8_UP_TIM13_IRQHandler                 0x080001b7   Thumb Code     0  startup_stm32f407xx.o(.text)
    UART4_IRQHandler                         0x080001b7   Thumb Code     0  startup_stm32f407xx.o(.text)
    UART5_IRQHandler                         0x080001b7   Thumb Code     0  startup_stm32f407xx.o(.text)
    USART1_IRQHandler                        0x080001b7   Thumb Code     0  startup_stm32f407xx.o(.text)
    USART2_IRQHandler                        0x080001b7   Thumb Code     0  startup_stm32f407xx.o(.text)
    USART3_IRQHandler                        0x080001b7   Thumb Code     0  startup_stm32f407xx.o(.text)
    USART6_IRQHandler                        0x080001b7   Thumb Code     0  startup_stm32f407xx.o(.text)
    WWDG_IRQHandler                          0x080001b7   Thumb Code     0  startup_stm32f407xx.o(.text)
    arm_cmplx_mag_f32                        0x080001c1   Thumb Code   296  arm_cmplx_mag_f32.o(.text)
    arm_radix4_butterfly_f32                 0x080002e9   Thumb Code  1362  arm_cfft_radix4_f32.o(.text)
    arm_radix4_butterfly_inverse_f32         0x0800083b   Thumb Code  1444  arm_cfft_radix4_f32.o(.text)
    arm_cfft_radix4_f32                      0x08000ddf   Thumb Code    62  arm_cfft_radix4_f32.o(.text)
    arm_cfft_radix4_init_f32                 0x08000e1d   Thumb Code   142  arm_cfft_radix4_init_f32.o(.text)
    arm_max_f32                              0x08000ec5   Thumb Code   206  arm_max_f32.o(.text)
    arm_bitreversal_f32                      0x08000f93   Thumb Code   174  arm_bitreversal.o(.text)
    arm_bitreversal_q31                      0x08001041   Thumb Code   170  arm_bitreversal.o(.text)
    arm_bitreversal_q15                      0x080010eb   Thumb Code   122  arm_bitreversal.o(.text)
    __aeabi_memcpy                           0x08001165   Thumb Code    36  memcpya.o(.text)
    __aeabi_memcpy4                          0x08001165   Thumb Code     0  memcpya.o(.text)
    __aeabi_memcpy8                          0x08001165   Thumb Code     0  memcpya.o(.text)
    __aeabi_fadd                             0x08001189   Thumb Code   164  fadd.o(.text)
    __aeabi_fsub                             0x0800122d   Thumb Code     6  fadd.o(.text)
    __aeabi_frsub                            0x08001233   Thumb Code     6  fadd.o(.text)
    __aeabi_fmul                             0x08001239   Thumb Code   100  fmul.o(.text)
    __aeabi_dadd                             0x0800129d   Thumb Code   322  dadd.o(.text)
    __aeabi_dsub                             0x080013df   Thumb Code     6  dadd.o(.text)
    __aeabi_drsub                            0x080013e5   Thumb Code     6  dadd.o(.text)
    __aeabi_dmul                             0x080013eb   Thumb Code   228  dmul.o(.text)
    __aeabi_ddiv                             0x080014cf   Thumb Code   222  ddiv.o(.text)
    __aeabi_f2d                              0x080015ad   Thumb Code    38  f2d.o(.text)
    __aeabi_cfcmpeq                          0x080015d5   Thumb Code     0  cfcmple.o(.text)
    __aeabi_cfcmple                          0x080015d5   Thumb Code    20  cfcmple.o(.text)
    __aeabi_uidiv                            0x080015e9   Thumb Code     0  uidiv.o(.text)
    __aeabi_uidivmod                         0x080015e9   Thumb Code    44  uidiv.o(.text)
    __aeabi_uldivmod                         0x08001615   Thumb Code    98  uldiv.o(.text)
    __aeabi_llsl                             0x08001677   Thumb Code    30  llshl.o(.text)
    _ll_shift_l                              0x08001677   Thumb Code     0  llshl.o(.text)
    __aeabi_llsr                             0x08001695   Thumb Code    32  llushr.o(.text)
    _ll_ushift_r                             0x08001695   Thumb Code     0  llushr.o(.text)
    __aeabi_lasr                             0x080016b5   Thumb Code    36  llsshr.o(.text)
    _ll_sshift_r                             0x080016b5   Thumb Code     0  llsshr.o(.text)
    __I$use$fp                               0x080016d9   Thumb Code     0  iusefp.o(.text)
    _float_round                             0x080016d9   Thumb Code    18  fepilogue.o(.text)
    _float_epilogue                          0x080016eb   Thumb Code    92  fepilogue.o(.text)
    _double_round                            0x08001747   Thumb Code    30  depilogue.o(.text)
    _double_epilogue                         0x08001765   Thumb Code   156  depilogue.o(.text)
    __aeabi_d2ulz                            0x08001801   Thumb Code    48  dfixul.o(.text)
    __aeabi_cdrcmple                         0x08001831   Thumb Code    48  cdrcmple.o(.text)
    __scatterload                            0x08001861   Thumb Code    28  init.o(.text)
    __scatterload_rt2                        0x08001861   Thumb Code     0  init.o(.text)
    __decompress                             0x08001885   Thumb Code     0  __dczerorl2.o(.text)
    __decompress1                            0x08001885   Thumb Code    86  __dczerorl2.o(.text)
    BSP_AUDIO_IN_Error_Callback              0x080018db   Thumb Code     2  stm32f4_discovery_audio.o(i.BSP_AUDIO_IN_Error_Callback)
    BSP_AUDIO_IN_TransferComplete_CallBack   0x080018dd   Thumb Code     2  stm32f4_discovery_audio.o(i.BSP_AUDIO_IN_TransferComplete_CallBack)
    BSP_AUDIO_OUT_Error_CallBack             0x080018df   Thumb Code     2  stm32f4_discovery_audio.o(i.BSP_AUDIO_OUT_Error_CallBack)
    BSP_AUDIO_OUT_TransferComplete_CallBack  0x080018e1   Thumb Code     2  stm32f4_discovery_audio.o(i.BSP_AUDIO_OUT_TransferComplete_CallBack)
    HAL_Delay                                0x080018e3   Thumb Code    28  stm32f4xx_hal.o(i.HAL_Delay)
    HAL_GPIO_Init                            0x08001901   Thumb Code   388  stm32f4xx_hal_gpio.o(i.HAL_GPIO_Init)
    HAL_GPIO_TogglePin                       0x08001ab1   Thumb Code     8  stm32f4xx_hal_gpio.o(i.HAL_GPIO_TogglePin)
    HAL_GPIO_WritePin                        0x08001ab9   Thumb Code    10  stm32f4xx_hal_gpio.o(i.HAL_GPIO_WritePin)
    HAL_GetTick                              0x08001ac5   Thumb Code     6  stm32f4xx_hal.o(i.HAL_GetTick)
    HAL_I2C_Init                             0x08001ad1   Thumb Code   254  stm32f4xx_hal_i2c.o(i.HAL_I2C_Init)
    HAL_I2C_MspInit                          0x08001bd9   Thumb Code    64  stm32f4xx_hal_msp.o(i.HAL_I2C_MspInit)
    HAL_I2SEx_FullDuplex_IRQHandler          0x08001c25   Thumb Code   476  stm32f4xx_hal_i2s_ex.o(i.HAL_I2SEx_FullDuplex_IRQHandler)
    HAL_I2SEx_TxRxCpltCallback               0x08001e09   Thumb Code     2  stm32f4xx_hal_i2s_ex.o(i.HAL_I2SEx_TxRxCpltCallback)
    HAL_I2S_ErrorCallback                    0x08001e0d   Thumb Code    30  stm32f4_discovery_audio.o(i.HAL_I2S_ErrorCallback)
    HAL_I2S_Init                             0x08001e35   Thumb Code   366  stm32f4xx_hal_i2s.o(i.HAL_I2S_Init)
    HAL_I2S_MspInit                          0x08001fb5   Thumb Code   106  stm32f4xx_hal_msp.o(i.HAL_I2S_MspInit)
    HAL_I2S_RxCpltCallback                   0x08002031   Thumb Code     8  stm32f4_discovery_audio.o(i.HAL_I2S_RxCpltCallback)
    HAL_I2S_TxCpltCallback                   0x08002039   Thumb Code    16  stm32f4_discovery_audio.o(i.HAL_I2S_TxCpltCallback)
    HAL_IncTick                              0x0800204d   Thumb Code    10  stm32f4xx_hal.o(i.HAL_IncTick)
    HAL_Init                                 0x0800205d   Thumb Code    48  stm32f4xx_hal.o(i.HAL_Init)
    HAL_InitTick                             0x08002091   Thumb Code    34  stm32f4xx_hal.o(i.HAL_InitTick)
    HAL_MspInit                              0x080020b9   Thumb Code    88  stm32f4xx_hal_msp.o(i.HAL_MspInit)
    HAL_NVIC_SetPriority                     0x08002111   Thumb Code    60  stm32f4xx_hal_cortex.o(i.HAL_NVIC_SetPriority)
    HAL_NVIC_SetPriorityGrouping             0x08002151   Thumb Code    26  stm32f4xx_hal_cortex.o(i.HAL_NVIC_SetPriorityGrouping)
    HAL_RCCEx_GetPeriphCLKFreq               0x08002175   Thumb Code    76  stm32f4xx_hal_rcc_ex.o(i.HAL_RCCEx_GetPeriphCLKFreq)
    HAL_RCCEx_PeriphCLKConfig                0x080021d1   Thumb Code   320  stm32f4xx_hal_rcc_ex.o(i.HAL_RCCEx_PeriphCLKConfig)
    HAL_RCC_ClockConfig                      0x08002325   Thumb Code   364  stm32f4xx_hal_rcc.o(i.HAL_RCC_ClockConfig)
    HAL_RCC_GetHCLKFreq                      0x080024a1   Thumb Code     6  stm32f4xx_hal_rcc.o(i.HAL_RCC_GetHCLKFreq)
    HAL_RCC_GetPCLK1Freq                     0x080024ad   Thumb Code    34  stm32f4xx_hal_rcc.o(i.HAL_RCC_GetPCLK1Freq)
    HAL_RCC_GetPCLK2Freq                     0x080024dd   Thumb Code    34  stm32f4xx_hal_rcc.o(i.HAL_RCC_GetPCLK2Freq)
    HAL_RCC_GetSysClockFreq                  0x0800250d   Thumb Code   104  stm32f4xx_hal_rcc.o(i.HAL_RCC_GetSysClockFreq)
    HAL_RCC_OscConfig                        0x0800257d   Thumb Code   770  stm32f4xx_hal_rcc.o(i.HAL_RCC_OscConfig)
    HAL_RNG_Init                             0x08002891   Thumb Code    62  stm32f4xx_hal_rng.o(i.HAL_RNG_Init)
    HAL_RNG_MspInit                          0x080028d1   Thumb Code    30  stm32f4xx_hal_msp.o(i.HAL_RNG_MspInit)
    HAL_SYSTICK_CLKSourceConfig              0x080028f9   Thumb Code    24  stm32f4xx_hal_cortex.o(i.HAL_SYSTICK_CLKSourceConfig)
    HAL_SYSTICK_Callback                     0x08002911   Thumb Code     2  stm32f4xx_hal_cortex.o(i.HAL_SYSTICK_Callback)
    HAL_SYSTICK_Config                       0x08002913   Thumb Code    40  stm32f4xx_hal_cortex.o(i.HAL_SYSTICK_Config)
    HAL_SYSTICK_IRQHandler                   0x0800293b   Thumb Code     8  stm32f4xx_hal_cortex.o(i.HAL_SYSTICK_IRQHandler)
    HAL_UART_Init                            0x08002943   Thumb Code    98  stm32f4xx_hal_uart.o(i.HAL_UART_Init)
    HAL_UART_MspInit                         0x080029a5   Thumb Code    62  stm32f4xx_hal_msp.o(i.HAL_UART_MspInit)
    HAL_UART_Transmit                        0x080029f1   Thumb Code   186  stm32f4xx_hal_uart.o(i.HAL_UART_Transmit)
    SysTick_Handler                          0x08002f4d   Thumb Code    14  stm32f4xx_it.o(i.SysTick_Handler)
    SystemClock_Config                       0x08002f5d   Thumb Code   182  main.o(i.SystemClock_Config)
    SystemInit                               0x0800302d   Thumb Code    66  system_stm32f4xx.o(i.SystemInit)
    _Error_Handler                           0x08003391   Thumb Code    26  main.o(i._Error_Handler)
    __0printf                                0x080033b1   Thumb Code    22  printfa.o(i.__0printf)
    __1printf                                0x080033b1   Thumb Code     0  printfa.o(i.__0printf)
    __2printf                                0x080033b1   Thumb Code     0  printfa.o(i.__0printf)
    __c89printf                              0x080033b1   Thumb Code     0  printfa.o(i.__0printf)
    printf                                   0x080033b1   Thumb Code     0  printfa.o(i.__0printf)
    __scatterload_copy                       0x080033d1   Thumb Code    14  handlers.o(i.__scatterload_copy)
    __scatterload_null                       0x080033df   Thumb Code     2  handlers.o(i.__scatterload_null)
    __scatterload_zeroinit                   0x080033e1   Thumb Code    14  handlers.o(i.__scatterload_zeroinit)
    __set_errno                              0x080033f1   Thumb Code     6  errno.o(i.__set_errno)
    fft_calc                                 0x08003cb1   Thumb Code   140  main.o(i.fft_calc)
    fputc                                    0x08003d51   Thumb Code    20  main.o(i.fputc)
    main                                     0x08003d69   Thumb Code    78  main.o(i.main)
    sqrtf                                    0x08003dd5   Thumb Code    62  sqrtf.o(i.sqrtf)
    AHBPrescTable                            0x08003e12   Data          16  system_stm32f4xx.o(.constdata)
    APBPrescTable                            0x08003e22   Data           8  system_stm32f4xx.o(.constdata)
    armBitRevTable                           0x08003e2a   Data        2048  arm_common_tables.o(.constdata)
    twiddleCoef_4096                         0x0800462c   Data       32768  arm_common_tables.o(.constdata)
    Region$$Table$$Base                      0x0800c62c   Number         0  anon$$obj.o(Region$$Table)
    Region$$Table$$Limit                     0x0800c64c   Number         0  anon$$obj.o(Region$$Table)
    SystemCoreClock                          0x20000000   Data           4  system_stm32f4xx.o(.data)
    uwTick                                   0x20000004   Data           4  stm32f4xx_hal.o(.data)
    testIndex                                0x20000008   Data           4  main.o(.data)
    max_freq                                 0x2000000c   Data           4  main.o(.data)
    MaxValue                                 0x20000010   Data           4  main.o(.data)
    counter                                  0x20000018   Data           8  main.o(.data)
    wave_Input                               0x20000020   Data        8192  main.o(.data)
    __stdout                                 0x20002020   Data           4  stdout.o(.data)
    hi2c1                                    0x20002028   Data          84  main.o(.bss)
    hi2s3                                    0x2000207c   Data          72  main.o(.bss)
    hrng                                     0x200020c4   Data          12  main.o(.bss)
    huart2                                   0x200020d0   Data          64  main.o(.bss)
    wave_buffer                              0x20002110   Data        8192  main.o(.bss)
    fft_Output                               0x20004110   Data        4096  main.o(.bss)
    __initial_sp                             0x20005510   Data           0  startup_stm32f407xx.o(STACK)



==============================================================================

Memory Map of the image

  Image Entry point : 0x08000189

  Load Region LR_IROM1 (Base: 0x08000000, Size: 0x0000e674, Max: 0x00100000, ABSOLUTE, COMPRESSED[0x0000da28])

    Execution Region ER_IROM1 (Base: 0x08000000, Size: 0x0000c64c, Max: 0x00100000, ABSOLUTE)

    Base Addr    Size         Type   Attr      Idx    E Section Name        Object

    0x08000000   0x00000188   Data   RO            3    RESET               startup_stm32f407xx.o
    0x08000188   0x00000000   Code   RO         3790  * .ARM.Collect$$$$00000000  mc_w.l(entry.o)
    0x08000188   0x00000004   Code   RO         4114    .ARM.Collect$$$$00000001  mc_w.l(entry2.o)
    0x0800018c   0x00000004   Code   RO         4117    .ARM.Collect$$$$00000004  mc_w.l(entry5.o)
    0x08000190   0x00000000   Code   RO         4119    .ARM.Collect$$$$00000008  mc_w.l(entry7b.o)
    0x08000190   0x00000000   Code   RO         4121    .ARM.Collect$$$$0000000A  mc_w.l(entry8b.o)
    0x08000190   0x00000008   Code   RO         4122    .ARM.Collect$$$$0000000B  mc_w.l(entry9a.o)
    0x08000198   0x00000000   Code   RO         4124    .ARM.Collect$$$$0000000D  mc_w.l(entry10a.o)
    0x08000198   0x00000000   Code   RO         4126    .ARM.Collect$$$$0000000F  mc_w.l(entry11a.o)
    0x08000198   0x00000004   Code   RO         4115    .ARM.Collect$$$$00002712  mc_w.l(entry2.o)
    0x0800019c   0x00000024   Code   RO            4    .text               startup_stm32f407xx.o
    0x080001c0   0x00000128   Code   RO         3526    .text               arm_cortexM4l_math.lib(arm_cmplx_mag_f32.o)
    0x080002e8   0x00000b34   Code   RO         3572    .text               arm_cortexM4l_math.lib(arm_cfft_radix4_f32.o)
    0x08000e1c   0x000000a8   Code   RO         3599    .text               arm_cortexM4l_math.lib(arm_cfft_radix4_init_f32.o)
    0x08000ec4   0x000000ce   Code   RO         3627    .text               arm_cortexM4l_math.lib(arm_max_f32.o)
    0x08000f92   0x000001d2   Code   RO         3651    .text               arm_cortexM4l_math.lib(arm_bitreversal.o)
    0x08001164   0x00000024   Code   RO         3793    .text               mc_w.l(memcpya.o)
    0x08001188   0x000000b0   Code   RO         4058    .text               mf_w.l(fadd.o)
    0x08001238   0x00000064   Code   RO         4060    .text               mf_w.l(fmul.o)
    0x0800129c   0x0000014e   Code   RO         4064    .text               mf_w.l(dadd.o)
    0x080013ea   0x000000e4   Code   RO         4066    .text               mf_w.l(dmul.o)
    0x080014ce   0x000000de   Code   RO         4068    .text               mf_w.l(ddiv.o)
    0x080015ac   0x00000026   Code   RO         4078    .text               mf_w.l(f2d.o)
    0x080015d2   0x00000002   PAD
    0x080015d4   0x00000014   Code   RO         4082    .text               mf_w.l(cfcmple.o)
    0x080015e8   0x0000002c   Code   RO         4129    .text               mc_w.l(uidiv.o)
    0x08001614   0x00000062   Code   RO         4131    .text               mc_w.l(uldiv.o)
    0x08001676   0x0000001e   Code   RO         4133    .text               mc_w.l(llshl.o)
    0x08001694   0x00000020   Code   RO         4135    .text               mc_w.l(llushr.o)
    0x080016b4   0x00000024   Code   RO         4137    .text               mc_w.l(llsshr.o)
    0x080016d8   0x00000000   Code   RO         4146    .text               mc_w.l(iusefp.o)
    0x080016d8   0x0000006e   Code   RO         4147    .text               mf_w.l(fepilogue.o)
    0x08001746   0x000000ba   Code   RO         4149    .text               mf_w.l(depilogue.o)
    0x08001800   0x00000030   Code   RO         4155    .text               mf_w.l(dfixul.o)
    0x08001830   0x00000030   Code   RO         4159    .text               mf_w.l(cdrcmple.o)
    0x08001860   0x00000024   Code   RO         4171    .text               mc_w.l(init.o)
    0x08001884   0x00000056   Code   RO         4185    .text               mc_w.l(__dczerorl2.o)
    0x080018da   0x00000002   Code   RO          552    i.BSP_AUDIO_IN_Error_Callback  stm32f4_discovery_audio.o
    0x080018dc   0x00000002   Code   RO          561    i.BSP_AUDIO_IN_TransferComplete_CallBack  stm32f4_discovery_audio.o
    0x080018de   0x00000002   Code   RO          563    i.BSP_AUDIO_OUT_Error_CallBack  stm32f4_discovery_audio.o
    0x080018e0   0x00000002   Code   RO          574    i.BSP_AUDIO_OUT_TransferComplete_CallBack  stm32f4_discovery_audio.o
    0x080018e2   0x0000001c   Code   RO         2615    i.HAL_Delay         stm32f4xx_hal.o
    0x080018fe   0x00000002   PAD
    0x08001900   0x000001b0   Code   RO         1256    i.HAL_GPIO_Init     stm32f4xx_hal_gpio.o
    0x08001ab0   0x00000008   Code   RO         1259    i.HAL_GPIO_TogglePin  stm32f4xx_hal_gpio.o
    0x08001ab8   0x0000000a   Code   RO         1260    i.HAL_GPIO_WritePin  stm32f4xx_hal_gpio.o
    0x08001ac2   0x00000002   PAD
    0x08001ac4   0x0000000c   Code   RO         2621    i.HAL_GetTick       stm32f4xx_hal.o
    0x08001ad0   0x00000108   Code   RO         1509    i.HAL_I2C_Init      stm32f4xx_hal_i2c.o
    0x08001bd8   0x0000004c   Code   RO         3321    i.HAL_I2C_MspInit   stm32f4xx_hal_msp.o
    0x08001c24   0x000001e4   Code   RO         1018    i.HAL_I2SEx_FullDuplex_IRQHandler  stm32f4xx_hal_i2s_ex.o
    0x08001e08   0x00000002   Code   RO         1022    i.HAL_I2SEx_TxRxCpltCallback  stm32f4xx_hal_i2s_ex.o
    0x08001e0a   0x00000002   PAD
    0x08001e0c   0x00000028   Code   RO          575    i.HAL_I2S_ErrorCallback  stm32f4_discovery_audio.o
    0x08001e34   0x00000180   Code   RO         2039    i.HAL_I2S_Init      stm32f4xx_hal_i2s.o
    0x08001fb4   0x0000007c   Code   RO         3323    i.HAL_I2S_MspInit   stm32f4xx_hal_msp.o
    0x08002030   0x00000008   Code   RO          576    i.HAL_I2S_RxCpltCallback  stm32f4_discovery_audio.o
    0x08002038   0x00000014   Code   RO          578    i.HAL_I2S_TxCpltCallback  stm32f4_discovery_audio.o
    0x0800204c   0x00000010   Code   RO         2623    i.HAL_IncTick       stm32f4xx_hal.o
    0x0800205c   0x00000034   Code   RO         2624    i.HAL_Init          stm32f4xx_hal.o
    0x08002090   0x00000028   Code   RO         2625    i.HAL_InitTick      stm32f4xx_hal.o
    0x080020b8   0x00000058   Code   RO         3324    i.HAL_MspInit       stm32f4xx_hal_msp.o
    0x08002110   0x00000040   Code   RO         1907    i.HAL_NVIC_SetPriority  stm32f4xx_hal_cortex.o
    0x08002150   0x00000024   Code   RO         1908    i.HAL_NVIC_SetPriorityGrouping  stm32f4xx_hal_cortex.o
    0x08002174   0x0000005c   Code   RO          977    i.HAL_RCCEx_GetPeriphCLKFreq  stm32f4xx_hal_rcc_ex.o
    0x080021d0   0x00000154   Code   RO          978    i.HAL_RCCEx_PeriphCLKConfig  stm32f4xx_hal_rcc_ex.o
    0x08002324   0x0000017c   Code   RO         1152    i.HAL_RCC_ClockConfig  stm32f4xx_hal_rcc.o
    0x080024a0   0x0000000c   Code   RO         1157    i.HAL_RCC_GetHCLKFreq  stm32f4xx_hal_rcc.o
    0x080024ac   0x00000030   Code   RO         1159    i.HAL_RCC_GetPCLK1Freq  stm32f4xx_hal_rcc.o
    0x080024dc   0x00000030   Code   RO         1160    i.HAL_RCC_GetPCLK2Freq  stm32f4xx_hal_rcc.o
    0x0800250c   0x00000070   Code   RO         1161    i.HAL_RCC_GetSysClockFreq  stm32f4xx_hal_rcc.o
    0x0800257c   0x00000314   Code   RO         1164    i.HAL_RCC_OscConfig  stm32f4xx_hal_rcc.o
    0x08002890   0x0000003e   Code   RO          888    i.HAL_RNG_Init      stm32f4xx_hal_rng.o
    0x080028ce   0x00000002   PAD
    0x080028d0   0x00000028   Code   RO         3326    i.HAL_RNG_MspInit   stm32f4xx_hal_msp.o
    0x080028f8   0x00000018   Code   RO         1910    i.HAL_SYSTICK_CLKSourceConfig  stm32f4xx_hal_cortex.o
    0x08002910   0x00000002   Code   RO         1911    i.HAL_SYSTICK_Callback  stm32f4xx_hal_cortex.o
    0x08002912   0x00000028   Code   RO         1912    i.HAL_SYSTICK_Config  stm32f4xx_hal_cortex.o
    0x0800293a   0x00000008   Code   RO         1913    i.HAL_SYSTICK_IRQHandler  stm32f4xx_hal_cortex.o
    0x08002942   0x00000062   Code   RO         2235    i.HAL_UART_Init     stm32f4xx_hal_uart.o
    0x080029a4   0x0000004c   Code   RO         3328    i.HAL_UART_MspInit  stm32f4xx_hal_msp.o
    0x080029f0   0x000000ba   Code   RO         2243    i.HAL_UART_Transmit  stm32f4xx_hal_uart.o
    0x08002aaa   0x00000002   PAD
    0x08002aac   0x00000088   Code   RO         1023    i.I2SEx_FullDuplexRx_IT  stm32f4xx_hal_i2s_ex.o
    0x08002b34   0x00000084   Code   RO         1024    i.I2SEx_FullDuplexTx_IT  stm32f4xx_hal_i2s_ex.o
    0x08002bb8   0x000000f0   Code   RO         2057    i.I2S_IRQHandler    stm32f4xx_hal_i2s.o
    0x08002ca8   0x000001bc   Code   RO         3420    i.MX_GPIO_Init      main.o
    0x08002e64   0x00000044   Code   RO         3421    i.MX_I2C1_Init      main.o
    0x08002ea8   0x00000044   Code   RO         3422    i.MX_I2S3_Init      main.o
    0x08002eec   0x00000040   Code   RO         3423    i.MX_USART2_UART_Init  main.o
    0x08002f2c   0x00000020   Code   RO         1914    i.NVIC_SetPriority  stm32f4xx_hal_cortex.o
    0x08002f4c   0x0000000e   Code   RO         3392    i.SysTick_Handler   stm32f4xx_it.o
    0x08002f5a   0x00000002   PAD
    0x08002f5c   0x000000d0   Code   RO         3424    i.SystemClock_Config  main.o
    0x0800302c   0x00000054   Code   RO          825    i.SystemInit        system_stm32f4xx.o
    0x08003080   0x000002ac   Code   RO         2261    i.UART_SetConfig    stm32f4xx_hal_uart.o
    0x0800332c   0x00000064   Code   RO         2263    i.UART_WaitOnFlagUntilTimeout  stm32f4xx_hal_uart.o
    0x08003390   0x00000020   Code   RO         3425    i._Error_Handler    main.o
    0x080033b0   0x00000020   Code   RO         4030    i.__0printf         mc_w.l(printfa.o)
    0x080033d0   0x0000000e   Code   RO         4179    i.__scatterload_copy  mc_w.l(handlers.o)
    0x080033de   0x00000002   Code   RO         4180    i.__scatterload_null  mc_w.l(handlers.o)
    0x080033e0   0x0000000e   Code   RO         4181    i.__scatterload_zeroinit  mc_w.l(handlers.o)
    0x080033ee   0x00000002   PAD
    0x080033f0   0x0000000c   Code   RO         4141    i.__set_errno       mc_w.l(errno.o)
    0x080033fc   0x00000184   Code   RO         4037    i._fp_digits        mc_w.l(printfa.o)
    0x08003580   0x000006dc   Code   RO         4038    i._printf_core      mc_w.l(printfa.o)
    0x08003c5c   0x00000024   Code   RO         4039    i._printf_post_padding  mc_w.l(printfa.o)
    0x08003c80   0x0000002e   Code   RO         4040    i._printf_pre_padding  mc_w.l(printfa.o)
    0x08003cae   0x00000002   PAD
    0x08003cb0   0x000000a0   Code   RO         3426    i.fft_calc          main.o
    0x08003d50   0x00000018   Code   RO         3427    i.fputc             main.o
    0x08003d68   0x0000006c   Code   RO         3428    i.main              main.o
    0x08003dd4   0x0000003e   Code   RO         3780    i.sqrtf             m_wm.l(sqrtf.o)
    0x08003e12   0x00000010   Data   RO          826    .constdata          system_stm32f4xx.o
    0x08003e22   0x00000008   Data   RO          827    .constdata          system_stm32f4xx.o
    0x08003e2a   0x00000800   Data   RO         3675    .constdata          arm_cortexM4l_math.lib(arm_common_tables.o)
    0x0800462a   0x00000002   PAD
    0x0800462c   0x00008000   Data   RO         3684    .constdata          arm_cortexM4l_math.lib(arm_common_tables.o)
    0x0800c62c   0x00000020   Data   RO         4177    Region$$Table       anon$$obj.o


    Execution Region RW_IRAM1 (Base: 0x20000000, Size: 0x00005510, Max: 0x00020000, ABSOLUTE, COMPRESSED[0x000013dc])

    Base Addr    Size         Type   Attr      Idx    E Section Name        Object

    0x20000000   0x00000004   Data   RW          828    .data               system_stm32f4xx.o
    0x20000004   0x00000004   Data   RW         2630    .data               stm32f4xx_hal.o
    0x20000008   0x00002018   Data   RW         3432    .data               main.o
    0x20002020   0x00000004   Data   RW         4128    .data               mc_w.l(stdout.o)
    0x20002024   0x00000004   Data   RW         4142    .data               mc_w.l(errno.o)
    0x20002028   0x000030e8   Zero   RW         3429    .bss                main.o
    0x20005110   0x00000400   Zero   RW            1    STACK               startup_stm32f407xx.o


==============================================================================

Image component sizes


      Code (inc. data)   RO Data    RW Data    ZI Data      Debug   Object Name

         0          0          0          0          0       4508   lis3dsh.o
      1176        160          0       8216      12520       8499   main.o
        36          8        392          0       1024        840   startup_stm32f407xx.o
         0          0          0          0          0     672152   stm32f4_discovery.o
        76         14          0          0          0       4730   stm32f4_discovery_audio.o
       148         22          0          4          0       4463   stm32f4xx_hal.o
       206         14          0          0          0      31520   stm32f4xx_hal_cortex.o
       450         44          0          0          0       3061   stm32f4xx_hal_gpio.o
       264         10          0          0          0       2995   stm32f4xx_hal_i2c.o
       624         18          0          0          0       2571   stm32f4xx_hal_i2s.o
       754         26          0          0          0       3639   stm32f4xx_hal_i2s_ex.o
       404         54          0          0          0       3483   stm32f4xx_hal_msp.o
      1388         76          0          0          0       5704   stm32f4xx_hal_rcc.o
       432         36          0          0          0       2289   stm32f4xx_hal_rcc_ex.o
        62          0          0          0          0       1115   stm32f4xx_hal_rng.o
      1068          8          0          0          0       4156   stm32f4xx_hal_uart.o
        14          0          0          0          0        502   stm32f4xx_it.o
        84         18         24          4          0       1171   system_stm32f4xx.o

    ----------------------------------------------------------------------
      7198        508        448       8224      13544     757398   Object Totals
         0          0         32          0          0          0   (incl. Generated)
        12          0          0          0          0          0   (incl. Padding)

    ----------------------------------------------------------------------

      Code (inc. data)   RO Data    RW Data    ZI Data      Debug   Library Member Name

       466          0          0          0          0       2874   arm_bitreversal.o
      2868          0          0          0          0      18104   arm_cfft_radix4_f32.o
       168         26          0          0          0        891   arm_cfft_radix4_init_f32.o
       296          0          0          0          0      17716   arm_cmplx_mag_f32.o
         0          0      34816          0          0       4704   arm_common_tables.o
       206          0          0          0          0       1758   arm_max_f32.o
        62          0          0          0          0        136   sqrtf.o
        86          0          0          0          0          0   __dczerorl2.o
         0          0          0          0          0          0   entry.o
         0          0          0          0          0          0   entry10a.o
         0          0          0          0          0          0   entry11a.o
         8          4          0          0          0          0   entry2.o
         4          0          0          0          0          0   entry5.o
         0          0          0          0          0          0   entry7b.o
         0          0          0          0          0          0   entry8b.o
         8          4          0          0          0          0   entry9a.o
        12          6          0          4          0         68   errno.o
        30          0          0          0          0          0   handlers.o
        36          8          0          0          0         68   init.o
         0          0          0          0          0          0   iusefp.o
        30          0          0          0          0         68   llshl.o
        36          0          0          0          0         68   llsshr.o
        32          0          0          0          0         68   llushr.o
        36          0          0          0          0         68   memcpya.o
      2258         90          0          0          0        452   printfa.o
         0          0          0          4          0          0   stdout.o
        44          0          0          0          0         80   uidiv.o
        98          0          0          0          0         92   uldiv.o
        48          0          0          0          0         68   cdrcmple.o
        20          0          0          0          0         68   cfcmple.o
       334          0          0          0          0        148   dadd.o
       222          0          0          0          0        100   ddiv.o
       186          0          0          0          0        176   depilogue.o
        48          0          0          0          0         68   dfixul.o
       228          0          0          0          0         96   dmul.o
        38          0          0          0          0         68   f2d.o
       176          0          0          0          0        140   fadd.o
       110          0          0          0          0        168   fepilogue.o
       100          0          0          0          0         76   fmul.o

    ----------------------------------------------------------------------
      8300        138      34818          8          0      48391   Library Totals
         6          0          2          0          0          0   (incl. Padding)

    ----------------------------------------------------------------------

      Code (inc. data)   RO Data    RW Data    ZI Data      Debug   Library Name

      4004         26      34816          0          0      46047   arm_cortexM4l_math.lib
        62          0          0          0          0        136   m_wm.l
      2718        112          0          8          0       1032   mc_w.l
      1510          0          0          0          0       1176   mf_w.l

    ----------------------------------------------------------------------
      8300        138      34818          8          0      48391   Library Totals

    ----------------------------------------------------------------------

==============================================================================


      Code (inc. data)   RO Data    RW Data    ZI Data      Debug   

     15498        646      35266       8232      13544     799521   Grand Totals
     15498        646      35266       5084      13544     799521   ELF Image Totals (compressed)
     15498        646      35266       5084          0          0   ROM Totals

==============================================================================

    Total RO  Size (Code + RO Data)                50764 (  49.57kB)
    Total RW  Size (RW Data + ZI Data)             21776 (  21.27kB)
    Total ROM Size (Code + RO Data + RW Data)      55848 (  54.54kB)

==============================================================================

